2024-10-23 20:49:05,788 - INFO - Logger initialized. Log file: output\2024_10_23_13_02_38\test.log
2024-10-23 20:49:47,049 - INFO - Logger initialized. Log file: output\2024_10_23_13_02_38\test.log
2024-10-23 20:49:47,154 - INFO - Model loaded from output\2024_10_23_13_02_38\models\best_model_epoch_49.pth and set to evaluation mode.
2024-10-23 20:49:48,463 - INFO - Sample 1: True: [0. 1. 0. 0. 0. 0. 0.], Predicted: [0. 1. 0. 0. 0. 0. 0.]
2024-10-23 20:49:48,463 - INFO - Sample 2: True: [0. 1. 0. 0. 0. 0. 0.], Predicted: [0. 1. 0. 0. 0. 0. 0.]
2024-10-23 20:49:48,463 - INFO - Sample 3: True: [0. 0. 0. 0. 1. 0. 0.], Predicted: [0. 0. 0. 0. 1. 0. 0.]
2024-10-23 20:49:48,464 - INFO - Sample 4: True: [0. 1. 0. 0. 0. 0. 0.], Predicted: [0. 1. 0. 0. 0. 0. 0.]
2024-10-23 20:49:48,464 - INFO - Sample 5: True: [0. 1. 0. 0. 0. 0. 0.], Predicted: [0. 1. 0. 0. 0. 0. 0.]
2024-10-23 20:49:48,464 - INFO - Sample 6: True: [1. 0. 0. 0. 0. 0. 0.], Predicted: [1. 0. 0. 0. 0. 0. 0.]
2024-10-23 20:49:48,464 - INFO - Sample 7: True: [0. 1. 0. 0. 0. 0. 0.], Predicted: [0. 1. 0. 0. 0. 0. 0.]
2024-10-23 20:49:48,464 - INFO - Sample 8: True: [0. 0. 0. 0. 1. 0. 0.], Predicted: [0. 0. 0. 0. 1. 0. 0.]
2024-10-23 20:49:48,465 - INFO - Sample 9: True: [0. 1. 0. 0. 0. 0. 0.], Predicted: [0. 1. 0. 0. 0. 0. 0.]
2024-10-23 20:49:48,465 - INFO - Sample 10: True: [0. 1. 0. 0. 0. 0. 0.], Predicted: [0. 1. 0. 0. 0. 0. 0.]
2024-10-23 20:49:48,465 - INFO - Sample 11: True: [0. 1. 0. 0. 0. 0. 0.], Predicted: [0. 1. 0. 0. 0. 0. 0.]
2024-10-23 20:49:48,465 - INFO - Sample 12: True: [0. 0. 0. 0. 1. 0. 0.], Predicted: [0. 0. 0. 0. 1. 0. 0.]
2024-10-23 20:49:48,465 - INFO - Sample 13: True: [0. 0. 0. 1. 0. 0. 0.], Predicted: [0. 0. 0. 1. 0. 0. 0.]
2024-10-23 20:49:48,466 - INFO - Sample 14: True: [0. 1. 0. 0. 0. 0. 0.], Predicted: [0. 1. 0. 0. 0. 0. 0.]
2024-10-23 20:49:48,466 - INFO - Sample 15: True: [0. 0. 0. 1. 0. 0. 0.], Predicted: [0. 0. 0. 0. 0. 0. 0.]
2024-10-23 20:49:48,466 - INFO - Sample 16: True: [0. 0. 0. 0. 1. 0. 0.], Predicted: [0. 0. 0. 0. 1. 0. 0.]
2024-10-23 20:49:48,466 - INFO - Sample 17: True: [0. 1. 0. 0. 0. 0. 0.], Predicted: [0. 1. 0. 0. 0. 0. 0.]
2024-10-23 20:49:48,466 - INFO - Sample 18: True: [0. 1. 0. 0. 0. 0. 0.], Predicted: [0. 1. 0. 0. 0. 0. 0.]
2024-10-23 20:49:48,466 - INFO - Sample 19: True: [0. 0. 0. 0. 1. 0. 0.], Predicted: [0. 0. 0. 0. 1. 0. 0.]
2024-10-23 20:49:48,467 - INFO - Sample 20: True: [0. 1. 0. 0. 0. 0. 0.], Predicted: [0. 1. 0. 0. 0. 0. 0.]
2024-10-23 20:49:48,467 - INFO - Sample 21: True: [0. 1. 0. 0. 0. 0. 0.], Predicted: [0. 0. 0. 0. 0. 0. 0.]
2024-10-23 20:49:48,467 - INFO - Sample 22: True: [0. 0. 1. 0. 0. 0. 0.], Predicted: [0. 0. 1. 0. 0. 0. 0.]
2024-10-23 20:49:48,467 - INFO - Sample 23: True: [0. 0. 0. 0. 1. 0. 0.], Predicted: [0. 0. 0. 0. 1. 0. 0.]
2024-10-23 20:49:48,467 - INFO - Sample 24: True: [0. 0. 0. 0. 1. 0. 0.], Predicted: [0. 0. 0. 0. 1. 0. 0.]
2024-10-23 20:49:48,468 - INFO - Sample 25: True: [1. 0. 0. 0. 0. 0. 0.], Predicted: [0. 0. 0. 0. 1. 0. 0.]
2024-10-23 20:49:48,468 - INFO - Sample 26: True: [0. 0. 0. 0. 0. 0. 1.], Predicted: [0. 0. 0. 0. 0. 0. 1.]
2024-10-23 20:49:48,468 - INFO - Sample 27: True: [0. 1. 0. 0. 0. 0. 0.], Predicted: [0. 1. 0. 0. 0. 0. 0.]
2024-10-23 20:49:48,468 - INFO - Sample 28: True: [0. 1. 0. 0. 0. 0. 0.], Predicted: [0. 1. 0. 0. 0. 0. 0.]
2024-10-23 20:49:48,468 - INFO - Sample 29: True: [0. 1. 0. 0. 0. 0. 0.], Predicted: [0. 1. 0. 0. 0. 0. 0.]
2024-10-23 20:49:48,469 - INFO - Sample 30: True: [0. 0. 1. 0. 0. 0. 0.], Predicted: [0. 0. 1. 0. 0. 0. 0.]
2024-10-23 20:49:48,469 - INFO - Sample 31: True: [0. 0. 0. 0. 0. 0. 1.], Predicted: [0. 0. 0. 0. 0. 0. 1.]
2024-10-23 20:49:48,469 - INFO - Sample 32: True: [0. 1. 0. 0. 0. 0. 0.], Predicted: [0. 1. 0. 0. 0. 0. 0.]
2024-10-23 20:49:48,885 - INFO - Sample 33: True: [0. 1. 0. 0. 0. 0. 0.], Predicted: [0. 1. 0. 0. 0. 0. 0.]
2024-10-23 20:49:48,885 - INFO - Sample 34: True: [0. 1. 0. 0. 0. 0. 0.], Predicted: [0. 1. 0. 0. 0. 0. 0.]
2024-10-23 20:49:48,885 - INFO - Sample 35: True: [0. 1. 0. 0. 0. 0. 0.], Predicted: [0. 1. 0. 0. 0. 0. 0.]
2024-10-23 20:49:48,886 - INFO - Sample 36: True: [0. 1. 0. 0. 0. 0. 0.], Predicted: [0. 1. 0. 0. 0. 0. 0.]
2024-10-23 20:49:48,886 - INFO - Sample 37: True: [0. 0. 0. 0. 1. 0. 0.], Predicted: [0. 0. 0. 0. 1. 0. 0.]
2024-10-23 20:49:48,886 - INFO - Sample 38: True: [0. 1. 0. 0. 0. 0. 0.], Predicted: [0. 1. 0. 0. 0. 0. 0.]
2024-10-23 20:49:48,886 - INFO - Sample 39: True: [0. 1. 0. 0. 0. 0. 0.], Predicted: [0. 1. 0. 0. 0. 0. 0.]
2024-10-23 20:49:48,886 - INFO - Sample 40: True: [0. 1. 0. 0. 0. 0. 0.], Predicted: [0. 1. 0. 0. 0. 0. 0.]
2024-10-23 20:49:48,886 - INFO - Sample 41: True: [0. 0. 1. 0. 0. 0. 0.], Predicted: [0. 0. 0. 0. 0. 0. 0.]
2024-10-23 20:49:48,887 - INFO - Sample 42: True: [0. 1. 0. 0. 0. 0. 0.], Predicted: [0. 1. 0. 0. 0. 0. 0.]
2024-10-23 20:49:48,887 - INFO - Sample 43: True: [0. 1. 0. 0. 0. 0. 0.], Predicted: [0. 1. 0. 0. 0. 0. 0.]
2024-10-23 20:49:48,887 - INFO - Sample 44: True: [0. 1. 0. 0. 0. 0. 0.], Predicted: [0. 1. 0. 0. 0. 0. 0.]
2024-10-23 20:49:48,887 - INFO - Sample 45: True: [0. 1. 0. 0. 0. 0. 0.], Predicted: [0. 1. 0. 0. 0. 0. 0.]
2024-10-23 20:49:48,887 - INFO - Sample 46: True: [0. 0. 0. 0. 1. 0. 0.], Predicted: [0. 0. 0. 0. 1. 0. 0.]
2024-10-23 20:49:48,888 - INFO - Sample 47: True: [0. 0. 0. 0. 1. 0. 0.], Predicted: [0. 0. 0. 0. 1. 0. 0.]
2024-10-23 20:49:48,888 - INFO - Sample 48: True: [1. 0. 0. 0. 0. 0. 0.], Predicted: [1. 0. 0. 0. 0. 0. 0.]
2024-10-23 20:49:48,888 - INFO - Sample 49: True: [1. 0. 0. 0. 0. 0. 0.], Predicted: [1. 0. 0. 0. 0. 0. 0.]
2024-10-23 20:49:48,888 - INFO - Sample 50: True: [0. 0. 0. 0. 1. 0. 0.], Predicted: [0. 0. 0. 0. 1. 0. 0.]
2024-10-23 20:49:48,888 - INFO - Sample 51: True: [0. 0. 0. 0. 1. 0. 0.], Predicted: [0. 1. 0. 0. 0. 0. 0.]
2024-10-23 20:49:48,888 - INFO - Sample 52: True: [0. 1. 0. 0. 0. 0. 0.], Predicted: [0. 1. 0. 0. 0. 0. 0.]
2024-10-23 20:49:48,889 - INFO - Sample 53: True: [0. 1. 0. 0. 0. 0. 0.], Predicted: [0. 1. 0. 0. 0. 0. 0.]
2024-10-23 20:49:48,889 - INFO - Sample 54: True: [0. 0. 0. 0. 1. 0. 0.], Predicted: [0. 0. 0. 0. 1. 0. 0.]
2024-10-23 20:49:48,889 - INFO - Sample 55: True: [0. 0. 0. 1. 0. 0. 0.], Predicted: [0. 0. 0. 1. 0. 0. 0.]
2024-10-23 20:49:48,889 - INFO - Sample 56: True: [0. 1. 0. 0. 0. 0. 0.], Predicted: [0. 1. 0. 0. 0. 0. 0.]
2024-10-23 20:49:48,889 - INFO - Sample 57: True: [0. 1. 0. 0. 0. 0. 0.], Predicted: [0. 1. 0. 0. 0. 0. 0.]
2024-10-23 20:49:48,889 - INFO - Sample 58: True: [0. 1. 0. 0. 0. 0. 0.], Predicted: [0. 1. 0. 0. 0. 0. 0.]
2024-10-23 20:49:48,890 - INFO - Sample 59: True: [0. 1. 0. 0. 0. 0. 0.], Predicted: [0. 1. 0. 0. 0. 0. 0.]
2024-10-23 20:49:48,890 - INFO - Sample 60: True: [1. 0. 0. 0. 0. 0. 0.], Predicted: [0. 1. 0. 0. 0. 0. 0.]
2024-10-23 20:49:48,890 - INFO - Sample 61: True: [0. 0. 0. 1. 0. 0. 0.], Predicted: [0. 0. 0. 0. 0. 0. 0.]
2024-10-23 20:49:48,890 - INFO - Sample 62: True: [0. 1. 0. 0. 0. 0. 0.], Predicted: [0. 1. 0. 0. 0. 0. 0.]
2024-10-23 20:49:48,890 - INFO - Sample 63: True: [0. 1. 0. 0. 0. 0. 0.], Predicted: [0. 1. 0. 0. 0. 0. 0.]
2024-10-23 20:49:48,891 - INFO - Sample 64: True: [0. 0. 1. 0. 0. 0. 0.], Predicted: [0. 0. 0. 0. 0. 0. 0.]
2024-10-23 20:49:49,290 - INFO - Sample 65: True: [0. 1. 0. 0. 0. 0. 0.], Predicted: [0. 1. 0. 0. 0. 0. 0.]
2024-10-23 20:49:49,290 - INFO - Sample 66: True: [0. 1. 0. 0. 0. 0. 0.], Predicted: [0. 1. 0. 0. 0. 0. 0.]
2024-10-23 20:49:49,290 - INFO - Sample 67: True: [0. 0. 0. 0. 1. 0. 0.], Predicted: [0. 0. 0. 0. 1. 0. 0.]
2024-10-23 20:49:49,291 - INFO - Sample 68: True: [0. 1. 0. 0. 0. 0. 0.], Predicted: [0. 1. 0. 0. 0. 0. 0.]
2024-10-23 20:49:49,291 - INFO - Sample 69: True: [0. 1. 0. 0. 0. 0. 0.], Predicted: [0. 1. 0. 0. 0. 0. 0.]
2024-10-23 20:49:49,291 - INFO - Sample 70: True: [0. 1. 0. 0. 0. 0. 0.], Predicted: [0. 1. 0. 0. 0. 0. 0.]
2024-10-23 20:49:49,291 - INFO - Sample 71: True: [1. 0. 0. 0. 0. 0. 0.], Predicted: [1. 0. 0. 0. 0. 0. 0.]
2024-10-23 20:49:49,291 - INFO - Sample 72: True: [0. 0. 0. 0. 1. 0. 0.], Predicted: [0. 0. 0. 0. 1. 0. 0.]
2024-10-23 20:49:49,292 - INFO - Sample 73: True: [0. 0. 0. 0. 0. 1. 0.], Predicted: [0. 0. 0. 0. 0. 0. 0.]
2024-10-23 20:49:49,292 - INFO - Sample 74: True: [0. 0. 1. 0. 0. 0. 0.], Predicted: [0. 0. 0. 1. 0. 0. 0.]
2024-10-23 20:49:49,292 - INFO - Sample 75: True: [0. 1. 0. 0. 0. 0. 0.], Predicted: [0. 1. 0. 0. 0. 0. 0.]
2024-10-23 20:49:49,292 - INFO - Sample 76: True: [0. 1. 0. 0. 0. 0. 0.], Predicted: [0. 1. 0. 0. 0. 0. 0.]
2024-10-23 20:49:49,292 - INFO - Sample 77: True: [0. 1. 0. 0. 0. 0. 0.], Predicted: [0. 1. 0. 0. 0. 0. 0.]
2024-10-23 20:49:49,293 - INFO - Sample 78: True: [0. 1. 0. 0. 0. 0. 0.], Predicted: [0. 1. 0. 0. 0. 0. 0.]
2024-10-23 20:49:49,293 - INFO - Sample 79: True: [0. 1. 0. 0. 0. 0. 0.], Predicted: [0. 1. 0. 0. 0. 0. 0.]
2024-10-23 20:49:49,293 - INFO - Sample 80: True: [0. 1. 0. 0. 0. 0. 0.], Predicted: [0. 1. 0. 0. 0. 0. 0.]
2024-10-23 20:49:49,293 - INFO - Sample 81: True: [1. 0. 0. 0. 0. 0. 0.], Predicted: [0. 0. 0. 0. 0. 0. 0.]
2024-10-23 20:49:49,293 - INFO - Sample 82: True: [0. 0. 1. 0. 0. 0. 0.], Predicted: [0. 0. 1. 0. 0. 0. 0.]
2024-10-23 20:49:49,293 - INFO - Sample 83: True: [0. 1. 0. 0. 0. 0. 0.], Predicted: [0. 1. 0. 0. 0. 0. 0.]
2024-10-23 20:49:49,294 - INFO - Sample 84: True: [0. 0. 0. 0. 0. 0. 1.], Predicted: [0. 0. 0. 0. 0. 0. 1.]
2024-10-23 20:49:49,294 - INFO - Sample 85: True: [0. 1. 0. 0. 0. 0. 0.], Predicted: [0. 1. 0. 0. 0. 0. 0.]
2024-10-23 20:49:49,294 - INFO - Sample 86: True: [0. 1. 0. 0. 0. 0. 0.], Predicted: [0. 1. 0. 0. 0. 0. 0.]
2024-10-23 20:49:49,294 - INFO - Sample 87: True: [0. 1. 0. 0. 0. 0. 0.], Predicted: [0. 1. 0. 0. 0. 0. 0.]
2024-10-23 20:49:49,294 - INFO - Sample 88: True: [0. 0. 1. 0. 0. 0. 0.], Predicted: [0. 1. 0. 0. 0. 0. 0.]
2024-10-23 20:49:49,294 - INFO - Sample 89: True: [0. 1. 0. 0. 0. 0. 0.], Predicted: [0. 1. 0. 0. 0. 0. 0.]
2024-10-23 20:49:49,295 - INFO - Sample 90: True: [0. 0. 0. 0. 1. 0. 0.], Predicted: [0. 0. 0. 0. 0. 0. 0.]
2024-10-23 20:49:49,295 - INFO - Sample 91: True: [0. 0. 0. 0. 1. 0. 0.], Predicted: [0. 0. 0. 0. 1. 0. 0.]
2024-10-23 20:49:49,295 - INFO - Sample 92: True: [0. 1. 0. 0. 0. 0. 0.], Predicted: [0. 1. 0. 0. 0. 0. 0.]
2024-10-23 20:49:49,295 - INFO - Sample 93: True: [0. 1. 0. 0. 0. 0. 0.], Predicted: [0. 1. 0. 0. 0. 0. 0.]
2024-10-23 20:49:49,295 - INFO - Sample 94: True: [0. 0. 0. 0. 1. 0. 0.], Predicted: [0. 0. 0. 0. 1. 0. 0.]
2024-10-23 20:49:49,296 - INFO - Sample 95: True: [0. 1. 0. 0. 0. 0. 0.], Predicted: [0. 1. 0. 0. 0. 0. 0.]
2024-10-23 20:49:49,296 - INFO - Sample 96: True: [0. 1. 0. 0. 0. 0. 0.], Predicted: [0. 1. 0. 0. 0. 0. 0.]
2024-10-23 20:49:49,700 - INFO - Sample 97: True: [0. 1. 0. 0. 0. 0. 0.], Predicted: [0. 1. 0. 0. 1. 0. 0.]
2024-10-23 20:49:49,701 - INFO - Sample 98: True: [0. 0. 0. 0. 1. 0. 0.], Predicted: [0. 0. 0. 0. 1. 0. 0.]
2024-10-23 20:49:49,701 - INFO - Sample 99: True: [0. 1. 0. 0. 0. 0. 0.], Predicted: [0. 1. 0. 0. 0. 0. 0.]
2024-10-23 20:49:49,701 - INFO - Sample 100: True: [0. 1. 0. 0. 0. 0. 0.], Predicted: [0. 1. 0. 0. 0. 0. 0.]
2024-10-23 20:49:49,701 - INFO - Sample 101: True: [0. 1. 0. 0. 0. 0. 0.], Predicted: [0. 1. 0. 0. 0. 0. 0.]
2024-10-23 20:49:49,701 - INFO - Sample 102: True: [0. 1. 0. 0. 0. 0. 0.], Predicted: [0. 1. 0. 0. 0. 0. 0.]
2024-10-23 20:49:49,702 - INFO - Sample 103: True: [0. 1. 0. 0. 0. 0. 0.], Predicted: [0. 1. 0. 0. 0. 0. 0.]
2024-10-23 20:49:49,702 - INFO - Sample 104: True: [1. 0. 0. 0. 0. 0. 0.], Predicted: [1. 0. 0. 0. 0. 0. 0.]
2024-10-23 20:49:49,702 - INFO - Sample 105: True: [0. 1. 0. 0. 0. 0. 0.], Predicted: [0. 0. 0. 0. 1. 0. 0.]
2024-10-23 20:49:49,702 - INFO - Sample 106: True: [1. 0. 0. 0. 0. 0. 0.], Predicted: [0. 0. 0. 0. 0. 0. 0.]
2024-10-23 20:49:49,702 - INFO - Sample 107: True: [0. 0. 0. 0. 1. 0. 0.], Predicted: [0. 0. 0. 0. 1. 0. 0.]
2024-10-23 20:49:49,703 - INFO - Sample 108: True: [0. 1. 0. 0. 0. 0. 0.], Predicted: [0. 1. 0. 0. 0. 0. 0.]
2024-10-23 20:49:49,703 - INFO - Sample 109: True: [1. 0. 0. 0. 0. 0. 0.], Predicted: [0. 0. 0. 0. 0. 0. 0.]
2024-10-23 20:49:49,703 - INFO - Sample 110: True: [0. 1. 0. 0. 0. 0. 0.], Predicted: [0. 1. 0. 0. 0. 0. 0.]
2024-10-23 20:49:49,703 - INFO - Sample 111: True: [0. 1. 0. 0. 0. 0. 0.], Predicted: [0. 0. 0. 0. 0. 0. 0.]
2024-10-23 20:49:49,703 - INFO - Sample 112: True: [0. 1. 0. 0. 0. 0. 0.], Predicted: [0. 1. 0. 0. 0. 0. 0.]
2024-10-23 20:49:49,703 - INFO - Sample 113: True: [0. 1. 0. 0. 0. 0. 0.], Predicted: [0. 0. 1. 0. 0. 0. 0.]
2024-10-23 20:49:49,704 - INFO - Sample 114: True: [1. 0. 0. 0. 0. 0. 0.], Predicted: [1. 0. 0. 0. 0. 0. 0.]
2024-10-23 20:49:49,704 - INFO - Sample 115: True: [0. 1. 0. 0. 0. 0. 0.], Predicted: [0. 1. 0. 0. 0. 0. 0.]
2024-10-23 20:49:49,704 - INFO - Sample 116: True: [0. 1. 0. 0. 0. 0. 0.], Predicted: [0. 1. 0. 0. 0. 0. 0.]
2024-10-23 20:49:49,704 - INFO - Sample 117: True: [0. 1. 0. 0. 0. 0. 0.], Predicted: [0. 1. 0. 0. 0. 0. 0.]
2024-10-23 20:49:49,704 - INFO - Sample 118: True: [0. 0. 0. 0. 0. 1. 0.], Predicted: [0. 0. 0. 0. 0. 0. 0.]
2024-10-23 20:49:49,705 - INFO - Sample 119: True: [0. 1. 0. 0. 0. 0. 0.], Predicted: [0. 1. 0. 0. 0. 0. 0.]
2024-10-23 20:49:49,705 - INFO - Sample 120: True: [1. 0. 0. 0. 0. 0. 0.], Predicted: [0. 1. 0. 0. 0. 0. 0.]
2024-10-23 20:49:49,705 - INFO - Sample 121: True: [0. 1. 0. 0. 0. 0. 0.], Predicted: [0. 1. 0. 0. 0. 0. 0.]
2024-10-23 20:49:49,705 - INFO - Sample 122: True: [0. 0. 0. 0. 1. 0. 0.], Predicted: [0. 0. 0. 0. 1. 0. 0.]
2024-10-23 20:49:49,705 - INFO - Sample 123: True: [0. 1. 0. 0. 0. 0. 0.], Predicted: [0. 1. 0. 0. 0. 0. 0.]
2024-10-23 20:49:49,705 - INFO - Sample 124: True: [0. 1. 0. 0. 0. 0. 0.], Predicted: [0. 1. 0. 0. 0. 0. 0.]
2024-10-23 20:49:49,706 - INFO - Sample 125: True: [1. 0. 0. 0. 0. 0. 0.], Predicted: [1. 0. 0. 0. 0. 0. 0.]
2024-10-23 20:49:49,706 - INFO - Sample 126: True: [0. 0. 0. 0. 1. 0. 0.], Predicted: [0. 0. 0. 0. 1. 0. 0.]
2024-10-23 20:49:49,706 - INFO - Sample 127: True: [0. 0. 0. 0. 1. 0. 0.], Predicted: [0. 1. 0. 0. 0. 0. 0.]
2024-10-23 20:49:49,706 - INFO - Sample 128: True: [0. 1. 0. 0. 0. 0. 0.], Predicted: [0. 1. 0. 0. 0. 0. 0.]
2024-10-23 20:49:50,120 - INFO - Sample 129: True: [0. 1. 0. 0. 0. 0. 0.], Predicted: [0. 1. 0. 0. 0. 0. 0.]
2024-10-23 20:49:50,121 - INFO - Sample 130: True: [1. 0. 0. 0. 0. 0. 0.], Predicted: [0. 1. 0. 0. 0. 0. 0.]
2024-10-23 20:49:50,121 - INFO - Sample 131: True: [0. 0. 0. 0. 1. 0. 0.], Predicted: [0. 0. 0. 0. 1. 0. 0.]
2024-10-23 20:49:50,121 - INFO - Sample 132: True: [1. 0. 0. 0. 0. 0. 0.], Predicted: [0. 1. 0. 0. 0. 0. 0.]
2024-10-23 20:49:50,121 - INFO - Sample 133: True: [0. 1. 0. 0. 0. 0. 0.], Predicted: [0. 1. 0. 0. 0. 0. 0.]
2024-10-23 20:49:50,122 - INFO - Sample 134: True: [0. 1. 0. 0. 0. 0. 0.], Predicted: [0. 1. 0. 0. 0. 0. 0.]
2024-10-23 20:49:50,122 - INFO - Sample 135: True: [0. 1. 0. 0. 0. 0. 0.], Predicted: [0. 1. 0. 0. 0. 0. 0.]
2024-10-23 20:49:50,122 - INFO - Sample 136: True: [0. 1. 0. 0. 0. 0. 0.], Predicted: [0. 1. 0. 0. 0. 0. 0.]
2024-10-23 20:49:50,122 - INFO - Sample 137: True: [0. 1. 0. 0. 0. 0. 0.], Predicted: [0. 1. 0. 0. 0. 0. 0.]
2024-10-23 20:49:50,122 - INFO - Sample 138: True: [0. 0. 0. 0. 1. 0. 0.], Predicted: [0. 0. 0. 0. 0. 0. 0.]
2024-10-23 20:49:50,122 - INFO - Sample 139: True: [0. 1. 0. 0. 0. 0. 0.], Predicted: [0. 1. 0. 0. 0. 0. 0.]
2024-10-23 20:49:50,123 - INFO - Sample 140: True: [0. 1. 0. 0. 0. 0. 0.], Predicted: [0. 1. 0. 0. 0. 0. 0.]
2024-10-23 20:49:50,123 - INFO - Sample 141: True: [0. 0. 0. 0. 0. 1. 0.], Predicted: [0. 0. 0. 0. 0. 0. 0.]
2024-10-23 20:49:50,123 - INFO - Sample 142: True: [0. 1. 0. 0. 0. 0. 0.], Predicted: [0. 1. 0. 0. 0. 0. 0.]
2024-10-23 20:49:50,123 - INFO - Sample 143: True: [0. 1. 0. 0. 0. 0. 0.], Predicted: [0. 1. 0. 0. 0. 0. 0.]
2024-10-23 20:49:50,123 - INFO - Sample 144: True: [0. 0. 0. 1. 0. 0. 0.], Predicted: [0. 0. 0. 1. 0. 0. 0.]
2024-10-23 20:49:50,124 - INFO - Sample 145: True: [0. 1. 0. 0. 0. 0. 0.], Predicted: [0. 1. 0. 0. 0. 0. 0.]
2024-10-23 20:49:50,124 - INFO - Sample 146: True: [0. 1. 0. 0. 0. 0. 0.], Predicted: [0. 1. 0. 0. 0. 0. 0.]
2024-10-23 20:49:50,124 - INFO - Sample 147: True: [0. 1. 0. 0. 0. 0. 0.], Predicted: [0. 1. 0. 0. 0. 0. 0.]
2024-10-23 20:49:50,124 - INFO - Sample 148: True: [0. 1. 0. 0. 0. 0. 0.], Predicted: [0. 1. 0. 0. 0. 0. 0.]
2024-10-23 20:49:50,124 - INFO - Sample 149: True: [0. 0. 0. 0. 1. 0. 0.], Predicted: [0. 1. 0. 0. 0. 0. 0.]
2024-10-23 20:49:50,124 - INFO - Sample 150: True: [0. 1. 0. 0. 0. 0. 0.], Predicted: [0. 1. 0. 0. 0. 0. 0.]
2024-10-23 20:49:50,125 - INFO - Sample 151: True: [0. 1. 0. 0. 0. 0. 0.], Predicted: [0. 1. 0. 0. 0. 0. 0.]
2024-10-23 20:49:50,125 - INFO - Sample 152: True: [0. 1. 0. 0. 0. 0. 0.], Predicted: [0. 1. 0. 0. 0. 0. 0.]
2024-10-23 20:49:50,125 - INFO - Sample 153: True: [0. 0. 1. 0. 0. 0. 0.], Predicted: [0. 0. 1. 0. 0. 0. 0.]
2024-10-23 20:49:50,125 - INFO - Sample 154: True: [0. 1. 0. 0. 0. 0. 0.], Predicted: [0. 1. 0. 0. 0. 0. 0.]
2024-10-23 20:49:50,125 - INFO - Sample 155: True: [0. 1. 0. 0. 0. 0. 0.], Predicted: [0. 1. 0. 0. 0. 0. 0.]
2024-10-23 20:49:50,126 - INFO - Sample 156: True: [0. 0. 1. 0. 0. 0. 0.], Predicted: [0. 0. 1. 0. 0. 0. 0.]
2024-10-23 20:49:50,126 - INFO - Sample 157: True: [0. 1. 0. 0. 0. 0. 0.], Predicted: [0. 1. 0. 0. 0. 0. 0.]
2024-10-23 20:49:50,126 - INFO - Sample 158: True: [0. 0. 0. 0. 1. 0. 0.], Predicted: [0. 0. 0. 0. 1. 0. 0.]
2024-10-23 20:49:50,126 - INFO - Sample 159: True: [0. 0. 0. 0. 1. 0. 0.], Predicted: [0. 0. 0. 0. 0. 0. 0.]
2024-10-23 20:49:50,126 - INFO - Sample 160: True: [0. 0. 0. 0. 1. 0. 0.], Predicted: [0. 1. 0. 0. 0. 0. 0.]
2024-10-23 20:49:50,549 - INFO - Sample 161: True: [1. 0. 0. 0. 0. 0. 0.], Predicted: [0. 0. 0. 0. 1. 0. 0.]
2024-10-23 20:49:50,549 - INFO - Sample 162: True: [0. 1. 0. 0. 0. 0. 0.], Predicted: [0. 1. 0. 0. 0. 0. 0.]
2024-10-23 20:49:50,549 - INFO - Sample 163: True: [0. 1. 0. 0. 0. 0. 0.], Predicted: [0. 1. 0. 0. 0. 0. 0.]
2024-10-23 20:49:50,550 - INFO - Sample 164: True: [0. 1. 0. 0. 0. 0. 0.], Predicted: [0. 1. 0. 0. 0. 0. 0.]
2024-10-23 20:49:50,550 - INFO - Sample 165: True: [0. 0. 0. 0. 1. 0. 0.], Predicted: [0. 0. 0. 0. 1. 0. 0.]
2024-10-23 20:49:50,550 - INFO - Sample 166: True: [0. 0. 0. 0. 1. 0. 0.], Predicted: [0. 0. 0. 0. 1. 0. 0.]
2024-10-23 20:49:50,550 - INFO - Sample 167: True: [0. 0. 0. 0. 1. 0. 0.], Predicted: [0. 0. 0. 0. 1. 0. 0.]
2024-10-23 20:49:50,550 - INFO - Sample 168: True: [0. 0. 0. 0. 1. 0. 0.], Predicted: [0. 0. 0. 0. 1. 0. 0.]
2024-10-23 20:49:50,550 - INFO - Sample 169: True: [0. 0. 1. 0. 0. 0. 0.], Predicted: [0. 0. 1. 0. 0. 0. 0.]
2024-10-23 20:49:50,551 - INFO - Sample 170: True: [0. 1. 0. 0. 0. 0. 0.], Predicted: [0. 1. 0. 0. 0. 0. 0.]
2024-10-23 20:49:50,551 - INFO - Sample 171: True: [0. 1. 0. 0. 0. 0. 0.], Predicted: [0. 1. 0. 0. 0. 0. 0.]
2024-10-23 20:49:50,551 - INFO - Sample 172: True: [0. 1. 0. 0. 0. 0. 0.], Predicted: [0. 1. 0. 0. 0. 0. 0.]
2024-10-23 20:49:50,551 - INFO - Sample 173: True: [0. 0. 1. 0. 0. 0. 0.], Predicted: [0. 0. 1. 0. 0. 0. 0.]
2024-10-23 20:49:50,551 - INFO - Sample 174: True: [0. 1. 0. 0. 0. 0. 0.], Predicted: [0. 1. 0. 0. 0. 0. 0.]
2024-10-23 20:49:50,552 - INFO - Sample 175: True: [0. 1. 0. 0. 0. 0. 0.], Predicted: [0. 1. 0. 0. 0. 0. 0.]
2024-10-23 20:49:50,552 - INFO - Sample 176: True: [0. 1. 0. 0. 0. 0. 0.], Predicted: [0. 1. 0. 0. 0. 0. 0.]
2024-10-23 20:49:50,552 - INFO - Sample 177: True: [0. 1. 0. 0. 0. 0. 0.], Predicted: [0. 1. 0. 0. 0. 0. 0.]
2024-10-23 20:49:50,552 - INFO - Sample 178: True: [0. 1. 0. 0. 0. 0. 0.], Predicted: [0. 1. 0. 0. 0. 0. 0.]
2024-10-23 20:49:50,552 - INFO - Sample 179: True: [0. 1. 0. 0. 0. 0. 0.], Predicted: [0. 1. 0. 0. 0. 0. 0.]
2024-10-23 20:49:50,552 - INFO - Sample 180: True: [0. 0. 0. 0. 1. 0. 0.], Predicted: [0. 0. 0. 0. 1. 0. 0.]
2024-10-23 20:49:50,553 - INFO - Sample 181: True: [0. 1. 0. 0. 0. 0. 0.], Predicted: [0. 1. 0. 0. 0. 0. 0.]
2024-10-23 20:49:50,553 - INFO - Sample 182: True: [0. 1. 0. 0. 0. 0. 0.], Predicted: [0. 1. 0. 0. 0. 0. 0.]
2024-10-23 20:49:50,553 - INFO - Sample 183: True: [0. 1. 0. 0. 0. 0. 0.], Predicted: [0. 1. 0. 0. 0. 0. 0.]
2024-10-23 20:49:50,553 - INFO - Sample 184: True: [0. 0. 0. 0. 1. 0. 0.], Predicted: [0. 0. 0. 0. 1. 0. 0.]
2024-10-23 20:49:50,553 - INFO - Sample 185: True: [0. 0. 0. 0. 1. 0. 0.], Predicted: [0. 0. 0. 0. 1. 0. 0.]
2024-10-23 20:49:50,554 - INFO - Sample 186: True: [0. 0. 1. 0. 0. 0. 0.], Predicted: [0. 0. 1. 0. 0. 0. 0.]
2024-10-23 20:49:50,554 - INFO - Sample 187: True: [1. 0. 0. 0. 0. 0. 0.], Predicted: [1. 0. 0. 0. 0. 0. 0.]
2024-10-23 20:49:50,554 - INFO - Sample 188: True: [1. 0. 0. 0. 0. 0. 0.], Predicted: [0. 1. 0. 0. 0. 0. 0.]
2024-10-23 20:49:50,554 - INFO - Sample 189: True: [0. 1. 0. 0. 0. 0. 0.], Predicted: [0. 1. 0. 0. 0. 0. 0.]
2024-10-23 20:49:50,554 - INFO - Sample 190: True: [0. 1. 0. 0. 0. 0. 0.], Predicted: [0. 1. 0. 0. 0. 0. 0.]
2024-10-23 20:49:50,555 - INFO - Sample 191: True: [0. 1. 0. 0. 0. 0. 0.], Predicted: [0. 1. 0. 0. 0. 0. 0.]
2024-10-23 20:49:50,555 - INFO - Sample 192: True: [0. 1. 0. 0. 0. 0. 0.], Predicted: [1. 0. 0. 0. 0. 0. 0.]
2024-10-23 20:49:50,964 - INFO - Sample 193: True: [0. 0. 0. 0. 0. 1. 0.], Predicted: [0. 0. 0. 0. 0. 0. 0.]
2024-10-23 20:49:50,965 - INFO - Sample 194: True: [0. 0. 0. 0. 1. 0. 0.], Predicted: [0. 0. 0. 0. 1. 0. 0.]
2024-10-23 20:49:50,965 - INFO - Sample 195: True: [0. 1. 0. 0. 0. 0. 0.], Predicted: [0. 1. 0. 0. 0. 0. 0.]
2024-10-23 20:49:50,965 - INFO - Sample 196: True: [0. 1. 0. 0. 0. 0. 0.], Predicted: [0. 1. 0. 0. 0. 0. 0.]
2024-10-23 20:49:50,965 - INFO - Sample 197: True: [0. 0. 0. 0. 1. 0. 0.], Predicted: [0. 0. 0. 0. 1. 0. 0.]
2024-10-23 20:49:50,966 - INFO - Sample 198: True: [0. 0. 0. 0. 1. 0. 0.], Predicted: [0. 0. 0. 0. 1. 0. 0.]
2024-10-23 20:49:50,966 - INFO - Sample 199: True: [0. 1. 0. 0. 0. 0. 0.], Predicted: [0. 0. 1. 0. 0. 0. 0.]
2024-10-23 20:49:50,966 - INFO - Sample 200: True: [0. 1. 0. 0. 0. 0. 0.], Predicted: [0. 1. 0. 0. 0. 0. 0.]
2024-10-23 20:49:50,966 - INFO - Sample 201: True: [0. 1. 0. 0. 0. 0. 0.], Predicted: [1. 0. 0. 0. 0. 0. 0.]
2024-10-23 20:49:50,966 - INFO - Sample 202: True: [0. 1. 0. 0. 0. 0. 0.], Predicted: [0. 1. 0. 0. 0. 0. 0.]
2024-10-23 20:49:50,966 - INFO - Sample 203: True: [0. 1. 0. 0. 0. 0. 0.], Predicted: [0. 1. 0. 0. 0. 0. 0.]
2024-10-23 20:49:50,967 - INFO - Sample 204: True: [0. 1. 0. 0. 0. 0. 0.], Predicted: [0. 1. 0. 0. 0. 0. 0.]
2024-10-23 20:49:50,967 - INFO - Sample 205: True: [0. 1. 0. 0. 0. 0. 0.], Predicted: [0. 0. 0. 0. 1. 0. 0.]
2024-10-23 20:49:50,967 - INFO - Sample 206: True: [0. 1. 0. 0. 0. 0. 0.], Predicted: [0. 1. 0. 0. 0. 0. 0.]
2024-10-23 20:49:50,967 - INFO - Sample 207: True: [0. 0. 0. 1. 0. 0. 0.], Predicted: [0. 0. 0. 0. 1. 0. 0.]
2024-10-23 20:49:50,967 - INFO - Sample 208: True: [0. 0. 0. 0. 0. 0. 1.], Predicted: [0. 1. 0. 0. 0. 0. 0.]
2024-10-23 20:49:50,968 - INFO - Sample 209: True: [0. 1. 0. 0. 0. 0. 0.], Predicted: [0. 1. 0. 0. 0. 0. 0.]
2024-10-23 20:49:50,968 - INFO - Sample 210: True: [0. 1. 0. 0. 0. 0. 0.], Predicted: [0. 1. 0. 0. 0. 0. 0.]
2024-10-23 20:49:50,968 - INFO - Sample 211: True: [1. 0. 0. 0. 0. 0. 0.], Predicted: [1. 0. 0. 0. 0. 0. 0.]
2024-10-23 20:49:50,968 - INFO - Sample 212: True: [0. 1. 0. 0. 0. 0. 0.], Predicted: [0. 1. 0. 0. 0. 0. 0.]
2024-10-23 20:49:50,968 - INFO - Sample 213: True: [0. 0. 0. 0. 0. 0. 1.], Predicted: [0. 0. 0. 0. 0. 0. 1.]
2024-10-23 20:49:50,968 - INFO - Sample 214: True: [0. 1. 0. 0. 0. 0. 0.], Predicted: [0. 1. 0. 0. 0. 0. 0.]
2024-10-23 20:49:50,969 - INFO - Sample 215: True: [0. 1. 0. 0. 0. 0. 0.], Predicted: [0. 1. 0. 0. 0. 0. 0.]
2024-10-23 20:49:50,969 - INFO - Sample 216: True: [0. 1. 0. 0. 0. 0. 0.], Predicted: [0. 1. 0. 0. 0. 0. 0.]
2024-10-23 20:49:50,969 - INFO - Sample 217: True: [0. 1. 0. 0. 0. 0. 0.], Predicted: [0. 1. 0. 0. 0. 0. 0.]
2024-10-23 20:49:50,969 - INFO - Sample 218: True: [0. 1. 0. 0. 0. 0. 0.], Predicted: [0. 1. 0. 0. 0. 0. 0.]
2024-10-23 20:49:50,969 - INFO - Sample 219: True: [0. 1. 0. 0. 0. 0. 0.], Predicted: [0. 1. 0. 0. 0. 0. 0.]
2024-10-23 20:49:50,970 - INFO - Sample 220: True: [0. 0. 0. 0. 1. 0. 0.], Predicted: [0. 0. 1. 0. 0. 0. 0.]
2024-10-23 20:49:50,970 - INFO - Sample 221: True: [0. 1. 0. 0. 0. 0. 0.], Predicted: [0. 1. 0. 0. 0. 0. 0.]
2024-10-23 20:49:50,970 - INFO - Sample 222: True: [0. 0. 0. 1. 0. 0. 0.], Predicted: [0. 0. 0. 0. 0. 0. 0.]
2024-10-23 20:49:50,970 - INFO - Sample 223: True: [0. 1. 0. 0. 0. 0. 0.], Predicted: [0. 1. 0. 0. 0. 0. 0.]
2024-10-23 20:49:50,970 - INFO - Sample 224: True: [0. 0. 0. 0. 1. 0. 0.], Predicted: [0. 0. 0. 0. 1. 0. 0.]
2024-10-23 20:49:51,371 - INFO - Sample 225: True: [0. 0. 0. 0. 1. 0. 0.], Predicted: [0. 0. 0. 0. 0. 0. 0.]
2024-10-23 20:49:51,371 - INFO - Sample 226: True: [0. 1. 0. 0. 0. 0. 0.], Predicted: [0. 1. 0. 0. 0. 0. 0.]
2024-10-23 20:49:51,372 - INFO - Sample 227: True: [0. 0. 0. 1. 0. 0. 0.], Predicted: [0. 0. 0. 1. 0. 0. 0.]
2024-10-23 20:49:51,372 - INFO - Sample 228: True: [0. 1. 0. 0. 0. 0. 0.], Predicted: [0. 1. 0. 0. 0. 0. 0.]
2024-10-23 20:49:51,372 - INFO - Sample 229: True: [0. 0. 0. 0. 1. 0. 0.], Predicted: [0. 1. 0. 0. 0. 0. 0.]
2024-10-23 20:49:51,372 - INFO - Sample 230: True: [0. 1. 0. 0. 0. 0. 0.], Predicted: [0. 1. 0. 0. 0. 0. 0.]
2024-10-23 20:49:51,372 - INFO - Sample 231: True: [0. 1. 0. 0. 0. 0. 0.], Predicted: [0. 1. 0. 0. 0. 0. 0.]
2024-10-23 20:49:51,373 - INFO - Sample 232: True: [0. 0. 0. 0. 1. 0. 0.], Predicted: [0. 1. 0. 0. 0. 0. 0.]
2024-10-23 20:49:51,373 - INFO - Sample 233: True: [0. 0. 1. 0. 0. 0. 0.], Predicted: [0. 0. 0. 0. 0. 0. 0.]
2024-10-23 20:49:51,373 - INFO - Sample 234: True: [0. 0. 1. 0. 0. 0. 0.], Predicted: [0. 0. 0. 0. 0. 0. 0.]
2024-10-23 20:49:51,373 - INFO - Sample 235: True: [0. 1. 0. 0. 0. 0. 0.], Predicted: [0. 1. 0. 0. 0. 0. 0.]
2024-10-23 20:49:51,373 - INFO - Sample 236: True: [0. 1. 0. 0. 0. 0. 0.], Predicted: [0. 1. 0. 0. 0. 0. 0.]
2024-10-23 20:49:51,373 - INFO - Sample 237: True: [0. 1. 0. 0. 0. 0. 0.], Predicted: [0. 1. 0. 0. 0. 0. 0.]
2024-10-23 20:49:51,374 - INFO - Sample 238: True: [1. 0. 0. 0. 0. 0. 0.], Predicted: [0. 0. 0. 0. 0. 0. 0.]
2024-10-23 20:49:51,374 - INFO - Sample 239: True: [0. 1. 0. 0. 0. 0. 0.], Predicted: [0. 1. 0. 0. 0. 0. 0.]
2024-10-23 20:49:51,374 - INFO - Sample 240: True: [0. 0. 0. 0. 0. 1. 0.], Predicted: [0. 0. 0. 0. 1. 1. 0.]
2024-10-23 20:49:51,374 - INFO - Sample 241: True: [0. 1. 0. 0. 0. 0. 0.], Predicted: [0. 1. 0. 0. 0. 0. 0.]
2024-10-23 20:49:51,374 - INFO - Sample 242: True: [0. 1. 0. 0. 0. 0. 0.], Predicted: [0. 1. 0. 0. 0. 0. 0.]
2024-10-23 20:49:51,374 - INFO - Sample 243: True: [0. 1. 0. 0. 0. 0. 0.], Predicted: [0. 1. 0. 0. 0. 0. 0.]
2024-10-23 20:49:51,375 - INFO - Sample 244: True: [0. 0. 0. 0. 1. 0. 0.], Predicted: [0. 0. 0. 0. 1. 0. 0.]
2024-10-23 20:49:51,375 - INFO - Sample 245: True: [1. 0. 0. 0. 0. 0. 0.], Predicted: [0. 1. 0. 0. 0. 0. 0.]
2024-10-23 20:49:51,375 - INFO - Sample 246: True: [0. 1. 0. 0. 0. 0. 0.], Predicted: [0. 1. 0. 0. 0. 0. 0.]
2024-10-23 20:49:51,375 - INFO - Sample 247: True: [0. 1. 0. 0. 0. 0. 0.], Predicted: [0. 1. 0. 0. 0. 0. 0.]
2024-10-23 20:49:51,375 - INFO - Sample 248: True: [0. 1. 0. 0. 0. 0. 0.], Predicted: [0. 1. 0. 0. 0. 0. 0.]
2024-10-23 20:49:51,376 - INFO - Sample 249: True: [0. 1. 0. 0. 0. 0. 0.], Predicted: [0. 1. 0. 0. 0. 0. 0.]
2024-10-23 20:49:51,376 - INFO - Sample 250: True: [0. 1. 0. 0. 0. 0. 0.], Predicted: [0. 1. 0. 0. 0. 0. 0.]
2024-10-23 20:49:51,376 - INFO - Sample 251: True: [0. 1. 0. 0. 0. 0. 0.], Predicted: [0. 1. 0. 0. 0. 0. 0.]
2024-10-23 20:49:51,376 - INFO - Sample 252: True: [0. 1. 0. 0. 0. 0. 0.], Predicted: [0. 1. 0. 0. 0. 0. 0.]
2024-10-23 20:49:51,376 - INFO - Sample 253: True: [0. 1. 0. 0. 0. 0. 0.], Predicted: [0. 1. 0. 0. 0. 0. 0.]
2024-10-23 20:49:51,376 - INFO - Sample 254: True: [0. 1. 0. 0. 0. 0. 0.], Predicted: [0. 1. 0. 0. 0. 0. 0.]
2024-10-23 20:49:51,377 - INFO - Sample 255: True: [0. 0. 0. 0. 1. 0. 0.], Predicted: [0. 0. 0. 0. 1. 0. 0.]
2024-10-23 20:49:51,377 - INFO - Sample 256: True: [0. 1. 0. 0. 0. 0. 0.], Predicted: [0. 1. 0. 0. 0. 0. 0.]
2024-10-23 20:49:51,781 - INFO - Sample 257: True: [1. 0. 0. 0. 0. 0. 0.], Predicted: [0. 0. 0. 0. 0. 0. 0.]
2024-10-23 20:49:51,782 - INFO - Sample 258: True: [0. 0. 0. 0. 1. 0. 0.], Predicted: [0. 0. 0. 0. 1. 0. 0.]
2024-10-23 20:49:51,782 - INFO - Sample 259: True: [0. 1. 0. 0. 0. 0. 0.], Predicted: [0. 1. 0. 0. 0. 0. 0.]
2024-10-23 20:49:51,782 - INFO - Sample 260: True: [0. 1. 0. 0. 0. 0. 0.], Predicted: [0. 1. 0. 0. 0. 0. 0.]
2024-10-23 20:49:51,782 - INFO - Sample 261: True: [0. 1. 0. 0. 0. 0. 0.], Predicted: [0. 1. 0. 0. 0. 0. 0.]
2024-10-23 20:49:51,783 - INFO - Sample 262: True: [0. 1. 0. 0. 0. 0. 0.], Predicted: [0. 1. 0. 0. 0. 0. 0.]
2024-10-23 20:49:51,783 - INFO - Sample 263: True: [0. 1. 0. 0. 0. 0. 0.], Predicted: [0. 1. 0. 0. 0. 0. 0.]
2024-10-23 20:49:51,783 - INFO - Sample 264: True: [0. 1. 0. 0. 0. 0. 0.], Predicted: [0. 1. 0. 0. 0. 0. 0.]
2024-10-23 20:49:51,783 - INFO - Sample 265: True: [0. 1. 0. 0. 0. 0. 0.], Predicted: [0. 1. 0. 0. 0. 0. 0.]
2024-10-23 20:49:51,784 - INFO - Sample 266: True: [0. 1. 0. 0. 0. 0. 0.], Predicted: [0. 1. 0. 0. 0. 0. 0.]
2024-10-23 20:49:51,784 - INFO - Sample 267: True: [0. 0. 0. 0. 1. 0. 0.], Predicted: [0. 0. 0. 0. 1. 0. 0.]
2024-10-23 20:49:51,784 - INFO - Sample 268: True: [0. 1. 0. 0. 0. 0. 0.], Predicted: [0. 1. 0. 0. 0. 0. 0.]
2024-10-23 20:49:51,784 - INFO - Sample 269: True: [0. 1. 0. 0. 0. 0. 0.], Predicted: [0. 0. 0. 0. 0. 0. 0.]
2024-10-23 20:49:51,785 - INFO - Sample 270: True: [0. 1. 0. 0. 0. 0. 0.], Predicted: [0. 1. 0. 0. 0. 0. 0.]
2024-10-23 20:49:51,785 - INFO - Sample 271: True: [0. 1. 0. 0. 0. 0. 0.], Predicted: [0. 1. 0. 0. 0. 0. 0.]
2024-10-23 20:49:51,785 - INFO - Sample 272: True: [0. 1. 0. 0. 0. 0. 0.], Predicted: [0. 1. 0. 0. 0. 0. 0.]
2024-10-23 20:49:51,785 - INFO - Sample 273: True: [0. 0. 0. 0. 1. 0. 0.], Predicted: [0. 0. 0. 0. 1. 0. 0.]
2024-10-23 20:49:51,786 - INFO - Sample 274: True: [0. 1. 0. 0. 0. 0. 0.], Predicted: [0. 1. 0. 0. 1. 0. 0.]
2024-10-23 20:49:51,786 - INFO - Sample 275: True: [1. 0. 0. 0. 0. 0. 0.], Predicted: [0. 0. 0. 0. 0. 0. 0.]
2024-10-23 20:49:51,786 - INFO - Sample 276: True: [0. 0. 0. 0. 0. 0. 1.], Predicted: [0. 0. 0. 0. 0. 0. 1.]
2024-10-23 20:49:51,786 - INFO - Sample 277: True: [0. 1. 0. 0. 0. 0. 0.], Predicted: [0. 1. 0. 0. 0. 0. 0.]
2024-10-23 20:49:51,786 - INFO - Sample 278: True: [0. 1. 0. 0. 0. 0. 0.], Predicted: [0. 1. 0. 0. 0. 0. 0.]
2024-10-23 20:49:51,787 - INFO - Sample 279: True: [0. 1. 0. 0. 0. 0. 0.], Predicted: [0. 1. 0. 0. 0. 0. 0.]
2024-10-23 20:49:51,787 - INFO - Sample 280: True: [0. 1. 0. 0. 0. 0. 0.], Predicted: [0. 1. 0. 0. 0. 0. 0.]
2024-10-23 20:49:51,787 - INFO - Sample 281: True: [0. 1. 0. 0. 0. 0. 0.], Predicted: [0. 1. 0. 0. 0. 0. 0.]
2024-10-23 20:49:51,787 - INFO - Sample 282: True: [0. 1. 0. 0. 0. 0. 0.], Predicted: [0. 1. 0. 0. 0. 0. 0.]
2024-10-23 20:49:51,788 - INFO - Sample 283: True: [0. 0. 0. 0. 1. 0. 0.], Predicted: [0. 1. 0. 0. 0. 0. 0.]
2024-10-23 20:49:51,788 - INFO - Sample 284: True: [0. 1. 0. 0. 0. 0. 0.], Predicted: [0. 1. 0. 0. 1. 0. 0.]
2024-10-23 20:49:51,788 - INFO - Sample 285: True: [0. 0. 0. 0. 0. 0. 1.], Predicted: [0. 0. 0. 0. 0. 0. 0.]
2024-10-23 20:49:51,788 - INFO - Sample 286: True: [0. 1. 0. 0. 0. 0. 0.], Predicted: [0. 1. 0. 0. 0. 0. 0.]
2024-10-23 20:49:51,789 - INFO - Sample 287: True: [0. 1. 0. 0. 0. 0. 0.], Predicted: [0. 1. 0. 0. 0. 0. 0.]
2024-10-23 20:49:51,789 - INFO - Sample 288: True: [1. 0. 0. 0. 0. 0. 0.], Predicted: [0. 1. 0. 0. 0. 0. 0.]
2024-10-23 20:49:52,190 - INFO - Sample 289: True: [0. 1. 0. 0. 0. 0. 0.], Predicted: [0. 1. 0. 0. 0. 0. 0.]
2024-10-23 20:49:52,190 - INFO - Sample 290: True: [1. 0. 0. 0. 0. 0. 0.], Predicted: [1. 0. 0. 0. 0. 0. 0.]
2024-10-23 20:49:52,191 - INFO - Sample 291: True: [0. 0. 0. 0. 0. 1. 0.], Predicted: [0. 1. 0. 0. 0. 0. 0.]
2024-10-23 20:49:52,191 - INFO - Sample 292: True: [0. 1. 0. 0. 0. 0. 0.], Predicted: [0. 1. 0. 0. 0. 0. 0.]
2024-10-23 20:49:52,191 - INFO - Sample 293: True: [0. 0. 0. 0. 0. 0. 1.], Predicted: [0. 0. 0. 0. 0. 0. 1.]
2024-10-23 20:49:52,191 - INFO - Sample 294: True: [0. 1. 0. 0. 0. 0. 0.], Predicted: [0. 1. 0. 0. 0. 0. 0.]
2024-10-23 20:49:52,191 - INFO - Sample 295: True: [0. 1. 0. 0. 0. 0. 0.], Predicted: [0. 1. 0. 0. 0. 0. 0.]
2024-10-23 20:49:52,192 - INFO - Sample 296: True: [0. 0. 0. 0. 1. 0. 0.], Predicted: [0. 0. 0. 0. 0. 0. 0.]
2024-10-23 20:49:52,192 - INFO - Sample 297: True: [0. 0. 0. 0. 1. 0. 0.], Predicted: [0. 1. 0. 0. 0. 0. 0.]
2024-10-23 20:49:52,192 - INFO - Sample 298: True: [0. 1. 0. 0. 0. 0. 0.], Predicted: [0. 1. 0. 0. 0. 0. 0.]
2024-10-23 20:49:52,192 - INFO - Sample 299: True: [0. 1. 0. 0. 0. 0. 0.], Predicted: [0. 1. 0. 0. 0. 0. 0.]
2024-10-23 20:49:52,192 - INFO - Sample 300: True: [0. 1. 0. 0. 0. 0. 0.], Predicted: [0. 1. 0. 0. 0. 0. 0.]
2024-10-23 20:49:52,193 - INFO - Sample 301: True: [0. 1. 0. 0. 0. 0. 0.], Predicted: [0. 1. 0. 0. 0. 0. 0.]
2024-10-23 20:49:52,193 - INFO - Sample 302: True: [0. 1. 0. 0. 0. 0. 0.], Predicted: [0. 1. 0. 0. 0. 0. 0.]
2024-10-23 20:49:52,193 - INFO - Sample 303: True: [0. 1. 0. 0. 0. 0. 0.], Predicted: [0. 0. 0. 0. 1. 0. 0.]
2024-10-23 20:49:52,193 - INFO - Sample 304: True: [0. 0. 1. 0. 0. 0. 0.], Predicted: [0. 0. 1. 0. 0. 0. 0.]
2024-10-23 20:49:52,193 - INFO - Sample 305: True: [0. 1. 0. 0. 0. 0. 0.], Predicted: [0. 1. 0. 0. 0. 0. 0.]
2024-10-23 20:49:52,193 - INFO - Sample 306: True: [0. 1. 0. 0. 0. 0. 0.], Predicted: [0. 1. 0. 0. 0. 0. 0.]
2024-10-23 20:49:52,194 - INFO - Sample 307: True: [0. 1. 0. 0. 0. 0. 0.], Predicted: [0. 0. 0. 0. 0. 0. 0.]
2024-10-23 20:49:52,194 - INFO - Sample 308: True: [0. 1. 0. 0. 0. 0. 0.], Predicted: [0. 1. 0. 0. 0. 0. 0.]
2024-10-23 20:49:52,194 - INFO - Sample 309: True: [0. 1. 0. 0. 0. 0. 0.], Predicted: [0. 1. 0. 0. 0. 0. 0.]
2024-10-23 20:49:52,194 - INFO - Sample 310: True: [0. 1. 0. 0. 0. 0. 0.], Predicted: [0. 1. 0. 0. 0. 0. 0.]
2024-10-23 20:49:52,194 - INFO - Sample 311: True: [0. 0. 0. 0. 1. 0. 0.], Predicted: [0. 0. 0. 0. 1. 0. 0.]
2024-10-23 20:49:52,194 - INFO - Sample 312: True: [0. 1. 0. 0. 0. 0. 0.], Predicted: [0. 1. 0. 0. 0. 0. 0.]
2024-10-23 20:49:52,195 - INFO - Sample 313: True: [0. 0. 0. 0. 1. 0. 0.], Predicted: [0. 0. 0. 0. 1. 0. 0.]
2024-10-23 20:49:52,195 - INFO - Sample 314: True: [0. 1. 0. 0. 0. 0. 0.], Predicted: [0. 1. 0. 0. 0. 0. 0.]
2024-10-23 20:49:52,195 - INFO - Sample 315: True: [0. 1. 0. 0. 0. 0. 0.], Predicted: [0. 1. 0. 0. 0. 0. 0.]
2024-10-23 20:49:52,195 - INFO - Sample 316: True: [0. 1. 0. 0. 0. 0. 0.], Predicted: [0. 1. 0. 0. 0. 0. 0.]
2024-10-23 20:49:52,195 - INFO - Sample 317: True: [0. 1. 0. 0. 0. 0. 0.], Predicted: [0. 1. 0. 0. 0. 0. 0.]
2024-10-23 20:49:52,196 - INFO - Sample 318: True: [0. 1. 0. 0. 0. 0. 0.], Predicted: [0. 1. 0. 0. 0. 0. 0.]
2024-10-23 20:49:52,196 - INFO - Sample 319: True: [0. 1. 0. 0. 0. 0. 0.], Predicted: [0. 1. 0. 0. 0. 0. 0.]
2024-10-23 20:49:52,196 - INFO - Sample 320: True: [0. 0. 0. 0. 1. 0. 0.], Predicted: [0. 1. 0. 0. 0. 0. 0.]
2024-10-23 20:49:52,593 - INFO - Sample 321: True: [0. 0. 0. 0. 1. 0. 0.], Predicted: [0. 0. 0. 0. 1. 0. 0.]
2024-10-23 20:49:52,593 - INFO - Sample 322: True: [0. 1. 0. 0. 0. 0. 0.], Predicted: [0. 1. 0. 0. 0. 0. 0.]
2024-10-23 20:49:52,593 - INFO - Sample 323: True: [0. 1. 0. 0. 0. 0. 0.], Predicted: [0. 1. 0. 0. 0. 0. 0.]
2024-10-23 20:49:52,594 - INFO - Sample 324: True: [0. 1. 0. 0. 0. 0. 0.], Predicted: [0. 1. 0. 0. 0. 0. 0.]
2024-10-23 20:49:52,594 - INFO - Sample 325: True: [0. 1. 0. 0. 0. 0. 0.], Predicted: [0. 1. 0. 0. 0. 0. 0.]
2024-10-23 20:49:52,594 - INFO - Sample 326: True: [0. 1. 0. 0. 0. 0. 0.], Predicted: [0. 1. 0. 0. 0. 0. 0.]
2024-10-23 20:49:52,594 - INFO - Sample 327: True: [0. 1. 0. 0. 0. 0. 0.], Predicted: [0. 0. 0. 0. 1. 0. 0.]
2024-10-23 20:49:52,594 - INFO - Sample 328: True: [0. 1. 0. 0. 0. 0. 0.], Predicted: [0. 1. 0. 0. 0. 0. 0.]
2024-10-23 20:49:52,595 - INFO - Sample 329: True: [0. 0. 0. 0. 0. 0. 1.], Predicted: [0. 0. 1. 0. 0. 0. 0.]
2024-10-23 20:49:52,595 - INFO - Sample 330: True: [1. 0. 0. 0. 0. 0. 0.], Predicted: [1. 0. 0. 0. 0. 0. 0.]
2024-10-23 20:49:52,595 - INFO - Sample 331: True: [0. 1. 0. 0. 0. 0. 0.], Predicted: [0. 1. 0. 0. 0. 0. 0.]
2024-10-23 20:49:52,595 - INFO - Sample 332: True: [0. 1. 0. 0. 0. 0. 0.], Predicted: [0. 1. 0. 0. 0. 0. 0.]
2024-10-23 20:49:52,595 - INFO - Sample 333: True: [0. 1. 0. 0. 0. 0. 0.], Predicted: [0. 1. 0. 0. 0. 0. 0.]
2024-10-23 20:49:52,596 - INFO - Sample 334: True: [1. 0. 0. 0. 0. 0. 0.], Predicted: [0. 0. 0. 0. 1. 0. 0.]
2024-10-23 20:49:52,596 - INFO - Sample 335: True: [0. 1. 0. 0. 0. 0. 0.], Predicted: [0. 1. 0. 0. 0. 0. 0.]
2024-10-23 20:49:52,596 - INFO - Sample 336: True: [0. 1. 0. 0. 0. 0. 0.], Predicted: [0. 1. 0. 0. 0. 0. 0.]
2024-10-23 20:49:52,596 - INFO - Sample 337: True: [0. 1. 0. 0. 0. 0. 0.], Predicted: [0. 1. 0. 0. 0. 0. 0.]
2024-10-23 20:49:52,596 - INFO - Sample 338: True: [0. 1. 0. 0. 0. 0. 0.], Predicted: [0. 1. 0. 0. 0. 0. 0.]
2024-10-23 20:49:52,596 - INFO - Sample 339: True: [0. 1. 0. 0. 0. 0. 0.], Predicted: [0. 1. 0. 0. 0. 0. 0.]
2024-10-23 20:49:52,597 - INFO - Sample 340: True: [0. 1. 0. 0. 0. 0. 0.], Predicted: [0. 1. 0. 0. 0. 0. 0.]
2024-10-23 20:49:52,597 - INFO - Sample 341: True: [0. 0. 0. 1. 0. 0. 0.], Predicted: [0. 0. 0. 0. 0. 0. 0.]
2024-10-23 20:49:52,597 - INFO - Sample 342: True: [1. 0. 0. 0. 0. 0. 0.], Predicted: [0. 1. 0. 0. 0. 0. 0.]
2024-10-23 20:49:52,597 - INFO - Sample 343: True: [0. 1. 0. 0. 0. 0. 0.], Predicted: [0. 1. 0. 0. 0. 0. 0.]
2024-10-23 20:49:52,597 - INFO - Sample 344: True: [1. 0. 0. 0. 0. 0. 0.], Predicted: [0. 0. 0. 0. 0. 0. 0.]
2024-10-23 20:49:52,597 - INFO - Sample 345: True: [1. 0. 0. 0. 0. 0. 0.], Predicted: [1. 0. 0. 0. 0. 0. 0.]
2024-10-23 20:49:52,598 - INFO - Sample 346: True: [1. 0. 0. 0. 0. 0. 0.], Predicted: [1. 0. 0. 0. 0. 0. 0.]
2024-10-23 20:49:52,598 - INFO - Sample 347: True: [0. 0. 0. 0. 0. 1. 0.], Predicted: [0. 1. 0. 0. 0. 0. 0.]
2024-10-23 20:49:52,598 - INFO - Sample 348: True: [0. 1. 0. 0. 0. 0. 0.], Predicted: [0. 1. 0. 0. 0. 0. 0.]
2024-10-23 20:49:52,598 - INFO - Sample 349: True: [0. 1. 0. 0. 0. 0. 0.], Predicted: [0. 1. 0. 0. 0. 0. 0.]
2024-10-23 20:49:52,598 - INFO - Sample 350: True: [0. 0. 1. 0. 0. 0. 0.], Predicted: [0. 0. 1. 0. 0. 0. 0.]
2024-10-23 20:49:52,599 - INFO - Sample 351: True: [0. 1. 0. 0. 0. 0. 0.], Predicted: [0. 1. 0. 0. 0. 0. 0.]
2024-10-23 20:49:52,599 - INFO - Sample 352: True: [0. 1. 0. 0. 0. 0. 0.], Predicted: [0. 1. 0. 0. 0. 0. 0.]
2024-10-23 20:49:52,992 - INFO - Sample 353: True: [1. 0. 0. 0. 0. 0. 0.], Predicted: [0. 1. 0. 0. 0. 0. 0.]
2024-10-23 20:49:52,993 - INFO - Sample 354: True: [0. 1. 0. 0. 0. 0. 0.], Predicted: [0. 1. 0. 0. 0. 0. 0.]
2024-10-23 20:49:52,993 - INFO - Sample 355: True: [0. 1. 0. 0. 0. 0. 0.], Predicted: [0. 1. 0. 0. 0. 0. 0.]
2024-10-23 20:49:52,993 - INFO - Sample 356: True: [0. 1. 0. 0. 0. 0. 0.], Predicted: [0. 1. 0. 0. 0. 0. 0.]
2024-10-23 20:49:52,993 - INFO - Sample 357: True: [0. 1. 0. 0. 0. 0. 0.], Predicted: [0. 1. 0. 0. 0. 0. 0.]
2024-10-23 20:49:52,994 - INFO - Sample 358: True: [0. 0. 0. 0. 0. 0. 1.], Predicted: [0. 0. 0. 0. 0. 0. 1.]
2024-10-23 20:49:52,994 - INFO - Sample 359: True: [0. 0. 1. 0. 0. 0. 0.], Predicted: [0. 0. 1. 0. 0. 0. 0.]
2024-10-23 20:49:52,994 - INFO - Sample 360: True: [0. 1. 0. 0. 0. 0. 0.], Predicted: [0. 1. 0. 0. 0. 0. 0.]
2024-10-23 20:49:52,994 - INFO - Sample 361: True: [0. 1. 0. 0. 0. 0. 0.], Predicted: [0. 1. 0. 0. 0. 0. 0.]
2024-10-23 20:49:52,994 - INFO - Sample 362: True: [0. 0. 1. 0. 0. 0. 0.], Predicted: [0. 1. 0. 0. 0. 0. 0.]
2024-10-23 20:49:52,994 - INFO - Sample 363: True: [0. 1. 0. 0. 0. 0. 0.], Predicted: [0. 1. 0. 0. 0. 0. 0.]
2024-10-23 20:49:52,995 - INFO - Sample 364: True: [0. 1. 0. 0. 0. 0. 0.], Predicted: [0. 1. 0. 0. 0. 0. 0.]
2024-10-23 20:49:52,995 - INFO - Sample 365: True: [0. 1. 0. 0. 0. 0. 0.], Predicted: [0. 1. 0. 0. 0. 0. 0.]
2024-10-23 20:49:52,995 - INFO - Sample 366: True: [1. 0. 0. 0. 0. 0. 0.], Predicted: [1. 0. 0. 0. 0. 0. 0.]
2024-10-23 20:49:52,995 - INFO - Sample 367: True: [0. 0. 0. 0. 0. 0. 1.], Predicted: [0. 0. 0. 0. 0. 0. 0.]
2024-10-23 20:49:52,995 - INFO - Sample 368: True: [0. 1. 0. 0. 0. 0. 0.], Predicted: [0. 1. 0. 0. 0. 0. 0.]
2024-10-23 20:49:52,996 - INFO - Sample 369: True: [0. 0. 0. 1. 0. 0. 0.], Predicted: [0. 0. 0. 0. 0. 0. 0.]
2024-10-23 20:49:52,996 - INFO - Sample 370: True: [0. 0. 1. 0. 0. 0. 0.], Predicted: [0. 0. 1. 0. 0. 0. 0.]
2024-10-23 20:49:52,996 - INFO - Sample 371: True: [0. 1. 0. 0. 0. 0. 0.], Predicted: [0. 1. 0. 0. 0. 0. 0.]
2024-10-23 20:49:52,996 - INFO - Sample 372: True: [0. 1. 0. 0. 0. 0. 0.], Predicted: [0. 1. 0. 0. 0. 0. 0.]
2024-10-23 20:49:52,996 - INFO - Sample 373: True: [0. 1. 0. 0. 0. 0. 0.], Predicted: [0. 1. 0. 0. 0. 0. 0.]
2024-10-23 20:49:52,996 - INFO - Sample 374: True: [0. 1. 0. 0. 0. 0. 0.], Predicted: [0. 1. 0. 0. 0. 0. 0.]
2024-10-23 20:49:52,997 - INFO - Sample 375: True: [1. 0. 0. 0. 0. 0. 0.], Predicted: [0. 1. 0. 0. 0. 0. 0.]
2024-10-23 20:49:52,997 - INFO - Sample 376: True: [0. 0. 0. 0. 0. 0. 1.], Predicted: [1. 0. 0. 0. 0. 0. 0.]
2024-10-23 20:49:52,997 - INFO - Sample 377: True: [0. 0. 0. 1. 0. 0. 0.], Predicted: [0. 0. 0. 1. 0. 0. 0.]
2024-10-23 20:49:52,997 - INFO - Sample 378: True: [0. 1. 0. 0. 0. 0. 0.], Predicted: [0. 1. 0. 0. 0. 0. 0.]
2024-10-23 20:49:52,997 - INFO - Sample 379: True: [0. 1. 0. 0. 0. 0. 0.], Predicted: [0. 1. 0. 0. 0. 0. 0.]
2024-10-23 20:49:52,997 - INFO - Sample 380: True: [0. 1. 0. 0. 0. 0. 0.], Predicted: [0. 1. 0. 0. 0. 0. 0.]
2024-10-23 20:49:52,998 - INFO - Sample 381: True: [0. 0. 1. 0. 0. 0. 0.], Predicted: [0. 1. 0. 0. 0. 0. 0.]
2024-10-23 20:49:52,998 - INFO - Sample 382: True: [0. 0. 0. 0. 0. 0. 1.], Predicted: [0. 0. 0. 0. 0. 0. 1.]
2024-10-23 20:49:52,998 - INFO - Sample 383: True: [0. 1. 0. 0. 0. 0. 0.], Predicted: [0. 1. 0. 0. 0. 0. 0.]
2024-10-23 20:49:52,998 - INFO - Sample 384: True: [0. 1. 0. 0. 0. 0. 0.], Predicted: [0. 1. 0. 0. 0. 0. 0.]
2024-10-23 20:49:53,394 - INFO - Sample 385: True: [0. 0. 0. 0. 1. 0. 0.], Predicted: [0. 1. 0. 0. 0. 0. 0.]
2024-10-23 20:49:53,395 - INFO - Sample 386: True: [0. 0. 0. 0. 1. 0. 0.], Predicted: [0. 0. 0. 0. 1. 0. 0.]
2024-10-23 20:49:53,395 - INFO - Sample 387: True: [0. 1. 0. 0. 0. 0. 0.], Predicted: [0. 1. 0. 0. 0. 0. 0.]
2024-10-23 20:49:53,395 - INFO - Sample 388: True: [0. 1. 0. 0. 0. 0. 0.], Predicted: [0. 1. 0. 0. 0. 0. 0.]
2024-10-23 20:49:53,395 - INFO - Sample 389: True: [1. 0. 0. 0. 0. 0. 0.], Predicted: [0. 1. 0. 0. 0. 0. 0.]
2024-10-23 20:49:53,396 - INFO - Sample 390: True: [0. 1. 0. 0. 0. 0. 0.], Predicted: [0. 1. 0. 0. 0. 0. 0.]
2024-10-23 20:49:53,396 - INFO - Sample 391: True: [0. 1. 0. 0. 0. 0. 0.], Predicted: [0. 1. 0. 0. 0. 0. 0.]
2024-10-23 20:49:53,396 - INFO - Sample 392: True: [0. 1. 0. 0. 0. 0. 0.], Predicted: [1. 0. 0. 0. 0. 0. 0.]
2024-10-23 20:49:53,396 - INFO - Sample 393: True: [0. 1. 0. 0. 0. 0. 0.], Predicted: [0. 1. 0. 0. 0. 0. 0.]
2024-10-23 20:49:53,396 - INFO - Sample 394: True: [0. 1. 0. 0. 0. 0. 0.], Predicted: [0. 1. 0. 0. 0. 0. 0.]
2024-10-23 20:49:53,396 - INFO - Sample 395: True: [0. 1. 0. 0. 0. 0. 0.], Predicted: [0. 1. 0. 0. 0. 0. 0.]
2024-10-23 20:49:53,397 - INFO - Sample 396: True: [0. 1. 0. 0. 0. 0. 0.], Predicted: [0. 1. 0. 0. 0. 0. 0.]
2024-10-23 20:49:53,397 - INFO - Sample 397: True: [1. 0. 0. 0. 0. 0. 0.], Predicted: [1. 0. 0. 0. 0. 0. 0.]
2024-10-23 20:49:53,397 - INFO - Sample 398: True: [0. 1. 0. 0. 0. 0. 0.], Predicted: [1. 0. 0. 0. 0. 0. 0.]
2024-10-23 20:49:53,397 - INFO - Sample 399: True: [0. 1. 0. 0. 0. 0. 0.], Predicted: [0. 1. 0. 0. 0. 0. 0.]
2024-10-23 20:49:53,397 - INFO - Sample 400: True: [0. 0. 0. 0. 1. 0. 0.], Predicted: [0. 0. 0. 0. 0. 0. 0.]
2024-10-23 20:49:53,397 - INFO - Sample 401: True: [0. 0. 0. 0. 1. 0. 0.], Predicted: [0. 0. 0. 0. 1. 0. 0.]
2024-10-23 20:49:53,398 - INFO - Sample 402: True: [0. 1. 0. 0. 0. 0. 0.], Predicted: [0. 1. 0. 0. 0. 0. 0.]
2024-10-23 20:49:53,398 - INFO - Sample 403: True: [0. 1. 0. 0. 0. 0. 0.], Predicted: [0. 1. 0. 0. 0. 0. 0.]
2024-10-23 20:49:53,398 - INFO - Sample 404: True: [1. 0. 0. 0. 0. 0. 0.], Predicted: [0. 0. 0. 0. 0. 0. 0.]
2024-10-23 20:49:53,398 - INFO - Sample 405: True: [0. 1. 0. 0. 0. 0. 0.], Predicted: [0. 1. 0. 0. 0. 0. 0.]
2024-10-23 20:49:53,398 - INFO - Sample 406: True: [0. 0. 1. 0. 0. 0. 0.], Predicted: [0. 0. 0. 0. 0. 0. 0.]
2024-10-23 20:49:53,399 - INFO - Sample 407: True: [0. 0. 0. 0. 0. 0. 1.], Predicted: [0. 0. 0. 0. 0. 0. 1.]
2024-10-23 20:49:53,399 - INFO - Sample 408: True: [0. 1. 0. 0. 0. 0. 0.], Predicted: [0. 1. 0. 0. 0. 0. 0.]
2024-10-23 20:49:53,399 - INFO - Sample 409: True: [0. 0. 0. 0. 1. 0. 0.], Predicted: [0. 0. 0. 1. 0. 0. 0.]
2024-10-23 20:49:53,399 - INFO - Sample 410: True: [0. 1. 0. 0. 0. 0. 0.], Predicted: [0. 1. 0. 0. 0. 0. 0.]
2024-10-23 20:49:53,399 - INFO - Sample 411: True: [0. 1. 0. 0. 0. 0. 0.], Predicted: [0. 1. 0. 0. 0. 0. 0.]
2024-10-23 20:49:53,399 - INFO - Sample 412: True: [0. 1. 0. 0. 0. 0. 0.], Predicted: [0. 1. 0. 0. 0. 0. 0.]
2024-10-23 20:49:53,400 - INFO - Sample 413: True: [0. 1. 0. 0. 0. 0. 0.], Predicted: [0. 1. 0. 0. 0. 0. 0.]
2024-10-23 20:49:53,400 - INFO - Sample 414: True: [0. 1. 0. 0. 0. 0. 0.], Predicted: [0. 0. 1. 0. 0. 0. 0.]
2024-10-23 20:49:53,400 - INFO - Sample 415: True: [0. 1. 0. 0. 0. 0. 0.], Predicted: [0. 1. 0. 0. 0. 0. 0.]
2024-10-23 20:49:53,400 - INFO - Sample 416: True: [0. 0. 1. 0. 0. 0. 0.], Predicted: [0. 0. 1. 0. 0. 0. 0.]
2024-10-23 20:49:53,796 - INFO - Sample 417: True: [0. 1. 0. 0. 0. 0. 0.], Predicted: [0. 1. 0. 0. 0. 0. 0.]
2024-10-23 20:49:53,796 - INFO - Sample 418: True: [0. 0. 0. 0. 1. 0. 0.], Predicted: [0. 0. 0. 0. 0. 0. 0.]
2024-10-23 20:49:53,796 - INFO - Sample 419: True: [1. 0. 0. 0. 0. 0. 0.], Predicted: [1. 0. 0. 0. 0. 0. 0.]
2024-10-23 20:49:53,797 - INFO - Sample 420: True: [0. 1. 0. 0. 0. 0. 0.], Predicted: [0. 1. 0. 0. 0. 0. 0.]
2024-10-23 20:49:53,797 - INFO - Sample 421: True: [0. 0. 0. 0. 0. 0. 1.], Predicted: [0. 0. 0. 0. 0. 1. 0.]
2024-10-23 20:49:53,797 - INFO - Sample 422: True: [0. 0. 1. 0. 0. 0. 0.], Predicted: [0. 0. 1. 1. 0. 0. 0.]
2024-10-23 20:49:53,797 - INFO - Sample 423: True: [0. 0. 0. 0. 1. 0. 0.], Predicted: [0. 0. 0. 0. 1. 0. 0.]
2024-10-23 20:49:53,797 - INFO - Sample 424: True: [0. 0. 0. 0. 0. 0. 1.], Predicted: [0. 0. 0. 0. 0. 0. 1.]
2024-10-23 20:49:53,798 - INFO - Sample 425: True: [0. 1. 0. 0. 0. 0. 0.], Predicted: [0. 1. 0. 0. 0. 0. 0.]
2024-10-23 20:49:53,798 - INFO - Sample 426: True: [0. 1. 0. 0. 0. 0. 0.], Predicted: [0. 1. 0. 0. 0. 0. 0.]
2024-10-23 20:49:53,798 - INFO - Sample 427: True: [1. 0. 0. 0. 0. 0. 0.], Predicted: [1. 0. 0. 0. 0. 0. 0.]
2024-10-23 20:49:53,798 - INFO - Sample 428: True: [1. 0. 0. 0. 0. 0. 0.], Predicted: [1. 0. 0. 0. 0. 0. 0.]
2024-10-23 20:49:53,798 - INFO - Sample 429: True: [1. 0. 0. 0. 0. 0. 0.], Predicted: [1. 0. 0. 0. 0. 0. 0.]
2024-10-23 20:49:53,798 - INFO - Sample 430: True: [0. 0. 1. 0. 0. 0. 0.], Predicted: [1. 0. 1. 0. 0. 0. 0.]
2024-10-23 20:49:53,799 - INFO - Sample 431: True: [0. 0. 0. 1. 0. 0. 0.], Predicted: [0. 0. 0. 1. 0. 0. 0.]
2024-10-23 20:49:53,799 - INFO - Sample 432: True: [0. 1. 0. 0. 0. 0. 0.], Predicted: [0. 1. 0. 0. 0. 0. 0.]
2024-10-23 20:49:53,799 - INFO - Sample 433: True: [0. 1. 0. 0. 0. 0. 0.], Predicted: [0. 1. 0. 0. 0. 0. 0.]
2024-10-23 20:49:53,799 - INFO - Sample 434: True: [0. 1. 0. 0. 0. 0. 0.], Predicted: [0. 1. 0. 0. 0. 0. 0.]
2024-10-23 20:49:53,799 - INFO - Sample 435: True: [0. 0. 1. 0. 0. 0. 0.], Predicted: [0. 0. 0. 0. 1. 0. 0.]
2024-10-23 20:49:53,800 - INFO - Sample 436: True: [0. 1. 0. 0. 0. 0. 0.], Predicted: [0. 1. 0. 0. 0. 0. 0.]
2024-10-23 20:49:53,800 - INFO - Sample 437: True: [0. 1. 0. 0. 0. 0. 0.], Predicted: [0. 1. 0. 0. 0. 0. 0.]
2024-10-23 20:49:53,800 - INFO - Sample 438: True: [0. 0. 0. 1. 0. 0. 0.], Predicted: [0. 1. 0. 0. 0. 0. 0.]
2024-10-23 20:49:53,800 - INFO - Sample 439: True: [1. 0. 0. 0. 0. 0. 0.], Predicted: [1. 0. 0. 0. 0. 0. 0.]
2024-10-23 20:49:53,800 - INFO - Sample 440: True: [0. 0. 0. 0. 1. 0. 0.], Predicted: [0. 1. 0. 0. 0. 0. 0.]
2024-10-23 20:49:53,800 - INFO - Sample 441: True: [0. 1. 0. 0. 0. 0. 0.], Predicted: [0. 1. 0. 0. 0. 0. 0.]
2024-10-23 20:49:53,801 - INFO - Sample 442: True: [0. 1. 0. 0. 0. 0. 0.], Predicted: [0. 1. 0. 0. 0. 0. 0.]
2024-10-23 20:49:53,801 - INFO - Sample 443: True: [0. 1. 0. 0. 0. 0. 0.], Predicted: [0. 1. 0. 0. 0. 0. 0.]
2024-10-23 20:49:53,801 - INFO - Sample 444: True: [0. 1. 0. 0. 0. 0. 0.], Predicted: [0. 1. 0. 0. 0. 0. 0.]
2024-10-23 20:49:53,801 - INFO - Sample 445: True: [0. 1. 0. 0. 0. 0. 0.], Predicted: [0. 1. 0. 0. 0. 0. 0.]
2024-10-23 20:49:53,801 - INFO - Sample 446: True: [0. 1. 0. 0. 0. 0. 0.], Predicted: [0. 1. 0. 0. 0. 0. 0.]
2024-10-23 20:49:53,801 - INFO - Sample 447: True: [0. 1. 0. 0. 0. 0. 0.], Predicted: [0. 1. 0. 0. 0. 0. 0.]
2024-10-23 20:49:53,802 - INFO - Sample 448: True: [0. 0. 0. 0. 1. 0. 0.], Predicted: [0. 0. 0. 0. 1. 0. 0.]
2024-10-23 20:49:54,196 - INFO - Sample 449: True: [0. 0. 0. 1. 0. 0. 0.], Predicted: [0. 0. 0. 1. 0. 0. 0.]
2024-10-23 20:49:54,196 - INFO - Sample 450: True: [0. 1. 0. 0. 0. 0. 0.], Predicted: [0. 1. 0. 0. 0. 0. 0.]
2024-10-23 20:49:54,196 - INFO - Sample 451: True: [0. 1. 0. 0. 0. 0. 0.], Predicted: [0. 1. 0. 0. 0. 0. 0.]
2024-10-23 20:49:54,196 - INFO - Sample 452: True: [0. 1. 0. 0. 0. 0. 0.], Predicted: [0. 1. 0. 0. 0. 0. 0.]
2024-10-23 20:49:54,197 - INFO - Sample 453: True: [0. 1. 0. 0. 0. 0. 0.], Predicted: [0. 1. 0. 0. 0. 0. 0.]
2024-10-23 20:49:54,197 - INFO - Sample 454: True: [0. 0. 0. 0. 1. 0. 0.], Predicted: [0. 0. 0. 0. 1. 0. 0.]
2024-10-23 20:49:54,197 - INFO - Sample 455: True: [1. 0. 0. 0. 0. 0. 0.], Predicted: [1. 0. 0. 0. 0. 0. 0.]
2024-10-23 20:49:54,197 - INFO - Sample 456: True: [0. 1. 0. 0. 0. 0. 0.], Predicted: [0. 1. 0. 0. 0. 0. 0.]
2024-10-23 20:49:54,197 - INFO - Sample 457: True: [0. 1. 0. 0. 0. 0. 0.], Predicted: [0. 1. 0. 0. 0. 0. 0.]
2024-10-23 20:49:54,198 - INFO - Sample 458: True: [0. 1. 0. 0. 0. 0. 0.], Predicted: [0. 1. 0. 0. 0. 0. 0.]
2024-10-23 20:49:54,198 - INFO - Sample 459: True: [0. 1. 0. 0. 0. 0. 0.], Predicted: [0. 1. 0. 0. 0. 0. 0.]
2024-10-23 20:49:54,198 - INFO - Sample 460: True: [0. 0. 0. 0. 1. 0. 0.], Predicted: [0. 0. 0. 0. 1. 0. 0.]
2024-10-23 20:49:54,198 - INFO - Sample 461: True: [0. 0. 0. 0. 1. 0. 0.], Predicted: [0. 0. 0. 0. 0. 0. 0.]
2024-10-23 20:49:54,198 - INFO - Sample 462: True: [0. 0. 1. 0. 0. 0. 0.], Predicted: [0. 0. 0. 0. 0. 0. 0.]
2024-10-23 20:49:54,198 - INFO - Sample 463: True: [0. 1. 0. 0. 0. 0. 0.], Predicted: [0. 1. 0. 0. 0. 0. 0.]
2024-10-23 20:49:54,199 - INFO - Sample 464: True: [0. 0. 0. 0. 1. 0. 0.], Predicted: [0. 1. 0. 0. 0. 0. 0.]
2024-10-23 20:49:54,199 - INFO - Sample 465: True: [1. 0. 0. 0. 0. 0. 0.], Predicted: [1. 0. 0. 0. 0. 0. 0.]
2024-10-23 20:49:54,199 - INFO - Sample 466: True: [0. 0. 0. 0. 1. 0. 0.], Predicted: [0. 0. 0. 0. 1. 0. 0.]
2024-10-23 20:49:54,199 - INFO - Sample 467: True: [1. 0. 0. 0. 0. 0. 0.], Predicted: [0. 1. 0. 0. 0. 0. 0.]
2024-10-23 20:49:54,199 - INFO - Sample 468: True: [0. 0. 0. 1. 0. 0. 0.], Predicted: [0. 0. 0. 1. 0. 0. 0.]
2024-10-23 20:49:54,200 - INFO - Sample 469: True: [0. 1. 0. 0. 0. 0. 0.], Predicted: [0. 1. 0. 0. 0. 0. 0.]
2024-10-23 20:49:54,200 - INFO - Sample 470: True: [0. 1. 0. 0. 0. 0. 0.], Predicted: [0. 1. 0. 0. 0. 0. 0.]
2024-10-23 20:49:54,200 - INFO - Sample 471: True: [0. 0. 0. 0. 1. 0. 0.], Predicted: [0. 0. 0. 0. 1. 0. 0.]
2024-10-23 20:49:54,200 - INFO - Sample 472: True: [0. 1. 0. 0. 0. 0. 0.], Predicted: [0. 1. 0. 0. 0. 0. 0.]
2024-10-23 20:49:54,200 - INFO - Sample 473: True: [0. 1. 0. 0. 0. 0. 0.], Predicted: [0. 1. 0. 0. 0. 0. 0.]
2024-10-23 20:49:54,200 - INFO - Sample 474: True: [0. 1. 0. 0. 0. 0. 0.], Predicted: [0. 1. 0. 0. 0. 0. 0.]
2024-10-23 20:49:54,201 - INFO - Sample 475: True: [0. 0. 0. 1. 0. 0. 0.], Predicted: [0. 0. 1. 0. 0. 0. 0.]
2024-10-23 20:49:54,201 - INFO - Sample 476: True: [0. 1. 0. 0. 0. 0. 0.], Predicted: [0. 1. 0. 0. 0. 0. 0.]
2024-10-23 20:49:54,201 - INFO - Sample 477: True: [0. 0. 0. 0. 1. 0. 0.], Predicted: [0. 0. 0. 0. 1. 0. 0.]
2024-10-23 20:49:54,201 - INFO - Sample 478: True: [0. 1. 0. 0. 0. 0. 0.], Predicted: [0. 1. 0. 0. 0. 0. 0.]
2024-10-23 20:49:54,201 - INFO - Sample 479: True: [0. 0. 0. 0. 0. 1. 0.], Predicted: [0. 0. 0. 0. 1. 0. 0.]
2024-10-23 20:49:54,202 - INFO - Sample 480: True: [0. 1. 0. 0. 0. 0. 0.], Predicted: [0. 1. 0. 0. 0. 0. 0.]
2024-10-23 20:49:54,593 - INFO - Sample 481: True: [0. 1. 0. 0. 0. 0. 0.], Predicted: [0. 1. 0. 0. 0. 0. 0.]
2024-10-23 20:49:54,593 - INFO - Sample 482: True: [0. 1. 0. 0. 0. 0. 0.], Predicted: [0. 1. 0. 0. 0. 0. 0.]
2024-10-23 20:49:54,594 - INFO - Sample 483: True: [0. 1. 0. 0. 0. 0. 0.], Predicted: [0. 1. 0. 0. 0. 0. 0.]
2024-10-23 20:49:54,594 - INFO - Sample 484: True: [0. 1. 0. 0. 0. 0. 0.], Predicted: [0. 1. 0. 0. 0. 0. 0.]
2024-10-23 20:49:54,594 - INFO - Sample 485: True: [0. 0. 0. 0. 1. 0. 0.], Predicted: [0. 0. 0. 0. 1. 0. 0.]
2024-10-23 20:49:54,595 - INFO - Sample 486: True: [0. 1. 0. 0. 0. 0. 0.], Predicted: [0. 1. 0. 0. 0. 0. 0.]
2024-10-23 20:49:54,595 - INFO - Sample 487: True: [0. 1. 0. 0. 0. 0. 0.], Predicted: [0. 1. 0. 0. 0. 0. 0.]
2024-10-23 20:49:54,595 - INFO - Sample 488: True: [1. 0. 0. 0. 0. 0. 0.], Predicted: [0. 1. 0. 0. 0. 0. 0.]
2024-10-23 20:49:54,595 - INFO - Sample 489: True: [0. 1. 0. 0. 0. 0. 0.], Predicted: [0. 1. 0. 0. 0. 0. 0.]
2024-10-23 20:49:54,595 - INFO - Sample 490: True: [0. 1. 0. 0. 0. 0. 0.], Predicted: [0. 0. 0. 0. 0. 0. 0.]
2024-10-23 20:49:54,596 - INFO - Sample 491: True: [0. 1. 0. 0. 0. 0. 0.], Predicted: [0. 1. 0. 0. 0. 0. 0.]
2024-10-23 20:49:54,596 - INFO - Sample 492: True: [0. 1. 0. 0. 0. 0. 0.], Predicted: [0. 1. 0. 0. 0. 0. 0.]
2024-10-23 20:49:54,596 - INFO - Sample 493: True: [0. 0. 1. 0. 0. 0. 0.], Predicted: [1. 0. 0. 0. 0. 0. 0.]
2024-10-23 20:49:54,596 - INFO - Sample 494: True: [0. 1. 0. 0. 0. 0. 0.], Predicted: [0. 1. 0. 0. 0. 0. 0.]
2024-10-23 20:49:54,597 - INFO - Sample 495: True: [0. 0. 0. 0. 1. 0. 0.], Predicted: [0. 0. 0. 0. 1. 0. 0.]
2024-10-23 20:49:54,597 - INFO - Sample 496: True: [0. 0. 0. 1. 0. 0. 0.], Predicted: [0. 0. 0. 0. 0. 0. 0.]
2024-10-23 20:49:54,597 - INFO - Sample 497: True: [0. 1. 0. 0. 0. 0. 0.], Predicted: [0. 1. 0. 0. 0. 0. 0.]
2024-10-23 20:49:54,597 - INFO - Sample 498: True: [0. 1. 0. 0. 0. 0. 0.], Predicted: [0. 1. 0. 0. 0. 0. 0.]
2024-10-23 20:49:54,598 - INFO - Sample 499: True: [0. 0. 0. 0. 1. 0. 0.], Predicted: [0. 0. 0. 0. 1. 0. 0.]
2024-10-23 20:49:54,598 - INFO - Sample 500: True: [0. 0. 1. 0. 0. 0. 0.], Predicted: [0. 0. 1. 0. 0. 0. 0.]
2024-10-23 20:49:54,598 - INFO - Sample 501: True: [0. 1. 0. 0. 0. 0. 0.], Predicted: [0. 1. 0. 0. 0. 0. 0.]
2024-10-23 20:49:54,598 - INFO - Sample 502: True: [0. 0. 0. 0. 1. 0. 0.], Predicted: [0. 0. 0. 0. 1. 0. 0.]
2024-10-23 20:49:54,599 - INFO - Sample 503: True: [0. 1. 0. 0. 0. 0. 0.], Predicted: [0. 1. 0. 0. 0. 0. 0.]
2024-10-23 20:49:54,599 - INFO - Sample 504: True: [0. 0. 0. 0. 1. 0. 0.], Predicted: [0. 1. 0. 0. 0. 0. 0.]
2024-10-23 20:49:54,599 - INFO - Sample 505: True: [0. 1. 0. 0. 0. 0. 0.], Predicted: [0. 1. 0. 0. 0. 0. 0.]
2024-10-23 20:49:54,599 - INFO - Sample 506: True: [0. 0. 0. 0. 1. 0. 0.], Predicted: [0. 0. 0. 0. 1. 0. 0.]
2024-10-23 20:49:54,600 - INFO - Sample 507: True: [0. 0. 0. 0. 1. 0. 0.], Predicted: [1. 0. 0. 0. 0. 0. 0.]
2024-10-23 20:49:54,600 - INFO - Sample 508: True: [0. 0. 1. 0. 0. 0. 0.], Predicted: [0. 0. 1. 0. 0. 0. 0.]
2024-10-23 20:49:54,600 - INFO - Sample 509: True: [0. 0. 0. 0. 0. 1. 0.], Predicted: [0. 0. 0. 0. 0. 0. 0.]
2024-10-23 20:49:54,600 - INFO - Sample 510: True: [0. 0. 0. 0. 1. 0. 0.], Predicted: [0. 0. 0. 0. 1. 0. 0.]
2024-10-23 20:49:54,601 - INFO - Sample 511: True: [0. 1. 0. 0. 0. 0. 0.], Predicted: [0. 1. 0. 0. 0. 0. 0.]
2024-10-23 20:49:54,601 - INFO - Sample 512: True: [0. 1. 0. 0. 0. 0. 0.], Predicted: [0. 1. 0. 0. 0. 0. 0.]
2024-10-23 20:49:54,996 - INFO - Sample 513: True: [0. 1. 0. 0. 0. 0. 0.], Predicted: [0. 0. 0. 0. 0. 0. 0.]
2024-10-23 20:49:54,997 - INFO - Sample 514: True: [1. 0. 0. 0. 0. 0. 0.], Predicted: [1. 0. 0. 0. 0. 0. 0.]
2024-10-23 20:49:54,997 - INFO - Sample 515: True: [1. 0. 0. 0. 0. 0. 0.], Predicted: [0. 0. 0. 0. 1. 0. 0.]
2024-10-23 20:49:54,997 - INFO - Sample 516: True: [0. 1. 0. 0. 0. 0. 0.], Predicted: [0. 1. 0. 0. 0. 0. 0.]
2024-10-23 20:49:54,997 - INFO - Sample 517: True: [0. 1. 0. 0. 0. 0. 0.], Predicted: [0. 0. 0. 0. 0. 0. 0.]
2024-10-23 20:49:54,998 - INFO - Sample 518: True: [0. 1. 0. 0. 0. 0. 0.], Predicted: [0. 1. 0. 0. 0. 0. 0.]
2024-10-23 20:49:54,998 - INFO - Sample 519: True: [0. 1. 0. 0. 0. 0. 0.], Predicted: [0. 1. 0. 0. 0. 0. 0.]
2024-10-23 20:49:54,998 - INFO - Sample 520: True: [0. 1. 0. 0. 0. 0. 0.], Predicted: [0. 1. 0. 0. 0. 0. 0.]
2024-10-23 20:49:54,998 - INFO - Sample 521: True: [0. 0. 0. 0. 0. 1. 0.], Predicted: [0. 1. 0. 0. 0. 0. 0.]
2024-10-23 20:49:54,999 - INFO - Sample 522: True: [0. 1. 0. 0. 0. 0. 0.], Predicted: [0. 1. 0. 0. 0. 0. 0.]
2024-10-23 20:49:54,999 - INFO - Sample 523: True: [0. 1. 0. 0. 0. 0. 0.], Predicted: [0. 1. 0. 0. 0. 0. 0.]
2024-10-23 20:49:54,999 - INFO - Sample 524: True: [0. 0. 0. 0. 1. 0. 0.], Predicted: [0. 0. 0. 0. 1. 0. 0.]
2024-10-23 20:49:54,999 - INFO - Sample 525: True: [0. 1. 0. 0. 0. 0. 0.], Predicted: [0. 1. 0. 0. 0. 0. 0.]
2024-10-23 20:49:55,000 - INFO - Sample 526: True: [0. 1. 0. 0. 0. 0. 0.], Predicted: [0. 1. 0. 0. 0. 0. 0.]
2024-10-23 20:49:55,000 - INFO - Sample 527: True: [0. 1. 0. 0. 0. 0. 0.], Predicted: [0. 1. 0. 0. 0. 0. 0.]
2024-10-23 20:49:55,000 - INFO - Sample 528: True: [0. 1. 0. 0. 0. 0. 0.], Predicted: [0. 1. 0. 0. 0. 0. 0.]
2024-10-23 20:49:55,000 - INFO - Sample 529: True: [0. 1. 0. 0. 0. 0. 0.], Predicted: [0. 1. 0. 0. 0. 0. 0.]
2024-10-23 20:49:55,001 - INFO - Sample 530: True: [0. 1. 0. 0. 0. 0. 0.], Predicted: [0. 1. 0. 0. 0. 0. 0.]
2024-10-23 20:49:55,001 - INFO - Sample 531: True: [0. 0. 0. 0. 0. 1. 0.], Predicted: [0. 0. 0. 0. 0. 0. 0.]
2024-10-23 20:49:55,001 - INFO - Sample 532: True: [0. 1. 0. 0. 0. 0. 0.], Predicted: [0. 1. 0. 0. 0. 0. 0.]
2024-10-23 20:49:55,001 - INFO - Sample 533: True: [0. 1. 0. 0. 0. 0. 0.], Predicted: [0. 1. 0. 0. 0. 0. 0.]
2024-10-23 20:49:55,002 - INFO - Sample 534: True: [0. 1. 0. 0. 0. 0. 0.], Predicted: [0. 0. 0. 0. 0. 0. 0.]
2024-10-23 20:49:55,002 - INFO - Sample 535: True: [0. 1. 0. 0. 0. 0. 0.], Predicted: [0. 0. 0. 0. 0. 0. 0.]
2024-10-23 20:49:55,002 - INFO - Sample 536: True: [1. 0. 0. 0. 0. 0. 0.], Predicted: [1. 0. 0. 0. 0. 0. 0.]
2024-10-23 20:49:55,002 - INFO - Sample 537: True: [0. 1. 0. 0. 0. 0. 0.], Predicted: [0. 1. 0. 0. 0. 0. 0.]
2024-10-23 20:49:55,002 - INFO - Sample 538: True: [0. 0. 1. 0. 0. 0. 0.], Predicted: [0. 0. 0. 1. 0. 0. 0.]
2024-10-23 20:49:55,003 - INFO - Sample 539: True: [0. 1. 0. 0. 0. 0. 0.], Predicted: [0. 1. 0. 0. 0. 0. 0.]
2024-10-23 20:49:55,003 - INFO - Sample 540: True: [0. 1. 0. 0. 0. 0. 0.], Predicted: [0. 1. 0. 0. 0. 0. 0.]
2024-10-23 20:49:55,003 - INFO - Sample 541: True: [0. 0. 0. 0. 1. 0. 0.], Predicted: [0. 1. 0. 0. 0. 0. 0.]
2024-10-23 20:49:55,003 - INFO - Sample 542: True: [0. 0. 0. 0. 1. 0. 0.], Predicted: [0. 0. 0. 0. 1. 0. 0.]
2024-10-23 20:49:55,004 - INFO - Sample 543: True: [0. 1. 0. 0. 0. 0. 0.], Predicted: [0. 1. 0. 0. 0. 0. 0.]
2024-10-23 20:49:55,004 - INFO - Sample 544: True: [0. 0. 0. 1. 0. 0. 0.], Predicted: [0. 1. 0. 0. 0. 0. 0.]
2024-10-23 20:49:55,406 - INFO - Sample 545: True: [0. 1. 0. 0. 0. 0. 0.], Predicted: [0. 1. 0. 0. 0. 0. 0.]
2024-10-23 20:49:55,407 - INFO - Sample 546: True: [0. 1. 0. 0. 0. 0. 0.], Predicted: [0. 1. 0. 0. 0. 0. 0.]
2024-10-23 20:49:55,407 - INFO - Sample 547: True: [1. 0. 0. 0. 0. 0. 0.], Predicted: [1. 0. 0. 0. 0. 0. 0.]
2024-10-23 20:49:55,407 - INFO - Sample 548: True: [0. 1. 0. 0. 0. 0. 0.], Predicted: [0. 1. 0. 0. 0. 0. 0.]
2024-10-23 20:49:55,407 - INFO - Sample 549: True: [0. 1. 0. 0. 0. 0. 0.], Predicted: [0. 1. 0. 0. 0. 0. 0.]
2024-10-23 20:49:55,407 - INFO - Sample 550: True: [0. 1. 0. 0. 0. 0. 0.], Predicted: [0. 1. 0. 0. 0. 0. 0.]
2024-10-23 20:49:55,408 - INFO - Sample 551: True: [0. 1. 0. 0. 0. 0. 0.], Predicted: [0. 1. 0. 0. 0. 0. 0.]
2024-10-23 20:49:55,408 - INFO - Sample 552: True: [0. 1. 0. 0. 0. 0. 0.], Predicted: [0. 1. 0. 0. 0. 0. 0.]
2024-10-23 20:49:55,408 - INFO - Sample 553: True: [0. 1. 0. 0. 0. 0. 0.], Predicted: [0. 1. 0. 0. 0. 0. 0.]
2024-10-23 20:49:55,408 - INFO - Sample 554: True: [0. 1. 0. 0. 0. 0. 0.], Predicted: [0. 1. 0. 0. 0. 0. 0.]
2024-10-23 20:49:55,408 - INFO - Sample 555: True: [1. 0. 0. 0. 0. 0. 0.], Predicted: [0. 0. 0. 0. 0. 0. 0.]
2024-10-23 20:49:55,408 - INFO - Sample 556: True: [1. 0. 0. 0. 0. 0. 0.], Predicted: [0. 1. 0. 0. 0. 0. 0.]
2024-10-23 20:49:55,409 - INFO - Sample 557: True: [0. 1. 0. 0. 0. 0. 0.], Predicted: [0. 1. 0. 0. 0. 0. 0.]
2024-10-23 20:49:55,409 - INFO - Sample 558: True: [0. 1. 0. 0. 0. 0. 0.], Predicted: [0. 1. 0. 0. 0. 0. 0.]
2024-10-23 20:49:55,409 - INFO - Sample 559: True: [0. 1. 0. 0. 0. 0. 0.], Predicted: [0. 1. 0. 0. 0. 0. 0.]
2024-10-23 20:49:55,409 - INFO - Sample 560: True: [0. 1. 0. 0. 0. 0. 0.], Predicted: [0. 1. 0. 0. 0. 0. 0.]
2024-10-23 20:49:55,409 - INFO - Sample 561: True: [0. 0. 0. 0. 1. 0. 0.], Predicted: [0. 0. 0. 0. 1. 0. 0.]
2024-10-23 20:49:55,409 - INFO - Sample 562: True: [0. 1. 0. 0. 0. 0. 0.], Predicted: [0. 1. 0. 0. 0. 0. 0.]
2024-10-23 20:49:55,410 - INFO - Sample 563: True: [0. 1. 0. 0. 0. 0. 0.], Predicted: [0. 1. 0. 0. 0. 0. 0.]
2024-10-23 20:49:55,410 - INFO - Sample 564: True: [0. 1. 0. 0. 0. 0. 0.], Predicted: [0. 1. 0. 0. 0. 0. 0.]
2024-10-23 20:49:55,410 - INFO - Sample 565: True: [1. 0. 0. 0. 0. 0. 0.], Predicted: [0. 0. 0. 0. 0. 0. 0.]
2024-10-23 20:49:55,410 - INFO - Sample 566: True: [0. 1. 0. 0. 0. 0. 0.], Predicted: [0. 1. 0. 0. 0. 0. 0.]
2024-10-23 20:49:55,410 - INFO - Sample 567: True: [0. 1. 0. 0. 0. 0. 0.], Predicted: [0. 0. 1. 0. 0. 0. 0.]
2024-10-23 20:49:55,411 - INFO - Sample 568: True: [0. 1. 0. 0. 0. 0. 0.], Predicted: [0. 1. 0. 0. 0. 0. 0.]
2024-10-23 20:49:55,411 - INFO - Sample 569: True: [0. 1. 0. 0. 0. 0. 0.], Predicted: [0. 1. 0. 0. 0. 0. 0.]
2024-10-23 20:49:55,411 - INFO - Sample 570: True: [0. 0. 0. 0. 1. 0. 0.], Predicted: [0. 1. 0. 0. 0. 0. 0.]
2024-10-23 20:49:55,411 - INFO - Sample 571: True: [0. 1. 0. 0. 0. 0. 0.], Predicted: [0. 1. 0. 0. 0. 0. 0.]
2024-10-23 20:49:55,411 - INFO - Sample 572: True: [0. 0. 1. 0. 0. 0. 0.], Predicted: [0. 0. 1. 0. 0. 0. 0.]
2024-10-23 20:49:55,412 - INFO - Sample 573: True: [0. 1. 0. 0. 0. 0. 0.], Predicted: [0. 1. 0. 0. 0. 0. 0.]
2024-10-23 20:49:55,412 - INFO - Sample 574: True: [0. 1. 0. 0. 0. 0. 0.], Predicted: [0. 1. 0. 0. 0. 0. 0.]
2024-10-23 20:49:55,412 - INFO - Sample 575: True: [0. 0. 0. 0. 1. 0. 0.], Predicted: [0. 0. 0. 0. 1. 0. 0.]
2024-10-23 20:49:55,412 - INFO - Sample 576: True: [0. 0. 0. 0. 1. 0. 0.], Predicted: [0. 0. 0. 0. 1. 0. 0.]
2024-10-23 20:49:55,810 - INFO - Sample 577: True: [0. 1. 0. 0. 0. 0. 0.], Predicted: [0. 1. 0. 0. 0. 0. 0.]
2024-10-23 20:49:55,811 - INFO - Sample 578: True: [0. 0. 1. 0. 0. 0. 0.], Predicted: [0. 0. 1. 0. 0. 0. 0.]
2024-10-23 20:49:55,811 - INFO - Sample 579: True: [0. 1. 0. 0. 0. 0. 0.], Predicted: [0. 1. 0. 0. 0. 0. 0.]
2024-10-23 20:49:55,811 - INFO - Sample 580: True: [0. 1. 0. 0. 0. 0. 0.], Predicted: [0. 1. 0. 0. 0. 0. 0.]
2024-10-23 20:49:55,811 - INFO - Sample 581: True: [0. 0. 0. 0. 1. 0. 0.], Predicted: [0. 0. 0. 0. 1. 0. 0.]
2024-10-23 20:49:55,811 - INFO - Sample 582: True: [0. 1. 0. 0. 0. 0. 0.], Predicted: [0. 1. 0. 0. 0. 0. 0.]
2024-10-23 20:49:55,812 - INFO - Sample 583: True: [0. 0. 0. 1. 0. 0. 0.], Predicted: [0. 0. 0. 1. 0. 0. 0.]
2024-10-23 20:49:55,812 - INFO - Sample 584: True: [0. 1. 0. 0. 0. 0. 0.], Predicted: [0. 1. 0. 0. 0. 0. 0.]
2024-10-23 20:49:55,812 - INFO - Sample 585: True: [0. 0. 0. 1. 0. 0. 0.], Predicted: [0. 0. 0. 1. 0. 0. 0.]
2024-10-23 20:49:55,812 - INFO - Sample 586: True: [0. 0. 1. 0. 0. 0. 0.], Predicted: [0. 0. 1. 0. 0. 0. 0.]
2024-10-23 20:49:55,812 - INFO - Sample 587: True: [0. 1. 0. 0. 0. 0. 0.], Predicted: [0. 1. 0. 0. 0. 0. 0.]
2024-10-23 20:49:55,812 - INFO - Sample 588: True: [0. 1. 0. 0. 0. 0. 0.], Predicted: [0. 1. 0. 0. 0. 0. 0.]
2024-10-23 20:49:55,813 - INFO - Sample 589: True: [0. 1. 0. 0. 0. 0. 0.], Predicted: [0. 1. 0. 0. 0. 0. 0.]
2024-10-23 20:49:55,813 - INFO - Sample 590: True: [1. 0. 0. 0. 0. 0. 0.], Predicted: [0. 0. 1. 0. 0. 0. 0.]
2024-10-23 20:49:55,813 - INFO - Sample 591: True: [0. 0. 0. 0. 1. 0. 0.], Predicted: [0. 0. 0. 0. 1. 0. 0.]
2024-10-23 20:49:55,813 - INFO - Sample 592: True: [0. 1. 0. 0. 0. 0. 0.], Predicted: [1. 0. 0. 0. 0. 0. 0.]
2024-10-23 20:49:55,813 - INFO - Sample 593: True: [0. 0. 0. 0. 1. 0. 0.], Predicted: [0. 0. 0. 0. 0. 0. 0.]
2024-10-23 20:49:55,814 - INFO - Sample 594: True: [0. 0. 0. 1. 0. 0. 0.], Predicted: [0. 0. 0. 1. 0. 0. 0.]
2024-10-23 20:49:55,814 - INFO - Sample 595: True: [0. 1. 0. 0. 0. 0. 0.], Predicted: [0. 1. 0. 0. 0. 0. 0.]
2024-10-23 20:49:55,814 - INFO - Sample 596: True: [1. 0. 0. 0. 0. 0. 0.], Predicted: [1. 0. 0. 0. 0. 0. 0.]
2024-10-23 20:49:55,814 - INFO - Sample 597: True: [0. 0. 0. 0. 1. 0. 0.], Predicted: [0. 0. 0. 0. 1. 0. 0.]
2024-10-23 20:49:55,814 - INFO - Sample 598: True: [0. 1. 0. 0. 0. 0. 0.], Predicted: [0. 1. 0. 0. 0. 0. 0.]
2024-10-23 20:49:55,814 - INFO - Sample 599: True: [0. 1. 0. 0. 0. 0. 0.], Predicted: [0. 1. 0. 0. 0. 0. 0.]
2024-10-23 20:49:55,815 - INFO - Sample 600: True: [0. 1. 0. 0. 0. 0. 0.], Predicted: [0. 1. 0. 0. 0. 0. 0.]
2024-10-23 20:49:55,815 - INFO - Sample 601: True: [0. 1. 0. 0. 0. 0. 0.], Predicted: [0. 1. 0. 0. 0. 0. 0.]
2024-10-23 20:49:55,815 - INFO - Sample 602: True: [0. 0. 0. 0. 1. 0. 0.], Predicted: [0. 1. 0. 0. 0. 0. 0.]
2024-10-23 20:49:55,815 - INFO - Sample 603: True: [0. 1. 0. 0. 0. 0. 0.], Predicted: [0. 1. 0. 0. 0. 0. 0.]
2024-10-23 20:49:55,815 - INFO - Sample 604: True: [0. 1. 0. 0. 0. 0. 0.], Predicted: [0. 1. 0. 0. 0. 0. 0.]
2024-10-23 20:49:55,815 - INFO - Sample 605: True: [1. 0. 0. 0. 0. 0. 0.], Predicted: [0. 1. 0. 0. 0. 0. 0.]
2024-10-23 20:49:55,816 - INFO - Sample 606: True: [0. 1. 0. 0. 0. 0. 0.], Predicted: [0. 1. 0. 0. 0. 0. 0.]
2024-10-23 20:49:55,816 - INFO - Sample 607: True: [0. 0. 0. 0. 1. 0. 0.], Predicted: [0. 0. 0. 0. 1. 0. 0.]
2024-10-23 20:49:55,816 - INFO - Sample 608: True: [0. 1. 0. 0. 0. 0. 0.], Predicted: [0. 1. 0. 0. 0. 0. 0.]
2024-10-23 20:49:56,216 - INFO - Sample 609: True: [0. 1. 0. 0. 0. 0. 0.], Predicted: [0. 1. 0. 0. 0. 0. 0.]
2024-10-23 20:49:56,217 - INFO - Sample 610: True: [0. 1. 0. 0. 0. 0. 0.], Predicted: [0. 1. 0. 0. 0. 0. 0.]
2024-10-23 20:49:56,217 - INFO - Sample 611: True: [0. 1. 0. 0. 0. 0. 0.], Predicted: [0. 1. 0. 0. 0. 0. 0.]
2024-10-23 20:49:56,217 - INFO - Sample 612: True: [0. 0. 0. 0. 0. 1. 0.], Predicted: [0. 0. 0. 0. 0. 0. 0.]
2024-10-23 20:49:56,217 - INFO - Sample 613: True: [0. 1. 0. 0. 0. 0. 0.], Predicted: [0. 1. 0. 0. 0. 0. 0.]
2024-10-23 20:49:56,217 - INFO - Sample 614: True: [0. 0. 0. 1. 0. 0. 0.], Predicted: [0. 0. 0. 1. 0. 0. 0.]
2024-10-23 20:49:56,218 - INFO - Sample 615: True: [0. 1. 0. 0. 0. 0. 0.], Predicted: [0. 0. 0. 0. 1. 0. 0.]
2024-10-23 20:49:56,218 - INFO - Sample 616: True: [0. 0. 0. 0. 1. 0. 0.], Predicted: [0. 0. 0. 0. 1. 0. 0.]
2024-10-23 20:49:56,218 - INFO - Sample 617: True: [0. 1. 0. 0. 0. 0. 0.], Predicted: [0. 1. 0. 0. 0. 0. 0.]
2024-10-23 20:49:56,218 - INFO - Sample 618: True: [0. 1. 0. 0. 0. 0. 0.], Predicted: [0. 1. 0. 0. 0. 0. 0.]
2024-10-23 20:49:56,218 - INFO - Sample 619: True: [0. 0. 0. 0. 1. 0. 0.], Predicted: [0. 0. 0. 0. 1. 0. 0.]
2024-10-23 20:49:56,219 - INFO - Sample 620: True: [0. 0. 0. 0. 1. 0. 0.], Predicted: [0. 0. 0. 0. 1. 0. 0.]
2024-10-23 20:49:56,219 - INFO - Sample 621: True: [0. 1. 0. 0. 0. 0. 0.], Predicted: [0. 1. 0. 0. 0. 0. 0.]
2024-10-23 20:49:56,219 - INFO - Sample 622: True: [0. 1. 0. 0. 0. 0. 0.], Predicted: [0. 1. 0. 0. 0. 0. 0.]
2024-10-23 20:49:56,219 - INFO - Sample 623: True: [0. 1. 0. 0. 0. 0. 0.], Predicted: [0. 1. 0. 0. 0. 0. 0.]
2024-10-23 20:49:56,219 - INFO - Sample 624: True: [0. 1. 0. 0. 0. 0. 0.], Predicted: [0. 1. 0. 0. 0. 0. 0.]
2024-10-23 20:49:56,219 - INFO - Sample 625: True: [0. 1. 0. 0. 0. 0. 0.], Predicted: [0. 1. 0. 0. 0. 0. 0.]
2024-10-23 20:49:56,220 - INFO - Sample 626: True: [0. 1. 0. 0. 0. 0. 0.], Predicted: [0. 1. 0. 0. 0. 0. 0.]
2024-10-23 20:49:56,220 - INFO - Sample 627: True: [0. 0. 0. 0. 1. 0. 0.], Predicted: [0. 1. 0. 0. 0. 0. 0.]
2024-10-23 20:49:56,220 - INFO - Sample 628: True: [0. 1. 0. 0. 0. 0. 0.], Predicted: [0. 1. 0. 0. 0. 0. 0.]
2024-10-23 20:49:56,220 - INFO - Sample 629: True: [0. 1. 0. 0. 0. 0. 0.], Predicted: [0. 1. 0. 0. 0. 0. 0.]
2024-10-23 20:49:56,220 - INFO - Sample 630: True: [0. 1. 0. 0. 0. 0. 0.], Predicted: [0. 1. 0. 0. 0. 0. 0.]
2024-10-23 20:49:56,221 - INFO - Sample 631: True: [0. 1. 0. 0. 0. 0. 0.], Predicted: [0. 1. 0. 0. 0. 0. 0.]
2024-10-23 20:49:56,221 - INFO - Sample 632: True: [0. 0. 0. 0. 1. 0. 0.], Predicted: [0. 0. 0. 0. 1. 0. 0.]
2024-10-23 20:49:56,221 - INFO - Sample 633: True: [0. 1. 0. 0. 0. 0. 0.], Predicted: [0. 1. 0. 0. 0. 0. 0.]
2024-10-23 20:49:56,221 - INFO - Sample 634: True: [0. 1. 0. 0. 0. 0. 0.], Predicted: [0. 0. 0. 0. 1. 0. 0.]
2024-10-23 20:49:56,221 - INFO - Sample 635: True: [0. 0. 1. 0. 0. 0. 0.], Predicted: [0. 0. 0. 0. 0. 0. 0.]
2024-10-23 20:49:56,221 - INFO - Sample 636: True: [0. 1. 0. 0. 0. 0. 0.], Predicted: [0. 1. 0. 0. 0. 0. 0.]
2024-10-23 20:49:56,222 - INFO - Sample 637: True: [0. 1. 0. 0. 0. 0. 0.], Predicted: [0. 1. 0. 0. 0. 0. 0.]
2024-10-23 20:49:56,222 - INFO - Sample 638: True: [0. 1. 0. 0. 0. 0. 0.], Predicted: [0. 1. 0. 0. 0. 0. 0.]
2024-10-23 20:49:56,222 - INFO - Sample 639: True: [0. 1. 0. 0. 0. 0. 0.], Predicted: [0. 1. 0. 0. 0. 0. 0.]
2024-10-23 20:49:56,222 - INFO - Sample 640: True: [1. 0. 0. 0. 0. 0. 0.], Predicted: [1. 1. 0. 0. 0. 0. 0.]
2024-10-23 20:49:56,627 - INFO - Sample 641: True: [0. 1. 0. 0. 0. 0. 0.], Predicted: [0. 1. 0. 0. 0. 0. 0.]
2024-10-23 20:49:56,627 - INFO - Sample 642: True: [0. 0. 0. 0. 1. 0. 0.], Predicted: [0. 0. 0. 0. 1. 0. 0.]
2024-10-23 20:49:56,627 - INFO - Sample 643: True: [0. 0. 0. 0. 1. 0. 0.], Predicted: [0. 0. 0. 0. 1. 0. 0.]
2024-10-23 20:49:56,627 - INFO - Sample 644: True: [0. 1. 0. 0. 0. 0. 0.], Predicted: [0. 1. 0. 0. 0. 0. 0.]
2024-10-23 20:49:56,627 - INFO - Sample 645: True: [0. 1. 0. 0. 0. 0. 0.], Predicted: [0. 1. 0. 0. 0. 0. 0.]
2024-10-23 20:49:56,628 - INFO - Sample 646: True: [0. 1. 0. 0. 0. 0. 0.], Predicted: [0. 1. 0. 0. 0. 0. 0.]
2024-10-23 20:49:56,628 - INFO - Sample 647: True: [0. 0. 0. 0. 1. 0. 0.], Predicted: [0. 0. 0. 0. 0. 0. 0.]
2024-10-23 20:49:56,628 - INFO - Sample 648: True: [0. 1. 0. 0. 0. 0. 0.], Predicted: [0. 0. 0. 0. 0. 0. 0.]
2024-10-23 20:49:56,628 - INFO - Sample 649: True: [0. 1. 0. 0. 0. 0. 0.], Predicted: [0. 1. 0. 0. 0. 0. 0.]
2024-10-23 20:49:56,628 - INFO - Sample 650: True: [0. 1. 0. 0. 0. 0. 0.], Predicted: [0. 1. 0. 0. 0. 0. 0.]
2024-10-23 20:49:56,629 - INFO - Sample 651: True: [0. 1. 0. 0. 0. 0. 0.], Predicted: [0. 1. 0. 0. 0. 0. 0.]
2024-10-23 20:49:56,629 - INFO - Sample 652: True: [0. 0. 0. 0. 1. 0. 0.], Predicted: [0. 0. 0. 0. 1. 0. 0.]
2024-10-23 20:49:56,629 - INFO - Sample 653: True: [0. 1. 0. 0. 0. 0. 0.], Predicted: [0. 1. 0. 0. 0. 0. 0.]
2024-10-23 20:49:56,629 - INFO - Sample 654: True: [0. 1. 0. 0. 0. 0. 0.], Predicted: [0. 1. 0. 0. 0. 0. 0.]
2024-10-23 20:49:56,629 - INFO - Sample 655: True: [0. 1. 0. 0. 0. 0. 0.], Predicted: [0. 1. 0. 0. 0. 0. 0.]
2024-10-23 20:49:56,629 - INFO - Sample 656: True: [0. 0. 0. 0. 0. 0. 1.], Predicted: [0. 0. 0. 0. 0. 0. 0.]
2024-10-23 20:49:56,630 - INFO - Sample 657: True: [0. 1. 0. 0. 0. 0. 0.], Predicted: [0. 1. 0. 0. 0. 0. 0.]
2024-10-23 20:49:56,630 - INFO - Sample 658: True: [1. 0. 0. 0. 0. 0. 0.], Predicted: [1. 0. 0. 0. 0. 0. 0.]
2024-10-23 20:49:56,630 - INFO - Sample 659: True: [0. 1. 0. 0. 0. 0. 0.], Predicted: [0. 0. 0. 0. 0. 0. 0.]
2024-10-23 20:49:56,630 - INFO - Sample 660: True: [0. 1. 0. 0. 0. 0. 0.], Predicted: [0. 1. 0. 0. 0. 0. 0.]
2024-10-23 20:49:56,630 - INFO - Sample 661: True: [0. 1. 0. 0. 0. 0. 0.], Predicted: [1. 0. 0. 0. 0. 0. 0.]
2024-10-23 20:49:56,630 - INFO - Sample 662: True: [0. 1. 0. 0. 0. 0. 0.], Predicted: [0. 0. 0. 0. 0. 0. 0.]
2024-10-23 20:49:56,631 - INFO - Sample 663: True: [0. 1. 0. 0. 0. 0. 0.], Predicted: [0. 1. 0. 0. 0. 0. 0.]
2024-10-23 20:49:56,631 - INFO - Sample 664: True: [0. 0. 1. 0. 0. 0. 0.], Predicted: [0. 0. 0. 0. 1. 0. 0.]
2024-10-23 20:49:56,631 - INFO - Sample 665: True: [0. 1. 0. 0. 0. 0. 0.], Predicted: [0. 1. 0. 0. 0. 0. 0.]
2024-10-23 20:49:56,631 - INFO - Sample 666: True: [0. 1. 0. 0. 0. 0. 0.], Predicted: [0. 1. 0. 0. 0. 0. 0.]
2024-10-23 20:49:56,631 - INFO - Sample 667: True: [0. 0. 0. 0. 0. 0. 1.], Predicted: [0. 1. 0. 0. 0. 0. 0.]
2024-10-23 20:49:56,631 - INFO - Sample 668: True: [1. 0. 0. 0. 0. 0. 0.], Predicted: [0. 0. 0. 0. 1. 0. 0.]
2024-10-23 20:49:56,632 - INFO - Sample 669: True: [0. 1. 0. 0. 0. 0. 0.], Predicted: [0. 1. 0. 0. 0. 0. 0.]
2024-10-23 20:49:56,632 - INFO - Sample 670: True: [0. 1. 0. 0. 0. 0. 0.], Predicted: [0. 1. 0. 0. 0. 0. 0.]
2024-10-23 20:49:56,632 - INFO - Sample 671: True: [0. 0. 0. 1. 0. 0. 0.], Predicted: [0. 0. 0. 0. 1. 0. 0.]
2024-10-23 20:49:56,632 - INFO - Sample 672: True: [0. 1. 0. 0. 0. 0. 0.], Predicted: [0. 1. 0. 0. 0. 0. 0.]
2024-10-23 20:49:57,029 - INFO - Sample 673: True: [0. 0. 0. 0. 1. 0. 0.], Predicted: [0. 0. 0. 0. 1. 0. 0.]
2024-10-23 20:49:57,030 - INFO - Sample 674: True: [0. 1. 0. 0. 0. 0. 0.], Predicted: [0. 1. 0. 0. 0. 0. 0.]
2024-10-23 20:49:57,030 - INFO - Sample 675: True: [0. 1. 0. 0. 0. 0. 0.], Predicted: [0. 1. 0. 0. 0. 0. 0.]
2024-10-23 20:49:57,030 - INFO - Sample 676: True: [0. 1. 0. 0. 0. 0. 0.], Predicted: [0. 1. 0. 0. 0. 0. 0.]
2024-10-23 20:49:57,030 - INFO - Sample 677: True: [1. 0. 0. 0. 0. 0. 0.], Predicted: [0. 0. 0. 0. 1. 0. 0.]
2024-10-23 20:49:57,030 - INFO - Sample 678: True: [0. 1. 0. 0. 0. 0. 0.], Predicted: [0. 1. 0. 0. 0. 0. 0.]
2024-10-23 20:49:57,031 - INFO - Sample 679: True: [0. 0. 0. 0. 1. 0. 0.], Predicted: [0. 0. 0. 0. 0. 0. 0.]
2024-10-23 20:49:57,031 - INFO - Sample 680: True: [0. 1. 0. 0. 0. 0. 0.], Predicted: [0. 1. 0. 0. 0. 0. 0.]
2024-10-23 20:49:57,031 - INFO - Sample 681: True: [0. 1. 0. 0. 0. 0. 0.], Predicted: [0. 1. 0. 0. 0. 0. 0.]
2024-10-23 20:49:57,031 - INFO - Sample 682: True: [0. 1. 0. 0. 0. 0. 0.], Predicted: [0. 1. 0. 0. 0. 0. 0.]
2024-10-23 20:49:57,031 - INFO - Sample 683: True: [0. 1. 0. 0. 0. 0. 0.], Predicted: [0. 1. 0. 0. 0. 0. 0.]
2024-10-23 20:49:57,031 - INFO - Sample 684: True: [0. 1. 0. 0. 0. 0. 0.], Predicted: [0. 1. 0. 0. 0. 0. 0.]
2024-10-23 20:49:57,032 - INFO - Sample 685: True: [1. 0. 0. 0. 0. 0. 0.], Predicted: [1. 0. 0. 0. 0. 0. 0.]
2024-10-23 20:49:57,032 - INFO - Sample 686: True: [0. 1. 0. 0. 0. 0. 0.], Predicted: [0. 1. 0. 0. 0. 0. 0.]
2024-10-23 20:49:57,032 - INFO - Sample 687: True: [0. 0. 0. 0. 0. 0. 1.], Predicted: [0. 0. 0. 0. 0. 0. 0.]
2024-10-23 20:49:57,032 - INFO - Sample 688: True: [0. 1. 0. 0. 0. 0. 0.], Predicted: [0. 1. 0. 0. 0. 0. 0.]
2024-10-23 20:49:57,032 - INFO - Sample 689: True: [0. 1. 0. 0. 0. 0. 0.], Predicted: [0. 1. 0. 0. 0. 0. 0.]
2024-10-23 20:49:57,032 - INFO - Sample 690: True: [1. 0. 0. 0. 0. 0. 0.], Predicted: [0. 0. 0. 0. 1. 0. 0.]
2024-10-23 20:49:57,033 - INFO - Sample 691: True: [0. 1. 0. 0. 0. 0. 0.], Predicted: [0. 1. 0. 0. 0. 0. 0.]
2024-10-23 20:49:57,033 - INFO - Sample 692: True: [0. 1. 0. 0. 0. 0. 0.], Predicted: [0. 1. 0. 0. 0. 0. 0.]
2024-10-23 20:49:57,033 - INFO - Sample 693: True: [1. 0. 0. 0. 0. 0. 0.], Predicted: [1. 0. 0. 0. 0. 0. 0.]
2024-10-23 20:49:57,033 - INFO - Sample 694: True: [0. 1. 0. 0. 0. 0. 0.], Predicted: [0. 1. 0. 0. 0. 0. 0.]
2024-10-23 20:49:57,033 - INFO - Sample 695: True: [0. 1. 0. 0. 0. 0. 0.], Predicted: [0. 1. 0. 0. 0. 0. 0.]
2024-10-23 20:49:57,034 - INFO - Sample 696: True: [0. 1. 0. 0. 0. 0. 0.], Predicted: [0. 1. 0. 0. 0. 0. 0.]
2024-10-23 20:49:57,034 - INFO - Sample 697: True: [0. 1. 0. 0. 0. 0. 0.], Predicted: [0. 1. 0. 0. 1. 0. 0.]
2024-10-23 20:49:57,034 - INFO - Sample 698: True: [0. 1. 0. 0. 0. 0. 0.], Predicted: [0. 1. 0. 0. 0. 0. 0.]
2024-10-23 20:49:57,034 - INFO - Sample 699: True: [0. 1. 0. 0. 0. 0. 0.], Predicted: [0. 1. 0. 0. 0. 0. 0.]
2024-10-23 20:49:57,034 - INFO - Sample 700: True: [0. 0. 0. 0. 0. 1. 0.], Predicted: [0. 0. 0. 0. 0. 0. 0.]
2024-10-23 20:49:57,034 - INFO - Sample 701: True: [1. 0. 0. 0. 0. 0. 0.], Predicted: [1. 0. 0. 0. 0. 0. 0.]
2024-10-23 20:49:57,035 - INFO - Sample 702: True: [0. 1. 0. 0. 0. 0. 0.], Predicted: [0. 1. 0. 0. 0. 0. 0.]
2024-10-23 20:49:57,035 - INFO - Sample 703: True: [0. 1. 0. 0. 0. 0. 0.], Predicted: [0. 1. 0. 0. 0. 0. 0.]
2024-10-23 20:49:57,035 - INFO - Sample 704: True: [0. 0. 0. 0. 1. 0. 0.], Predicted: [1. 0. 0. 0. 0. 0. 0.]
2024-10-23 20:49:57,428 - INFO - Sample 705: True: [0. 1. 0. 0. 0. 0. 0.], Predicted: [0. 1. 0. 0. 0. 0. 0.]
2024-10-23 20:49:57,428 - INFO - Sample 706: True: [0. 1. 0. 0. 0. 0. 0.], Predicted: [0. 0. 0. 0. 1. 0. 0.]
2024-10-23 20:49:57,428 - INFO - Sample 707: True: [0. 1. 0. 0. 0. 0. 0.], Predicted: [0. 0. 0. 0. 1. 0. 0.]
2024-10-23 20:49:57,429 - INFO - Sample 708: True: [0. 0. 0. 0. 0. 0. 1.], Predicted: [0. 0. 0. 0. 0. 0. 1.]
2024-10-23 20:49:57,429 - INFO - Sample 709: True: [1. 0. 0. 0. 0. 0. 0.], Predicted: [1. 0. 0. 0. 0. 0. 0.]
2024-10-23 20:49:57,429 - INFO - Sample 710: True: [0. 1. 0. 0. 0. 0. 0.], Predicted: [0. 1. 0. 0. 0. 0. 0.]
2024-10-23 20:49:57,429 - INFO - Sample 711: True: [0. 1. 0. 0. 0. 0. 0.], Predicted: [0. 1. 0. 0. 0. 0. 0.]
2024-10-23 20:49:57,429 - INFO - Sample 712: True: [0. 0. 1. 0. 0. 0. 0.], Predicted: [0. 0. 1. 0. 0. 0. 0.]
2024-10-23 20:49:57,430 - INFO - Sample 713: True: [0. 1. 0. 0. 0. 0. 0.], Predicted: [0. 1. 0. 0. 0. 0. 0.]
2024-10-23 20:49:57,430 - INFO - Sample 714: True: [0. 1. 0. 0. 0. 0. 0.], Predicted: [0. 1. 0. 0. 0. 0. 0.]
2024-10-23 20:49:57,430 - INFO - Sample 715: True: [0. 1. 0. 0. 0. 0. 0.], Predicted: [0. 1. 0. 0. 0. 0. 0.]
2024-10-23 20:49:57,430 - INFO - Sample 716: True: [0. 0. 0. 0. 1. 0. 0.], Predicted: [0. 0. 0. 0. 1. 0. 0.]
2024-10-23 20:49:57,430 - INFO - Sample 717: True: [0. 0. 0. 0. 0. 1. 0.], Predicted: [0. 1. 0. 0. 0. 0. 0.]
2024-10-23 20:49:57,430 - INFO - Sample 718: True: [0. 1. 0. 0. 0. 0. 0.], Predicted: [0. 1. 0. 0. 0. 0. 0.]
2024-10-23 20:49:57,431 - INFO - Sample 719: True: [0. 0. 0. 0. 1. 0. 0.], Predicted: [0. 1. 0. 0. 0. 0. 0.]
2024-10-23 20:49:57,431 - INFO - Sample 720: True: [0. 0. 1. 0. 0. 0. 0.], Predicted: [0. 0. 1. 0. 0. 0. 0.]
2024-10-23 20:49:57,431 - INFO - Sample 721: True: [1. 0. 0. 0. 0. 0. 0.], Predicted: [0. 1. 0. 0. 0. 0. 0.]
2024-10-23 20:49:57,431 - INFO - Sample 722: True: [0. 0. 0. 0. 1. 0. 0.], Predicted: [0. 0. 0. 0. 1. 0. 0.]
2024-10-23 20:49:57,431 - INFO - Sample 723: True: [0. 1. 0. 0. 0. 0. 0.], Predicted: [0. 1. 0. 0. 0. 0. 0.]
2024-10-23 20:49:57,432 - INFO - Sample 724: True: [0. 1. 0. 0. 0. 0. 0.], Predicted: [0. 1. 0. 0. 0. 0. 0.]
2024-10-23 20:49:57,432 - INFO - Sample 725: True: [0. 1. 0. 0. 0. 0. 0.], Predicted: [0. 0. 0. 0. 0. 0. 0.]
2024-10-23 20:49:57,432 - INFO - Sample 726: True: [0. 1. 0. 0. 0. 0. 0.], Predicted: [0. 1. 0. 0. 0. 0. 0.]
2024-10-23 20:49:57,432 - INFO - Sample 727: True: [0. 0. 0. 0. 1. 0. 0.], Predicted: [0. 0. 0. 0. 1. 0. 0.]
2024-10-23 20:49:57,432 - INFO - Sample 728: True: [1. 0. 0. 0. 0. 0. 0.], Predicted: [1. 0. 0. 0. 0. 0. 0.]
2024-10-23 20:49:57,432 - INFO - Sample 729: True: [0. 1. 0. 0. 0. 0. 0.], Predicted: [0. 1. 0. 0. 0. 0. 0.]
2024-10-23 20:49:57,433 - INFO - Sample 730: True: [0. 1. 0. 0. 0. 0. 0.], Predicted: [0. 1. 0. 0. 0. 0. 0.]
2024-10-23 20:49:57,433 - INFO - Sample 731: True: [0. 1. 0. 0. 0. 0. 0.], Predicted: [0. 1. 0. 0. 0. 0. 0.]
2024-10-23 20:49:57,433 - INFO - Sample 732: True: [0. 1. 0. 0. 0. 0. 0.], Predicted: [0. 1. 0. 0. 1. 0. 0.]
2024-10-23 20:49:57,433 - INFO - Sample 733: True: [0. 0. 0. 0. 0. 1. 0.], Predicted: [1. 0. 0. 0. 0. 0. 0.]
2024-10-23 20:49:57,433 - INFO - Sample 734: True: [0. 0. 0. 0. 1. 0. 0.], Predicted: [0. 0. 0. 0. 1. 0. 0.]
2024-10-23 20:49:57,433 - INFO - Sample 735: True: [0. 1. 0. 0. 0. 0. 0.], Predicted: [0. 1. 0. 0. 0. 0. 0.]
2024-10-23 20:49:57,434 - INFO - Sample 736: True: [1. 0. 0. 0. 0. 0. 0.], Predicted: [0. 1. 0. 0. 0. 0. 0.]
2024-10-23 20:49:57,836 - INFO - Sample 737: True: [0. 1. 0. 0. 0. 0. 0.], Predicted: [0. 1. 0. 0. 0. 0. 0.]
2024-10-23 20:49:57,837 - INFO - Sample 738: True: [0. 1. 0. 0. 0. 0. 0.], Predicted: [0. 1. 0. 0. 0. 0. 0.]
2024-10-23 20:49:57,837 - INFO - Sample 739: True: [0. 1. 0. 0. 0. 0. 0.], Predicted: [0. 1. 0. 0. 0. 0. 0.]
2024-10-23 20:49:57,837 - INFO - Sample 740: True: [0. 0. 0. 0. 1. 0. 0.], Predicted: [0. 0. 0. 0. 1. 0. 0.]
2024-10-23 20:49:57,837 - INFO - Sample 741: True: [0. 1. 0. 0. 0. 0. 0.], Predicted: [0. 1. 0. 0. 0. 0. 0.]
2024-10-23 20:49:57,837 - INFO - Sample 742: True: [0. 1. 0. 0. 0. 0. 0.], Predicted: [0. 1. 0. 0. 0. 0. 0.]
2024-10-23 20:49:57,838 - INFO - Sample 743: True: [0. 0. 0. 1. 0. 0. 0.], Predicted: [1. 0. 0. 1. 0. 0. 0.]
2024-10-23 20:49:57,838 - INFO - Sample 744: True: [0. 1. 0. 0. 0. 0. 0.], Predicted: [0. 1. 0. 0. 0. 0. 0.]
2024-10-23 20:49:57,838 - INFO - Sample 745: True: [0. 1. 0. 0. 0. 0. 0.], Predicted: [0. 1. 0. 0. 0. 0. 0.]
2024-10-23 20:49:57,838 - INFO - Sample 746: True: [0. 1. 0. 0. 0. 0. 0.], Predicted: [0. 0. 0. 0. 0. 0. 0.]
2024-10-23 20:49:57,838 - INFO - Sample 747: True: [0. 0. 1. 0. 0. 0. 0.], Predicted: [0. 0. 1. 0. 0. 0. 0.]
2024-10-23 20:49:57,839 - INFO - Sample 748: True: [0. 1. 0. 0. 0. 0. 0.], Predicted: [0. 1. 0. 0. 0. 0. 0.]
2024-10-23 20:49:57,839 - INFO - Sample 749: True: [0. 0. 0. 0. 1. 0. 0.], Predicted: [0. 0. 0. 0. 1. 0. 0.]
2024-10-23 20:49:57,839 - INFO - Sample 750: True: [0. 1. 0. 0. 0. 0. 0.], Predicted: [0. 1. 0. 0. 0. 0. 0.]
2024-10-23 20:49:57,839 - INFO - Sample 751: True: [0. 1. 0. 0. 0. 0. 0.], Predicted: [0. 1. 0. 0. 0. 0. 0.]
2024-10-23 20:49:57,839 - INFO - Sample 752: True: [0. 1. 0. 0. 0. 0. 0.], Predicted: [0. 1. 0. 0. 0. 0. 0.]
2024-10-23 20:49:57,839 - INFO - Sample 753: True: [0. 1. 0. 0. 0. 0. 0.], Predicted: [0. 1. 0. 0. 0. 0. 0.]
2024-10-23 20:49:57,840 - INFO - Sample 754: True: [0. 1. 0. 0. 0. 0. 0.], Predicted: [0. 1. 0. 0. 0. 0. 0.]
2024-10-23 20:49:57,840 - INFO - Sample 755: True: [0. 1. 0. 0. 0. 0. 0.], Predicted: [0. 1. 0. 0. 0. 0. 0.]
2024-10-23 20:49:57,840 - INFO - Sample 756: True: [0. 1. 0. 0. 0. 0. 0.], Predicted: [0. 1. 0. 0. 0. 0. 0.]
2024-10-23 20:49:57,840 - INFO - Sample 757: True: [0. 1. 0. 0. 0. 0. 0.], Predicted: [0. 1. 0. 0. 0. 0. 0.]
2024-10-23 20:49:57,840 - INFO - Sample 758: True: [0. 1. 0. 0. 0. 0. 0.], Predicted: [0. 1. 0. 0. 0. 0. 0.]
2024-10-23 20:49:57,841 - INFO - Sample 759: True: [0. 1. 0. 0. 0. 0. 0.], Predicted: [0. 1. 0. 0. 0. 0. 0.]
2024-10-23 20:49:57,841 - INFO - Sample 760: True: [0. 1. 0. 0. 0. 0. 0.], Predicted: [0. 1. 0. 0. 0. 0. 0.]
2024-10-23 20:49:57,841 - INFO - Sample 761: True: [0. 0. 1. 0. 0. 0. 0.], Predicted: [0. 0. 1. 0. 0. 0. 0.]
2024-10-23 20:49:57,841 - INFO - Sample 762: True: [1. 0. 0. 0. 0. 0. 0.], Predicted: [0. 0. 0. 0. 0. 0. 0.]
2024-10-23 20:49:57,841 - INFO - Sample 763: True: [0. 1. 0. 0. 0. 0. 0.], Predicted: [0. 1. 0. 0. 0. 0. 0.]
2024-10-23 20:49:57,841 - INFO - Sample 764: True: [0. 0. 1. 0. 0. 0. 0.], Predicted: [0. 0. 1. 0. 0. 0. 0.]
2024-10-23 20:49:57,842 - INFO - Sample 765: True: [0. 1. 0. 0. 0. 0. 0.], Predicted: [0. 1. 0. 0. 0. 0. 0.]
2024-10-23 20:49:57,842 - INFO - Sample 766: True: [0. 0. 1. 0. 0. 0. 0.], Predicted: [0. 0. 1. 0. 0. 0. 0.]
2024-10-23 20:49:57,842 - INFO - Sample 767: True: [0. 1. 0. 0. 0. 0. 0.], Predicted: [0. 1. 0. 0. 0. 0. 0.]
2024-10-23 20:49:57,842 - INFO - Sample 768: True: [0. 1. 0. 0. 0. 0. 0.], Predicted: [0. 1. 0. 0. 0. 0. 0.]
2024-10-23 20:49:58,241 - INFO - Sample 769: True: [1. 0. 0. 0. 0. 0. 0.], Predicted: [1. 0. 0. 0. 1. 0. 0.]
2024-10-23 20:49:58,241 - INFO - Sample 770: True: [0. 1. 0. 0. 0. 0. 0.], Predicted: [0. 1. 0. 0. 0. 0. 0.]
2024-10-23 20:49:58,241 - INFO - Sample 771: True: [0. 1. 0. 0. 0. 0. 0.], Predicted: [0. 1. 0. 0. 0. 0. 0.]
2024-10-23 20:49:58,241 - INFO - Sample 772: True: [0. 0. 0. 0. 1. 0. 0.], Predicted: [0. 0. 0. 0. 1. 0. 0.]
2024-10-23 20:49:58,242 - INFO - Sample 773: True: [0. 0. 0. 1. 0. 0. 0.], Predicted: [0. 0. 0. 0. 0. 0. 0.]
2024-10-23 20:49:58,242 - INFO - Sample 774: True: [0. 0. 0. 0. 1. 0. 0.], Predicted: [0. 0. 0. 0. 1. 0. 0.]
2024-10-23 20:49:58,242 - INFO - Sample 775: True: [0. 1. 0. 0. 0. 0. 0.], Predicted: [0. 1. 0. 0. 0. 0. 0.]
2024-10-23 20:49:58,242 - INFO - Sample 776: True: [0. 1. 0. 0. 0. 0. 0.], Predicted: [0. 1. 0. 0. 0. 0. 0.]
2024-10-23 20:49:58,242 - INFO - Sample 777: True: [0. 0. 0. 0. 1. 0. 0.], Predicted: [0. 0. 1. 0. 0. 0. 0.]
2024-10-23 20:49:58,242 - INFO - Sample 778: True: [0. 0. 1. 0. 0. 0. 0.], Predicted: [0. 0. 0. 1. 0. 0. 0.]
2024-10-23 20:49:58,243 - INFO - Sample 779: True: [0. 1. 0. 0. 0. 0. 0.], Predicted: [0. 1. 0. 0. 0. 0. 0.]
2024-10-23 20:49:58,243 - INFO - Sample 780: True: [0. 1. 0. 0. 0. 0. 0.], Predicted: [0. 1. 0. 0. 0. 0. 0.]
2024-10-23 20:49:58,243 - INFO - Sample 781: True: [0. 1. 0. 0. 0. 0. 0.], Predicted: [0. 1. 0. 0. 0. 0. 0.]
2024-10-23 20:49:58,243 - INFO - Sample 782: True: [1. 0. 0. 0. 0. 0. 0.], Predicted: [1. 0. 0. 0. 1. 0. 0.]
2024-10-23 20:49:58,243 - INFO - Sample 783: True: [0. 1. 0. 0. 0. 0. 0.], Predicted: [0. 1. 0. 0. 0. 0. 0.]
2024-10-23 20:49:58,244 - INFO - Sample 784: True: [0. 1. 0. 0. 0. 0. 0.], Predicted: [0. 1. 0. 0. 0. 0. 0.]
2024-10-23 20:49:58,244 - INFO - Sample 785: True: [0. 1. 0. 0. 0. 0. 0.], Predicted: [0. 1. 0. 0. 0. 0. 0.]
2024-10-23 20:49:58,244 - INFO - Sample 786: True: [0. 0. 0. 1. 0. 0. 0.], Predicted: [0. 0. 0. 0. 0. 0. 0.]
2024-10-23 20:49:58,244 - INFO - Sample 787: True: [0. 0. 0. 0. 1. 0. 0.], Predicted: [0. 0. 0. 0. 1. 0. 0.]
2024-10-23 20:49:58,244 - INFO - Sample 788: True: [0. 0. 1. 0. 0. 0. 0.], Predicted: [0. 0. 1. 0. 0. 0. 0.]
2024-10-23 20:49:58,244 - INFO - Sample 789: True: [0. 1. 0. 0. 0. 0. 0.], Predicted: [0. 1. 0. 0. 0. 0. 0.]
2024-10-23 20:49:58,245 - INFO - Sample 790: True: [0. 0. 1. 0. 0. 0. 0.], Predicted: [0. 0. 1. 0. 0. 0. 0.]
2024-10-23 20:49:58,245 - INFO - Sample 791: True: [0. 1. 0. 0. 0. 0. 0.], Predicted: [0. 1. 0. 0. 0. 0. 0.]
2024-10-23 20:49:58,245 - INFO - Sample 792: True: [0. 1. 0. 0. 0. 0. 0.], Predicted: [0. 1. 0. 0. 0. 0. 0.]
2024-10-23 20:49:58,245 - INFO - Sample 793: True: [0. 1. 0. 0. 0. 0. 0.], Predicted: [0. 1. 0. 0. 0. 0. 0.]
2024-10-23 20:49:58,245 - INFO - Sample 794: True: [0. 0. 0. 0. 0. 1. 0.], Predicted: [0. 0. 0. 0. 0. 0. 0.]
2024-10-23 20:49:58,245 - INFO - Sample 795: True: [0. 1. 0. 0. 0. 0. 0.], Predicted: [0. 1. 0. 0. 0. 0. 0.]
2024-10-23 20:49:58,246 - INFO - Sample 796: True: [0. 0. 0. 0. 1. 0. 0.], Predicted: [1. 0. 0. 0. 0. 0. 0.]
2024-10-23 20:49:58,246 - INFO - Sample 797: True: [0. 1. 0. 0. 0. 0. 0.], Predicted: [0. 1. 0. 0. 0. 0. 0.]
2024-10-23 20:49:58,246 - INFO - Sample 798: True: [0. 1. 0. 0. 0. 0. 0.], Predicted: [0. 1. 0. 0. 0. 0. 0.]
2024-10-23 20:49:58,246 - INFO - Sample 799: True: [0. 1. 0. 0. 0. 0. 0.], Predicted: [0. 1. 0. 0. 0. 0. 0.]
2024-10-23 20:49:58,246 - INFO - Sample 800: True: [0. 1. 0. 0. 0. 0. 0.], Predicted: [0. 1. 0. 0. 0. 0. 0.]
2024-10-23 20:49:58,649 - INFO - Sample 801: True: [1. 0. 0. 0. 0. 0. 0.], Predicted: [1. 0. 0. 0. 1. 0. 0.]
2024-10-23 20:49:58,650 - INFO - Sample 802: True: [0. 1. 0. 0. 0. 0. 0.], Predicted: [0. 0. 0. 0. 0. 0. 0.]
2024-10-23 20:49:58,650 - INFO - Sample 803: True: [0. 1. 0. 0. 0. 0. 0.], Predicted: [0. 1. 0. 0. 0. 0. 0.]
2024-10-23 20:49:58,650 - INFO - Sample 804: True: [0. 0. 0. 1. 0. 0. 0.], Predicted: [0. 0. 0. 0. 1. 0. 0.]
2024-10-23 20:49:58,650 - INFO - Sample 805: True: [0. 1. 0. 0. 0. 0. 0.], Predicted: [0. 1. 0. 0. 0. 0. 0.]
2024-10-23 20:49:58,650 - INFO - Sample 806: True: [0. 1. 0. 0. 0. 0. 0.], Predicted: [0. 1. 0. 0. 0. 0. 0.]
2024-10-23 20:49:58,651 - INFO - Sample 807: True: [1. 0. 0. 0. 0. 0. 0.], Predicted: [0. 0. 0. 0. 0. 0. 0.]
2024-10-23 20:49:58,651 - INFO - Sample 808: True: [0. 1. 0. 0. 0. 0. 0.], Predicted: [0. 1. 0. 0. 0. 0. 0.]
2024-10-23 20:49:58,651 - INFO - Sample 809: True: [0. 1. 0. 0. 0. 0. 0.], Predicted: [0. 1. 0. 0. 0. 0. 0.]
2024-10-23 20:49:58,651 - INFO - Sample 810: True: [0. 1. 0. 0. 0. 0. 0.], Predicted: [0. 1. 0. 0. 0. 0. 0.]
2024-10-23 20:49:58,651 - INFO - Sample 811: True: [0. 0. 1. 0. 0. 0. 0.], Predicted: [0. 0. 1. 0. 0. 0. 0.]
2024-10-23 20:49:58,652 - INFO - Sample 812: True: [0. 1. 0. 0. 0. 0. 0.], Predicted: [0. 1. 0. 0. 0. 0. 0.]
2024-10-23 20:49:58,652 - INFO - Sample 813: True: [0. 0. 1. 0. 0. 0. 0.], Predicted: [0. 0. 0. 0. 1. 0. 0.]
2024-10-23 20:49:58,652 - INFO - Sample 814: True: [0. 1. 0. 0. 0. 0. 0.], Predicted: [0. 1. 0. 0. 0. 0. 0.]
2024-10-23 20:49:58,652 - INFO - Sample 815: True: [0. 1. 0. 0. 0. 0. 0.], Predicted: [0. 1. 0. 0. 0. 0. 0.]
2024-10-23 20:49:58,652 - INFO - Sample 816: True: [0. 0. 0. 0. 0. 1. 0.], Predicted: [0. 1. 0. 0. 0. 0. 0.]
2024-10-23 20:49:58,652 - INFO - Sample 817: True: [0. 1. 0. 0. 0. 0. 0.], Predicted: [0. 1. 0. 0. 0. 0. 0.]
2024-10-23 20:49:58,653 - INFO - Sample 818: True: [1. 0. 0. 0. 0. 0. 0.], Predicted: [0. 0. 0. 0. 0. 0. 0.]
2024-10-23 20:49:58,653 - INFO - Sample 819: True: [0. 1. 0. 0. 0. 0. 0.], Predicted: [0. 1. 0. 0. 0. 0. 0.]
2024-10-23 20:49:58,653 - INFO - Sample 820: True: [0. 0. 0. 0. 1. 0. 0.], Predicted: [0. 0. 0. 1. 0. 0. 0.]
2024-10-23 20:49:58,653 - INFO - Sample 821: True: [0. 1. 0. 0. 0. 0. 0.], Predicted: [0. 1. 0. 0. 0. 0. 0.]
2024-10-23 20:49:58,653 - INFO - Sample 822: True: [1. 0. 0. 0. 0. 0. 0.], Predicted: [0. 0. 0. 0. 0. 0. 0.]
2024-10-23 20:49:58,653 - INFO - Sample 823: True: [0. 1. 0. 0. 0. 0. 0.], Predicted: [0. 1. 0. 0. 0. 0. 0.]
2024-10-23 20:49:58,654 - INFO - Sample 824: True: [0. 0. 0. 1. 0. 0. 0.], Predicted: [0. 0. 0. 0. 0. 0. 0.]
2024-10-23 20:49:58,654 - INFO - Sample 825: True: [0. 1. 0. 0. 0. 0. 0.], Predicted: [0. 1. 0. 0. 0. 0. 0.]
2024-10-23 20:49:58,654 - INFO - Sample 826: True: [0. 1. 0. 0. 0. 0. 0.], Predicted: [0. 1. 0. 0. 0. 0. 0.]
2024-10-23 20:49:58,654 - INFO - Sample 827: True: [0. 0. 0. 1. 0. 0. 0.], Predicted: [0. 0. 0. 1. 0. 0. 0.]
2024-10-23 20:49:58,654 - INFO - Sample 828: True: [0. 1. 0. 0. 0. 0. 0.], Predicted: [0. 1. 0. 0. 0. 0. 0.]
2024-10-23 20:49:58,654 - INFO - Sample 829: True: [0. 0. 1. 0. 0. 0. 0.], Predicted: [0. 0. 0. 0. 0. 0. 0.]
2024-10-23 20:49:58,655 - INFO - Sample 830: True: [0. 1. 0. 0. 0. 0. 0.], Predicted: [0. 1. 0. 0. 0. 0. 0.]
2024-10-23 20:49:58,655 - INFO - Sample 831: True: [0. 0. 0. 1. 0. 0. 0.], Predicted: [0. 0. 0. 1. 0. 0. 0.]
2024-10-23 20:49:58,655 - INFO - Sample 832: True: [0. 1. 0. 0. 0. 0. 0.], Predicted: [0. 1. 0. 0. 0. 0. 0.]
2024-10-23 20:49:59,051 - INFO - Sample 833: True: [0. 1. 0. 0. 0. 0. 0.], Predicted: [0. 1. 0. 0. 0. 0. 0.]
2024-10-23 20:49:59,051 - INFO - Sample 834: True: [0. 1. 0. 0. 0. 0. 0.], Predicted: [0. 1. 0. 0. 0. 0. 0.]
2024-10-23 20:49:59,052 - INFO - Sample 835: True: [0. 1. 0. 0. 0. 0. 0.], Predicted: [0. 1. 0. 0. 0. 0. 0.]
2024-10-23 20:49:59,052 - INFO - Sample 836: True: [0. 1. 0. 0. 0. 0. 0.], Predicted: [0. 1. 0. 0. 0. 0. 0.]
2024-10-23 20:49:59,052 - INFO - Sample 837: True: [0. 1. 0. 0. 0. 0. 0.], Predicted: [0. 1. 0. 0. 0. 0. 0.]
2024-10-23 20:49:59,052 - INFO - Sample 838: True: [0. 1. 0. 0. 0. 0. 0.], Predicted: [0. 1. 0. 0. 0. 0. 0.]
2024-10-23 20:49:59,052 - INFO - Sample 839: True: [0. 1. 0. 0. 0. 0. 0.], Predicted: [0. 1. 0. 0. 0. 0. 0.]
2024-10-23 20:49:59,053 - INFO - Sample 840: True: [0. 1. 0. 0. 0. 0. 0.], Predicted: [0. 1. 0. 0. 0. 0. 0.]
2024-10-23 20:49:59,053 - INFO - Sample 841: True: [0. 1. 0. 0. 0. 0. 0.], Predicted: [0. 1. 0. 0. 0. 0. 0.]
2024-10-23 20:49:59,053 - INFO - Sample 842: True: [0. 1. 0. 0. 0. 0. 0.], Predicted: [0. 1. 0. 0. 0. 0. 0.]
2024-10-23 20:49:59,053 - INFO - Sample 843: True: [0. 0. 0. 0. 1. 0. 0.], Predicted: [0. 0. 0. 0. 1. 0. 0.]
2024-10-23 20:49:59,053 - INFO - Sample 844: True: [0. 0. 1. 0. 0. 0. 0.], Predicted: [0. 0. 0. 0. 0. 0. 0.]
2024-10-23 20:49:59,053 - INFO - Sample 845: True: [0. 1. 0. 0. 0. 0. 0.], Predicted: [0. 1. 0. 0. 0. 0. 0.]
2024-10-23 20:49:59,054 - INFO - Sample 846: True: [0. 0. 0. 0. 1. 0. 0.], Predicted: [0. 0. 0. 0. 1. 0. 0.]
2024-10-23 20:49:59,054 - INFO - Sample 847: True: [0. 1. 0. 0. 0. 0. 0.], Predicted: [0. 1. 0. 0. 0. 0. 0.]
2024-10-23 20:49:59,054 - INFO - Sample 848: True: [1. 0. 0. 0. 0. 0. 0.], Predicted: [0. 0. 0. 0. 0. 0. 0.]
2024-10-23 20:49:59,054 - INFO - Sample 849: True: [0. 1. 0. 0. 0. 0. 0.], Predicted: [1. 0. 0. 0. 0. 0. 0.]
2024-10-23 20:49:59,054 - INFO - Sample 850: True: [0. 1. 0. 0. 0. 0. 0.], Predicted: [0. 1. 0. 0. 0. 0. 0.]
2024-10-23 20:49:59,054 - INFO - Sample 851: True: [0. 1. 0. 0. 0. 0. 0.], Predicted: [0. 1. 0. 0. 0. 0. 0.]
2024-10-23 20:49:59,055 - INFO - Sample 852: True: [1. 0. 0. 0. 0. 0. 0.], Predicted: [1. 0. 0. 0. 0. 0. 0.]
2024-10-23 20:49:59,055 - INFO - Sample 853: True: [0. 1. 0. 0. 0. 0. 0.], Predicted: [0. 0. 0. 0. 0. 0. 0.]
2024-10-23 20:49:59,055 - INFO - Sample 854: True: [0. 1. 0. 0. 0. 0. 0.], Predicted: [0. 1. 0. 0. 0. 0. 0.]
2024-10-23 20:49:59,055 - INFO - Sample 855: True: [0. 1. 0. 0. 0. 0. 0.], Predicted: [0. 1. 0. 0. 0. 0. 0.]
2024-10-23 20:49:59,055 - INFO - Sample 856: True: [0. 1. 0. 0. 0. 0. 0.], Predicted: [0. 1. 0. 0. 0. 0. 0.]
2024-10-23 20:49:59,056 - INFO - Sample 857: True: [0. 1. 0. 0. 0. 0. 0.], Predicted: [0. 1. 0. 0. 0. 0. 0.]
2024-10-23 20:49:59,056 - INFO - Sample 858: True: [0. 0. 0. 0. 1. 0. 0.], Predicted: [0. 1. 0. 0. 0. 0. 0.]
2024-10-23 20:49:59,056 - INFO - Sample 859: True: [0. 1. 0. 0. 0. 0. 0.], Predicted: [0. 1. 0. 0. 0. 0. 0.]
2024-10-23 20:49:59,056 - INFO - Sample 860: True: [0. 1. 0. 0. 0. 0. 0.], Predicted: [0. 1. 0. 0. 0. 0. 0.]
2024-10-23 20:49:59,056 - INFO - Sample 861: True: [1. 0. 0. 0. 0. 0. 0.], Predicted: [1. 0. 0. 0. 0. 0. 0.]
2024-10-23 20:49:59,057 - INFO - Sample 862: True: [0. 1. 0. 0. 0. 0. 0.], Predicted: [0. 1. 0. 0. 0. 0. 0.]
2024-10-23 20:49:59,057 - INFO - Sample 863: True: [0. 1. 0. 0. 0. 0. 0.], Predicted: [0. 1. 0. 0. 0. 0. 0.]
2024-10-23 20:49:59,057 - INFO - Sample 864: True: [0. 1. 0. 0. 0. 0. 0.], Predicted: [0. 1. 0. 0. 0. 0. 0.]
2024-10-23 20:49:59,462 - INFO - Sample 865: True: [0. 1. 0. 0. 0. 0. 0.], Predicted: [0. 1. 0. 0. 0. 0. 0.]
2024-10-23 20:49:59,462 - INFO - Sample 866: True: [0. 1. 0. 0. 0. 0. 0.], Predicted: [0. 1. 0. 0. 0. 0. 0.]
2024-10-23 20:49:59,462 - INFO - Sample 867: True: [0. 1. 0. 0. 0. 0. 0.], Predicted: [0. 1. 0. 0. 0. 0. 0.]
2024-10-23 20:49:59,463 - INFO - Sample 868: True: [0. 1. 0. 0. 0. 0. 0.], Predicted: [0. 1. 0. 0. 0. 0. 0.]
2024-10-23 20:49:59,463 - INFO - Sample 869: True: [1. 0. 0. 0. 0. 0. 0.], Predicted: [1. 0. 0. 0. 0. 0. 0.]
2024-10-23 20:49:59,463 - INFO - Sample 870: True: [0. 0. 1. 0. 0. 0. 0.], Predicted: [0. 0. 1. 0. 0. 0. 0.]
2024-10-23 20:49:59,463 - INFO - Sample 871: True: [0. 0. 0. 0. 1. 0. 0.], Predicted: [0. 0. 0. 0. 1. 0. 0.]
2024-10-23 20:49:59,463 - INFO - Sample 872: True: [0. 1. 0. 0. 0. 0. 0.], Predicted: [0. 1. 0. 0. 0. 0. 0.]
2024-10-23 20:49:59,463 - INFO - Sample 873: True: [0. 1. 0. 0. 0. 0. 0.], Predicted: [0. 1. 0. 0. 0. 0. 0.]
2024-10-23 20:49:59,464 - INFO - Sample 874: True: [0. 1. 0. 0. 0. 0. 0.], Predicted: [0. 1. 0. 0. 0. 0. 0.]
2024-10-23 20:49:59,464 - INFO - Sample 875: True: [1. 0. 0. 0. 0. 0. 0.], Predicted: [0. 0. 0. 0. 0. 0. 0.]
2024-10-23 20:49:59,464 - INFO - Sample 876: True: [0. 0. 0. 1. 0. 0. 0.], Predicted: [0. 0. 0. 1. 0. 0. 0.]
2024-10-23 20:49:59,464 - INFO - Sample 877: True: [0. 1. 0. 0. 0. 0. 0.], Predicted: [0. 1. 0. 0. 0. 0. 0.]
2024-10-23 20:49:59,464 - INFO - Sample 878: True: [0. 1. 0. 0. 0. 0. 0.], Predicted: [0. 0. 0. 0. 1. 0. 0.]
2024-10-23 20:49:59,464 - INFO - Sample 879: True: [0. 1. 0. 0. 0. 0. 0.], Predicted: [0. 0. 0. 0. 0. 0. 0.]
2024-10-23 20:49:59,465 - INFO - Sample 880: True: [0. 1. 0. 0. 0. 0. 0.], Predicted: [0. 1. 0. 0. 0. 0. 0.]
2024-10-23 20:49:59,465 - INFO - Sample 881: True: [0. 1. 0. 0. 0. 0. 0.], Predicted: [0. 1. 0. 0. 0. 0. 0.]
2024-10-23 20:49:59,465 - INFO - Sample 882: True: [0. 1. 0. 0. 0. 0. 0.], Predicted: [0. 1. 0. 0. 0. 0. 0.]
2024-10-23 20:49:59,465 - INFO - Sample 883: True: [1. 0. 0. 0. 0. 0. 0.], Predicted: [1. 0. 0. 0. 0. 0. 0.]
2024-10-23 20:49:59,465 - INFO - Sample 884: True: [0. 1. 0. 0. 0. 0. 0.], Predicted: [0. 1. 0. 0. 0. 0. 0.]
2024-10-23 20:49:59,466 - INFO - Sample 885: True: [0. 0. 1. 0. 0. 0. 0.], Predicted: [0. 0. 1. 0. 0. 0. 0.]
2024-10-23 20:49:59,466 - INFO - Sample 886: True: [0. 1. 0. 0. 0. 0. 0.], Predicted: [0. 0. 0. 0. 0. 0. 0.]
2024-10-23 20:49:59,466 - INFO - Sample 887: True: [1. 0. 0. 0. 0. 0. 0.], Predicted: [0. 1. 0. 0. 0. 0. 0.]
2024-10-23 20:49:59,466 - INFO - Sample 888: True: [0. 1. 0. 0. 0. 0. 0.], Predicted: [0. 1. 0. 0. 0. 0. 0.]
2024-10-23 20:49:59,466 - INFO - Sample 889: True: [0. 0. 0. 0. 1. 0. 0.], Predicted: [0. 0. 0. 0. 1. 0. 0.]
2024-10-23 20:49:59,466 - INFO - Sample 890: True: [0. 1. 0. 0. 0. 0. 0.], Predicted: [0. 1. 0. 0. 0. 0. 0.]
2024-10-23 20:49:59,467 - INFO - Sample 891: True: [0. 1. 0. 0. 0. 0. 0.], Predicted: [0. 1. 0. 0. 0. 0. 0.]
2024-10-23 20:49:59,467 - INFO - Sample 892: True: [0. 0. 0. 0. 0. 1. 0.], Predicted: [0. 0. 0. 0. 0. 1. 0.]
2024-10-23 20:49:59,467 - INFO - Sample 893: True: [0. 0. 0. 0. 0. 1. 0.], Predicted: [0. 0. 0. 0. 0. 0. 0.]
2024-10-23 20:49:59,467 - INFO - Sample 894: True: [0. 1. 0. 0. 0. 0. 0.], Predicted: [0. 1. 0. 0. 0. 0. 0.]
2024-10-23 20:49:59,467 - INFO - Sample 895: True: [0. 1. 0. 0. 0. 0. 0.], Predicted: [0. 1. 0. 0. 0. 0. 0.]
2024-10-23 20:49:59,468 - INFO - Sample 896: True: [0. 0. 0. 1. 0. 0. 0.], Predicted: [0. 0. 0. 0. 0. 0. 0.]
2024-10-23 20:49:59,879 - INFO - Sample 897: True: [0. 1. 0. 0. 0. 0. 0.], Predicted: [0. 1. 0. 0. 0. 0. 0.]
2024-10-23 20:49:59,879 - INFO - Sample 898: True: [0. 1. 0. 0. 0. 0. 0.], Predicted: [0. 1. 0. 0. 0. 0. 0.]
2024-10-23 20:49:59,879 - INFO - Sample 899: True: [0. 0. 1. 0. 0. 0. 0.], Predicted: [0. 0. 0. 0. 0. 0. 0.]
2024-10-23 20:49:59,879 - INFO - Sample 900: True: [0. 1. 0. 0. 0. 0. 0.], Predicted: [0. 1. 0. 0. 0. 0. 0.]
2024-10-23 20:49:59,880 - INFO - Sample 901: True: [0. 1. 0. 0. 0. 0. 0.], Predicted: [0. 1. 0. 0. 0. 0. 0.]
2024-10-23 20:49:59,880 - INFO - Sample 902: True: [0. 1. 0. 0. 0. 0. 0.], Predicted: [0. 1. 0. 0. 0. 0. 0.]
2024-10-23 20:49:59,880 - INFO - Sample 903: True: [0. 0. 1. 0. 0. 0. 0.], Predicted: [0. 0. 0. 0. 0. 0. 0.]
2024-10-23 20:49:59,880 - INFO - Sample 904: True: [0. 0. 0. 0. 1. 0. 0.], Predicted: [0. 0. 0. 0. 0. 0. 0.]
2024-10-23 20:49:59,880 - INFO - Sample 905: True: [0. 1. 0. 0. 0. 0. 0.], Predicted: [0. 1. 0. 0. 0. 0. 0.]
2024-10-23 20:49:59,881 - INFO - Sample 906: True: [0. 1. 0. 0. 0. 0. 0.], Predicted: [0. 1. 0. 0. 0. 0. 0.]
2024-10-23 20:49:59,881 - INFO - Sample 907: True: [0. 0. 0. 0. 0. 1. 0.], Predicted: [0. 0. 0. 0. 1. 0. 0.]
2024-10-23 20:49:59,881 - INFO - Sample 908: True: [0. 1. 0. 0. 0. 0. 0.], Predicted: [0. 1. 0. 0. 0. 0. 0.]
2024-10-23 20:49:59,881 - INFO - Sample 909: True: [0. 1. 0. 0. 0. 0. 0.], Predicted: [0. 1. 0. 0. 0. 0. 0.]
2024-10-23 20:49:59,881 - INFO - Sample 910: True: [0. 1. 0. 0. 0. 0. 0.], Predicted: [0. 0. 0. 0. 0. 0. 0.]
2024-10-23 20:49:59,882 - INFO - Sample 911: True: [0. 1. 0. 0. 0. 0. 0.], Predicted: [0. 1. 0. 0. 0. 0. 0.]
2024-10-23 20:49:59,882 - INFO - Sample 912: True: [1. 0. 0. 0. 0. 0. 0.], Predicted: [0. 0. 0. 0. 1. 0. 0.]
2024-10-23 20:49:59,882 - INFO - Sample 913: True: [1. 0. 0. 0. 0. 0. 0.], Predicted: [1. 0. 0. 0. 0. 0. 0.]
2024-10-23 20:49:59,882 - INFO - Sample 914: True: [0. 1. 0. 0. 0. 0. 0.], Predicted: [0. 1. 0. 0. 0. 0. 0.]
2024-10-23 20:49:59,882 - INFO - Sample 915: True: [1. 0. 0. 0. 0. 0. 0.], Predicted: [1. 1. 0. 0. 0. 0. 0.]
2024-10-23 20:49:59,882 - INFO - Sample 916: True: [0. 0. 0. 0. 1. 0. 0.], Predicted: [0. 0. 0. 0. 1. 0. 0.]
2024-10-23 20:49:59,883 - INFO - Sample 917: True: [0. 0. 0. 0. 1. 0. 0.], Predicted: [0. 0. 0. 0. 1. 0. 0.]
2024-10-23 20:49:59,883 - INFO - Sample 918: True: [0. 1. 0. 0. 0. 0. 0.], Predicted: [0. 0. 0. 0. 1. 0. 0.]
2024-10-23 20:49:59,883 - INFO - Sample 919: True: [0. 0. 0. 0. 1. 0. 0.], Predicted: [0. 0. 0. 0. 1. 0. 0.]
2024-10-23 20:49:59,883 - INFO - Sample 920: True: [0. 1. 0. 0. 0. 0. 0.], Predicted: [0. 1. 0. 0. 0. 0. 0.]
2024-10-23 20:49:59,883 - INFO - Sample 921: True: [0. 0. 1. 0. 0. 0. 0.], Predicted: [1. 0. 0. 0. 0. 0. 0.]
2024-10-23 20:49:59,884 - INFO - Sample 922: True: [0. 1. 0. 0. 0. 0. 0.], Predicted: [0. 1. 0. 0. 0. 0. 0.]
2024-10-23 20:49:59,884 - INFO - Sample 923: True: [0. 1. 0. 0. 0. 0. 0.], Predicted: [0. 1. 0. 0. 0. 0. 0.]
2024-10-23 20:49:59,884 - INFO - Sample 924: True: [0. 0. 0. 0. 1. 0. 0.], Predicted: [0. 0. 0. 0. 1. 0. 0.]
2024-10-23 20:49:59,884 - INFO - Sample 925: True: [0. 0. 0. 0. 1. 0. 0.], Predicted: [0. 0. 0. 0. 1. 0. 0.]
2024-10-23 20:49:59,884 - INFO - Sample 926: True: [0. 1. 0. 0. 0. 0. 0.], Predicted: [0. 1. 0. 0. 0. 0. 0.]
2024-10-23 20:49:59,884 - INFO - Sample 927: True: [0. 1. 0. 0. 0. 0. 0.], Predicted: [0. 1. 0. 0. 0. 0. 0.]
2024-10-23 20:49:59,885 - INFO - Sample 928: True: [0. 0. 0. 0. 0. 0. 1.], Predicted: [0. 0. 0. 0. 0. 0. 1.]
2024-10-23 20:50:00,295 - INFO - Sample 929: True: [0. 1. 0. 0. 0. 0. 0.], Predicted: [0. 1. 0. 0. 0. 0. 0.]
2024-10-23 20:50:00,295 - INFO - Sample 930: True: [0. 1. 0. 0. 0. 0. 0.], Predicted: [0. 1. 0. 0. 0. 0. 0.]
2024-10-23 20:50:00,295 - INFO - Sample 931: True: [1. 0. 0. 0. 0. 0. 0.], Predicted: [1. 0. 0. 0. 0. 0. 0.]
2024-10-23 20:50:00,296 - INFO - Sample 932: True: [0. 1. 0. 0. 0. 0. 0.], Predicted: [0. 1. 0. 0. 0. 0. 0.]
2024-10-23 20:50:00,296 - INFO - Sample 933: True: [0. 1. 0. 0. 0. 0. 0.], Predicted: [0. 1. 0. 0. 0. 0. 0.]
2024-10-23 20:50:00,296 - INFO - Sample 934: True: [0. 1. 0. 0. 0. 0. 0.], Predicted: [0. 1. 0. 0. 0. 0. 0.]
2024-10-23 20:50:00,296 - INFO - Sample 935: True: [0. 1. 0. 0. 0. 0. 0.], Predicted: [0. 1. 0. 0. 0. 0. 0.]
2024-10-23 20:50:00,296 - INFO - Sample 936: True: [0. 1. 0. 0. 0. 0. 0.], Predicted: [0. 1. 0. 0. 0. 0. 0.]
2024-10-23 20:50:00,297 - INFO - Sample 937: True: [0. 1. 0. 0. 0. 0. 0.], Predicted: [0. 1. 0. 0. 0. 0. 0.]
2024-10-23 20:50:00,297 - INFO - Sample 938: True: [0. 1. 0. 0. 0. 0. 0.], Predicted: [0. 1. 0. 0. 0. 0. 0.]
2024-10-23 20:50:00,297 - INFO - Sample 939: True: [1. 0. 0. 0. 0. 0. 0.], Predicted: [1. 0. 0. 0. 0. 0. 0.]
2024-10-23 20:50:00,297 - INFO - Sample 940: True: [0. 0. 0. 0. 1. 0. 0.], Predicted: [0. 0. 0. 0. 1. 0. 0.]
2024-10-23 20:50:00,297 - INFO - Sample 941: True: [0. 1. 0. 0. 0. 0. 0.], Predicted: [0. 1. 0. 0. 0. 0. 0.]
2024-10-23 20:50:00,298 - INFO - Sample 942: True: [0. 1. 0. 0. 0. 0. 0.], Predicted: [0. 1. 0. 0. 0. 0. 0.]
2024-10-23 20:50:00,298 - INFO - Sample 943: True: [0. 0. 1. 0. 0. 0. 0.], Predicted: [0. 1. 0. 0. 0. 0. 0.]
2024-10-23 20:50:00,298 - INFO - Sample 944: True: [0. 1. 0. 0. 0. 0. 0.], Predicted: [0. 1. 0. 0. 0. 0. 0.]
2024-10-23 20:50:00,298 - INFO - Sample 945: True: [0. 1. 0. 0. 0. 0. 0.], Predicted: [0. 1. 0. 0. 0. 0. 0.]
2024-10-23 20:50:00,298 - INFO - Sample 946: True: [0. 1. 0. 0. 0. 0. 0.], Predicted: [0. 1. 0. 0. 0. 0. 0.]
2024-10-23 20:50:00,298 - INFO - Sample 947: True: [0. 1. 0. 0. 0. 0. 0.], Predicted: [0. 0. 0. 0. 0. 0. 0.]
2024-10-23 20:50:00,299 - INFO - Sample 948: True: [0. 1. 0. 0. 0. 0. 0.], Predicted: [0. 1. 0. 0. 0. 0. 0.]
2024-10-23 20:50:00,299 - INFO - Sample 949: True: [0. 1. 0. 0. 0. 0. 0.], Predicted: [0. 1. 0. 0. 0. 0. 0.]
2024-10-23 20:50:00,299 - INFO - Sample 950: True: [0. 1. 0. 0. 0. 0. 0.], Predicted: [0. 1. 0. 0. 0. 0. 0.]
2024-10-23 20:50:00,299 - INFO - Sample 951: True: [0. 1. 0. 0. 0. 0. 0.], Predicted: [0. 1. 0. 0. 0. 0. 0.]
2024-10-23 20:50:00,299 - INFO - Sample 952: True: [0. 1. 0. 0. 0. 0. 0.], Predicted: [0. 1. 0. 0. 0. 0. 0.]
2024-10-23 20:50:00,299 - INFO - Sample 953: True: [0. 1. 0. 0. 0. 0. 0.], Predicted: [0. 1. 0. 0. 0. 0. 0.]
2024-10-23 20:50:00,300 - INFO - Sample 954: True: [0. 1. 0. 0. 0. 0. 0.], Predicted: [0. 1. 0. 0. 0. 0. 0.]
2024-10-23 20:50:00,300 - INFO - Sample 955: True: [0. 1. 0. 0. 0. 0. 0.], Predicted: [0. 1. 0. 0. 0. 0. 0.]
2024-10-23 20:50:00,300 - INFO - Sample 956: True: [0. 0. 0. 0. 1. 0. 0.], Predicted: [0. 1. 0. 0. 0. 0. 0.]
2024-10-23 20:50:00,300 - INFO - Sample 957: True: [1. 0. 0. 0. 0. 0. 0.], Predicted: [1. 0. 0. 0. 0. 0. 0.]
2024-10-23 20:50:00,300 - INFO - Sample 958: True: [0. 1. 0. 0. 0. 0. 0.], Predicted: [0. 1. 0. 0. 0. 0. 0.]
2024-10-23 20:50:00,301 - INFO - Sample 959: True: [0. 1. 0. 0. 0. 0. 0.], Predicted: [0. 1. 0. 0. 0. 0. 0.]
2024-10-23 20:50:00,301 - INFO - Sample 960: True: [0. 1. 0. 0. 0. 0. 0.], Predicted: [0. 1. 0. 0. 0. 0. 0.]
2024-10-23 20:50:00,711 - INFO - Sample 961: True: [0. 1. 0. 0. 0. 0. 0.], Predicted: [0. 0. 0. 0. 0. 0. 0.]
2024-10-23 20:50:00,712 - INFO - Sample 962: True: [1. 0. 0. 0. 0. 0. 0.], Predicted: [0. 1. 0. 0. 0. 0. 0.]
2024-10-23 20:50:00,712 - INFO - Sample 963: True: [0. 0. 0. 0. 1. 0. 0.], Predicted: [0. 1. 0. 0. 0. 0. 0.]
2024-10-23 20:50:00,712 - INFO - Sample 964: True: [0. 1. 0. 0. 0. 0. 0.], Predicted: [0. 1. 0. 0. 0. 0. 0.]
2024-10-23 20:50:00,712 - INFO - Sample 965: True: [0. 1. 0. 0. 0. 0. 0.], Predicted: [0. 1. 0. 0. 0. 0. 0.]
2024-10-23 20:50:00,713 - INFO - Sample 966: True: [0. 1. 0. 0. 0. 0. 0.], Predicted: [0. 1. 0. 0. 0. 0. 0.]
2024-10-23 20:50:00,713 - INFO - Sample 967: True: [0. 1. 0. 0. 0. 0. 0.], Predicted: [0. 1. 0. 0. 0. 0. 0.]
2024-10-23 20:50:00,713 - INFO - Sample 968: True: [0. 0. 0. 0. 1. 0. 0.], Predicted: [0. 0. 0. 0. 1. 0. 0.]
2024-10-23 20:50:00,713 - INFO - Sample 969: True: [0. 1. 0. 0. 0. 0. 0.], Predicted: [0. 1. 0. 0. 0. 0. 0.]
2024-10-23 20:50:00,713 - INFO - Sample 970: True: [0. 1. 0. 0. 0. 0. 0.], Predicted: [0. 1. 0. 0. 0. 0. 0.]
2024-10-23 20:50:00,714 - INFO - Sample 971: True: [0. 1. 0. 0. 0. 0. 0.], Predicted: [0. 1. 0. 0. 0. 0. 0.]
2024-10-23 20:50:00,714 - INFO - Sample 972: True: [0. 1. 0. 0. 0. 0. 0.], Predicted: [0. 1. 0. 0. 0. 0. 0.]
2024-10-23 20:50:00,714 - INFO - Sample 973: True: [1. 0. 0. 0. 0. 0. 0.], Predicted: [1. 0. 0. 0. 0. 0. 0.]
2024-10-23 20:50:00,714 - INFO - Sample 974: True: [0. 1. 0. 0. 0. 0. 0.], Predicted: [0. 1. 0. 0. 0. 0. 0.]
2024-10-23 20:50:00,714 - INFO - Sample 975: True: [0. 1. 0. 0. 0. 0. 0.], Predicted: [0. 1. 0. 0. 0. 0. 0.]
2024-10-23 20:50:00,714 - INFO - Sample 976: True: [1. 0. 0. 0. 0. 0. 0.], Predicted: [0. 0. 0. 0. 0. 0. 0.]
2024-10-23 20:50:00,715 - INFO - Sample 977: True: [0. 1. 0. 0. 0. 0. 0.], Predicted: [0. 1. 0. 0. 0. 0. 0.]
2024-10-23 20:50:00,715 - INFO - Sample 978: True: [0. 1. 0. 0. 0. 0. 0.], Predicted: [0. 0. 0. 0. 0. 0. 0.]
2024-10-23 20:50:00,715 - INFO - Sample 979: True: [0. 1. 0. 0. 0. 0. 0.], Predicted: [0. 1. 0. 0. 0. 0. 0.]
2024-10-23 20:50:00,715 - INFO - Sample 980: True: [0. 1. 0. 0. 0. 0. 0.], Predicted: [0. 1. 0. 0. 0. 0. 0.]
2024-10-23 20:50:00,715 - INFO - Sample 981: True: [0. 1. 0. 0. 0. 0. 0.], Predicted: [0. 1. 0. 0. 0. 0. 0.]
2024-10-23 20:50:00,716 - INFO - Sample 982: True: [0. 1. 0. 0. 0. 0. 0.], Predicted: [0. 1. 0. 0. 0. 0. 0.]
2024-10-23 20:50:00,716 - INFO - Sample 983: True: [0. 1. 0. 0. 0. 0. 0.], Predicted: [0. 1. 0. 0. 0. 0. 0.]
2024-10-23 20:50:00,716 - INFO - Sample 984: True: [0. 0. 0. 0. 1. 0. 0.], Predicted: [0. 1. 0. 0. 0. 0. 0.]
2024-10-23 20:50:00,716 - INFO - Sample 985: True: [0. 1. 0. 0. 0. 0. 0.], Predicted: [0. 1. 0. 0. 0. 0. 0.]
2024-10-23 20:50:00,716 - INFO - Sample 986: True: [0. 1. 0. 0. 0. 0. 0.], Predicted: [0. 1. 0. 0. 1. 0. 0.]
2024-10-23 20:50:00,717 - INFO - Sample 987: True: [0. 1. 0. 0. 0. 0. 0.], Predicted: [0. 1. 0. 0. 0. 0. 0.]
2024-10-23 20:50:00,717 - INFO - Sample 988: True: [0. 1. 0. 0. 0. 0. 0.], Predicted: [0. 1. 0. 0. 0. 0. 0.]
2024-10-23 20:50:00,717 - INFO - Sample 989: True: [0. 0. 0. 0. 1. 0. 0.], Predicted: [0. 1. 0. 0. 0. 0. 0.]
2024-10-23 20:50:00,717 - INFO - Sample 990: True: [0. 1. 0. 0. 0. 0. 0.], Predicted: [0. 1. 0. 0. 0. 0. 0.]
2024-10-23 20:50:00,717 - INFO - Sample 991: True: [0. 1. 0. 0. 0. 0. 0.], Predicted: [0. 1. 0. 0. 0. 0. 0.]
2024-10-23 20:50:00,717 - INFO - Sample 992: True: [0. 1. 0. 0. 0. 0. 0.], Predicted: [0. 1. 0. 0. 0. 0. 0.]
2024-10-23 20:50:01,129 - INFO - Sample 993: True: [0. 1. 0. 0. 0. 0. 0.], Predicted: [0. 1. 0. 0. 0. 0. 0.]
2024-10-23 20:50:01,129 - INFO - Sample 994: True: [0. 1. 0. 0. 0. 0. 0.], Predicted: [0. 1. 0. 0. 0. 0. 0.]
2024-10-23 20:50:01,129 - INFO - Sample 995: True: [0. 1. 0. 0. 0. 0. 0.], Predicted: [0. 1. 0. 0. 0. 0. 0.]
2024-10-23 20:50:01,129 - INFO - Sample 996: True: [0. 1. 0. 0. 0. 0. 0.], Predicted: [0. 1. 0. 0. 0. 0. 0.]
2024-10-23 20:50:01,130 - INFO - Sample 997: True: [0. 1. 0. 0. 0. 0. 0.], Predicted: [0. 1. 0. 0. 0. 0. 0.]
2024-10-23 20:50:01,130 - INFO - Sample 998: True: [0. 0. 1. 0. 0. 0. 0.], Predicted: [0. 0. 1. 0. 0. 0. 0.]
2024-10-23 20:50:01,130 - INFO - Sample 999: True: [0. 1. 0. 0. 0. 0. 0.], Predicted: [0. 1. 0. 0. 0. 0. 0.]
2024-10-23 20:50:01,130 - INFO - Sample 1000: True: [1. 0. 0. 0. 0. 0. 0.], Predicted: [1. 0. 0. 0. 0. 0. 0.]
2024-10-23 20:50:01,130 - INFO - Sample 1001: True: [0. 1. 0. 0. 0. 0. 0.], Predicted: [0. 1. 0. 0. 0. 0. 0.]
2024-10-23 20:50:01,131 - INFO - Sample 1002: True: [0. 0. 0. 0. 0. 1. 0.], Predicted: [0. 0. 0. 0. 0. 0. 0.]
2024-10-23 20:50:01,131 - INFO - Sample 1003: True: [0. 0. 0. 1. 0. 0. 0.], Predicted: [0. 1. 0. 0. 0. 0. 0.]
2024-10-23 20:50:01,131 - INFO - Sample 1004: True: [0. 1. 0. 0. 0. 0. 0.], Predicted: [1. 1. 0. 0. 0. 0. 0.]
2024-10-23 20:50:01,131 - INFO - Sample 1005: True: [0. 1. 0. 0. 0. 0. 0.], Predicted: [0. 1. 0. 0. 0. 0. 0.]
2024-10-23 20:50:01,131 - INFO - Sample 1006: True: [0. 0. 0. 0. 1. 0. 0.], Predicted: [0. 0. 0. 0. 1. 0. 0.]
2024-10-23 20:50:01,131 - INFO - Sample 1007: True: [0. 1. 0. 0. 0. 0. 0.], Predicted: [0. 1. 0. 0. 0. 0. 0.]
2024-10-23 20:50:01,132 - INFO - Sample 1008: True: [1. 0. 0. 0. 0. 0. 0.], Predicted: [0. 1. 0. 0. 0. 0. 0.]
2024-10-23 20:50:01,132 - INFO - Sample 1009: True: [0. 1. 0. 0. 0. 0. 0.], Predicted: [0. 1. 0. 0. 0. 0. 0.]
2024-10-23 20:50:01,132 - INFO - Sample 1010: True: [0. 1. 0. 0. 0. 0. 0.], Predicted: [0. 1. 0. 0. 0. 0. 0.]
2024-10-23 20:50:01,132 - INFO - Sample 1011: True: [1. 0. 0. 0. 0. 0. 0.], Predicted: [0. 1. 0. 0. 0. 0. 0.]
2024-10-23 20:50:01,132 - INFO - Sample 1012: True: [1. 0. 0. 0. 0. 0. 0.], Predicted: [1. 0. 0. 0. 0. 0. 0.]
2024-10-23 20:50:01,132 - INFO - Sample 1013: True: [0. 1. 0. 0. 0. 0. 0.], Predicted: [0. 1. 0. 0. 0. 0. 0.]
2024-10-23 20:50:01,133 - INFO - Sample 1014: True: [0. 0. 0. 0. 1. 0. 0.], Predicted: [0. 0. 0. 0. 0. 0. 0.]
2024-10-23 20:50:01,133 - INFO - Sample 1015: True: [0. 1. 0. 0. 0. 0. 0.], Predicted: [0. 1. 0. 0. 0. 0. 0.]
2024-10-23 20:50:01,133 - INFO - Sample 1016: True: [0. 1. 0. 0. 0. 0. 0.], Predicted: [0. 1. 0. 0. 0. 0. 0.]
2024-10-23 20:50:01,133 - INFO - Sample 1017: True: [0. 1. 0. 0. 0. 0. 0.], Predicted: [0. 1. 0. 0. 0. 0. 0.]
2024-10-23 20:50:01,133 - INFO - Sample 1018: True: [0. 1. 0. 0. 0. 0. 0.], Predicted: [0. 1. 0. 0. 0. 0. 0.]
2024-10-23 20:50:01,134 - INFO - Sample 1019: True: [0. 1. 0. 0. 0. 0. 0.], Predicted: [0. 1. 0. 0. 0. 0. 0.]
2024-10-23 20:50:01,134 - INFO - Sample 1020: True: [0. 0. 0. 0. 1. 0. 0.], Predicted: [0. 1. 0. 0. 0. 0. 0.]
2024-10-23 20:50:01,134 - INFO - Sample 1021: True: [0. 1. 0. 0. 0. 0. 0.], Predicted: [1. 0. 0. 0. 0. 0. 0.]
2024-10-23 20:50:01,134 - INFO - Sample 1022: True: [0. 1. 0. 0. 0. 0. 0.], Predicted: [0. 1. 0. 0. 0. 0. 0.]
2024-10-23 20:50:01,134 - INFO - Sample 1023: True: [0. 1. 0. 0. 0. 0. 0.], Predicted: [0. 1. 0. 0. 0. 0. 0.]
2024-10-23 20:50:01,134 - INFO - Sample 1024: True: [0. 1. 0. 0. 0. 0. 0.], Predicted: [0. 0. 0. 0. 1. 0. 0.]
2024-10-23 20:50:01,546 - INFO - Sample 1025: True: [0. 1. 0. 0. 0. 0. 0.], Predicted: [0. 1. 0. 0. 0. 0. 0.]
2024-10-23 20:50:01,547 - INFO - Sample 1026: True: [0. 1. 0. 0. 0. 0. 0.], Predicted: [0. 1. 0. 0. 0. 0. 0.]
2024-10-23 20:50:01,547 - INFO - Sample 1027: True: [0. 1. 0. 0. 0. 0. 0.], Predicted: [0. 0. 0. 0. 0. 0. 0.]
2024-10-23 20:50:01,547 - INFO - Sample 1028: True: [0. 1. 0. 0. 0. 0. 0.], Predicted: [0. 1. 0. 0. 0. 0. 0.]
2024-10-23 20:50:01,547 - INFO - Sample 1029: True: [0. 1. 0. 0. 0. 0. 0.], Predicted: [0. 1. 0. 0. 0. 0. 0.]
2024-10-23 20:50:01,547 - INFO - Sample 1030: True: [0. 1. 0. 0. 0. 0. 0.], Predicted: [0. 1. 0. 0. 0. 0. 0.]
2024-10-23 20:50:01,548 - INFO - Sample 1031: True: [0. 1. 0. 0. 0. 0. 0.], Predicted: [0. 1. 0. 0. 0. 0. 0.]
2024-10-23 20:50:01,548 - INFO - Sample 1032: True: [0. 1. 0. 0. 0. 0. 0.], Predicted: [0. 0. 0. 0. 1. 0. 0.]
2024-10-23 20:50:01,548 - INFO - Sample 1033: True: [0. 1. 0. 0. 0. 0. 0.], Predicted: [0. 1. 0. 0. 0. 0. 0.]
2024-10-23 20:50:01,548 - INFO - Sample 1034: True: [0. 0. 0. 0. 1. 0. 0.], Predicted: [0. 0. 0. 0. 0. 0. 0.]
2024-10-23 20:50:01,548 - INFO - Sample 1035: True: [0. 0. 1. 0. 0. 0. 0.], Predicted: [0. 0. 1. 0. 0. 0. 0.]
2024-10-23 20:50:01,548 - INFO - Sample 1036: True: [0. 0. 1. 0. 0. 0. 0.], Predicted: [0. 0. 1. 0. 0. 0. 0.]
2024-10-23 20:50:01,549 - INFO - Sample 1037: True: [0. 1. 0. 0. 0. 0. 0.], Predicted: [0. 1. 0. 0. 0. 0. 0.]
2024-10-23 20:50:01,549 - INFO - Sample 1038: True: [0. 0. 0. 0. 0. 1. 0.], Predicted: [0. 0. 0. 0. 0. 1. 0.]
2024-10-23 20:50:01,549 - INFO - Sample 1039: True: [0. 0. 0. 0. 1. 0. 0.], Predicted: [0. 0. 0. 0. 1. 0. 0.]
2024-10-23 20:50:01,549 - INFO - Sample 1040: True: [0. 0. 0. 0. 1. 0. 0.], Predicted: [0. 0. 0. 0. 1. 0. 0.]
2024-10-23 20:50:01,549 - INFO - Sample 1041: True: [0. 1. 0. 0. 0. 0. 0.], Predicted: [0. 1. 0. 0. 0. 0. 0.]
2024-10-23 20:50:01,549 - INFO - Sample 1042: True: [0. 1. 0. 0. 0. 0. 0.], Predicted: [0. 1. 0. 0. 0. 0. 0.]
2024-10-23 20:50:01,550 - INFO - Sample 1043: True: [0. 0. 0. 0. 1. 0. 0.], Predicted: [0. 0. 0. 0. 1. 0. 0.]
2024-10-23 20:50:01,550 - INFO - Sample 1044: True: [0. 0. 1. 0. 0. 0. 0.], Predicted: [0. 0. 1. 0. 0. 0. 0.]
2024-10-23 20:50:01,550 - INFO - Sample 1045: True: [0. 1. 0. 0. 0. 0. 0.], Predicted: [0. 1. 0. 0. 0. 0. 0.]
2024-10-23 20:50:01,550 - INFO - Sample 1046: True: [0. 1. 0. 0. 0. 0. 0.], Predicted: [0. 1. 0. 0. 0. 0. 0.]
2024-10-23 20:50:01,550 - INFO - Sample 1047: True: [0. 1. 0. 0. 0. 0. 0.], Predicted: [0. 1. 0. 0. 0. 0. 0.]
2024-10-23 20:50:01,551 - INFO - Sample 1048: True: [0. 0. 0. 0. 0. 0. 1.], Predicted: [0. 0. 0. 0. 0. 0. 1.]
2024-10-23 20:50:01,551 - INFO - Sample 1049: True: [0. 1. 0. 0. 0. 0. 0.], Predicted: [0. 1. 0. 0. 0. 0. 0.]
2024-10-23 20:50:01,551 - INFO - Sample 1050: True: [0. 1. 0. 0. 0. 0. 0.], Predicted: [0. 1. 0. 0. 0. 0. 0.]
2024-10-23 20:50:01,551 - INFO - Sample 1051: True: [1. 0. 0. 0. 0. 0. 0.], Predicted: [0. 0. 0. 0. 1. 0. 0.]
2024-10-23 20:50:01,551 - INFO - Sample 1052: True: [0. 0. 0. 0. 0. 0. 1.], Predicted: [0. 0. 0. 0. 0. 0. 1.]
2024-10-23 20:50:01,551 - INFO - Sample 1053: True: [0. 1. 0. 0. 0. 0. 0.], Predicted: [0. 1. 0. 0. 0. 0. 0.]
2024-10-23 20:50:01,552 - INFO - Sample 1054: True: [1. 0. 0. 0. 0. 0. 0.], Predicted: [1. 0. 0. 0. 0. 0. 0.]
2024-10-23 20:50:01,552 - INFO - Sample 1055: True: [1. 0. 0. 0. 0. 0. 0.], Predicted: [0. 0. 0. 0. 1. 0. 0.]
2024-10-23 20:50:01,552 - INFO - Sample 1056: True: [0. 0. 0. 0. 1. 0. 0.], Predicted: [0. 0. 0. 0. 0. 0. 0.]
2024-10-23 20:50:01,955 - INFO - Sample 1057: True: [0. 0. 0. 1. 0. 0. 0.], Predicted: [0. 0. 0. 1. 0. 0. 0.]
2024-10-23 20:50:01,955 - INFO - Sample 1058: True: [0. 1. 0. 0. 0. 0. 0.], Predicted: [0. 1. 0. 0. 0. 0. 0.]
2024-10-23 20:50:01,956 - INFO - Sample 1059: True: [1. 0. 0. 0. 0. 0. 0.], Predicted: [0. 1. 0. 0. 0. 0. 0.]
2024-10-23 20:50:01,956 - INFO - Sample 1060: True: [0. 1. 0. 0. 0. 0. 0.], Predicted: [0. 1. 0. 0. 0. 0. 0.]
2024-10-23 20:50:01,956 - INFO - Sample 1061: True: [0. 0. 0. 0. 1. 0. 0.], Predicted: [0. 0. 0. 0. 1. 0. 0.]
2024-10-23 20:50:01,956 - INFO - Sample 1062: True: [0. 0. 0. 0. 1. 0. 0.], Predicted: [0. 0. 0. 0. 1. 0. 0.]
2024-10-23 20:50:01,956 - INFO - Sample 1063: True: [0. 1. 0. 0. 0. 0. 0.], Predicted: [0. 1. 0. 0. 0. 0. 0.]
2024-10-23 20:50:01,957 - INFO - Sample 1064: True: [0. 1. 0. 0. 0. 0. 0.], Predicted: [0. 1. 0. 0. 0. 0. 0.]
2024-10-23 20:50:01,957 - INFO - Sample 1065: True: [0. 1. 0. 0. 0. 0. 0.], Predicted: [0. 1. 0. 0. 0. 0. 0.]
2024-10-23 20:50:01,957 - INFO - Sample 1066: True: [0. 1. 0. 0. 0. 0. 0.], Predicted: [0. 1. 0. 0. 0. 0. 0.]
2024-10-23 20:50:01,957 - INFO - Sample 1067: True: [0. 1. 0. 0. 0. 0. 0.], Predicted: [0. 1. 0. 0. 0. 0. 0.]
2024-10-23 20:50:01,957 - INFO - Sample 1068: True: [0. 0. 0. 0. 1. 0. 0.], Predicted: [0. 0. 0. 0. 1. 0. 0.]
2024-10-23 20:50:01,958 - INFO - Sample 1069: True: [0. 1. 0. 0. 0. 0. 0.], Predicted: [0. 1. 0. 0. 0. 0. 0.]
2024-10-23 20:50:01,958 - INFO - Sample 1070: True: [0. 0. 0. 0. 0. 1. 0.], Predicted: [0. 1. 0. 0. 0. 0. 0.]
2024-10-23 20:50:01,958 - INFO - Sample 1071: True: [0. 1. 0. 0. 0. 0. 0.], Predicted: [0. 0. 0. 0. 1. 0. 0.]
2024-10-23 20:50:01,958 - INFO - Sample 1072: True: [0. 0. 0. 0. 1. 0. 0.], Predicted: [0. 0. 0. 0. 1. 0. 0.]
2024-10-23 20:50:01,958 - INFO - Sample 1073: True: [0. 0. 1. 0. 0. 0. 0.], Predicted: [0. 0. 0. 0. 0. 0. 0.]
2024-10-23 20:50:01,958 - INFO - Sample 1074: True: [0. 0. 0. 1. 0. 0. 0.], Predicted: [0. 0. 0. 1. 0. 0. 0.]
2024-10-23 20:50:01,959 - INFO - Sample 1075: True: [0. 0. 0. 0. 1. 0. 0.], Predicted: [0. 0. 0. 0. 0. 0. 0.]
2024-10-23 20:50:01,959 - INFO - Sample 1076: True: [0. 1. 0. 0. 0. 0. 0.], Predicted: [0. 1. 0. 0. 0. 0. 0.]
2024-10-23 20:50:01,959 - INFO - Sample 1077: True: [1. 0. 0. 0. 0. 0. 0.], Predicted: [1. 0. 0. 0. 0. 0. 0.]
2024-10-23 20:50:01,959 - INFO - Sample 1078: True: [0. 0. 0. 1. 0. 0. 0.], Predicted: [0. 0. 0. 1. 0. 0. 0.]
2024-10-23 20:50:01,959 - INFO - Sample 1079: True: [0. 0. 0. 0. 1. 0. 0.], Predicted: [0. 0. 0. 0. 0. 0. 0.]
2024-10-23 20:50:01,960 - INFO - Sample 1080: True: [0. 1. 0. 0. 0. 0. 0.], Predicted: [0. 0. 0. 0. 0. 0. 0.]
2024-10-23 20:50:01,960 - INFO - Sample 1081: True: [0. 0. 0. 0. 0. 0. 1.], Predicted: [0. 0. 0. 0. 0. 0. 1.]
2024-10-23 20:50:01,960 - INFO - Sample 1082: True: [0. 0. 0. 0. 1. 0. 0.], Predicted: [0. 0. 0. 0. 0. 0. 1.]
2024-10-23 20:50:01,960 - INFO - Sample 1083: True: [0. 0. 0. 0. 1. 0. 0.], Predicted: [0. 1. 0. 0. 1. 0. 0.]
2024-10-23 20:50:01,960 - INFO - Sample 1084: True: [1. 0. 0. 0. 0. 0. 0.], Predicted: [0. 1. 0. 0. 0. 0. 0.]
2024-10-23 20:50:01,960 - INFO - Sample 1085: True: [1. 0. 0. 0. 0. 0. 0.], Predicted: [1. 0. 0. 0. 0. 0. 0.]
2024-10-23 20:50:01,961 - INFO - Sample 1086: True: [0. 1. 0. 0. 0. 0. 0.], Predicted: [0. 1. 0. 0. 0. 0. 0.]
2024-10-23 20:50:01,961 - INFO - Sample 1087: True: [0. 1. 0. 0. 0. 0. 0.], Predicted: [0. 1. 0. 0. 0. 0. 0.]
2024-10-23 20:50:01,961 - INFO - Sample 1088: True: [1. 0. 0. 0. 0. 0. 0.], Predicted: [0. 0. 0. 0. 1. 0. 0.]
2024-10-23 20:50:02,362 - INFO - Sample 1089: True: [0. 1. 0. 0. 0. 0. 0.], Predicted: [0. 1. 0. 0. 0. 0. 0.]
2024-10-23 20:50:02,362 - INFO - Sample 1090: True: [0. 0. 0. 1. 0. 0. 0.], Predicted: [0. 0. 0. 0. 0. 0. 0.]
2024-10-23 20:50:02,363 - INFO - Sample 1091: True: [0. 0. 0. 1. 0. 0. 0.], Predicted: [0. 0. 0. 1. 0. 0. 0.]
2024-10-23 20:50:02,363 - INFO - Sample 1092: True: [0. 1. 0. 0. 0. 0. 0.], Predicted: [0. 1. 0. 0. 0. 0. 0.]
2024-10-23 20:50:02,363 - INFO - Sample 1093: True: [0. 0. 0. 0. 1. 0. 0.], Predicted: [0. 0. 0. 1. 0. 0. 0.]
2024-10-23 20:50:02,363 - INFO - Sample 1094: True: [0. 1. 0. 0. 0. 0. 0.], Predicted: [0. 1. 0. 0. 0. 0. 0.]
2024-10-23 20:50:02,363 - INFO - Sample 1095: True: [0. 1. 0. 0. 0. 0. 0.], Predicted: [0. 1. 0. 0. 0. 0. 0.]
2024-10-23 20:50:02,364 - INFO - Sample 1096: True: [0. 1. 0. 0. 0. 0. 0.], Predicted: [0. 1. 0. 0. 0. 0. 0.]
2024-10-23 20:50:02,364 - INFO - Sample 1097: True: [0. 1. 0. 0. 0. 0. 0.], Predicted: [0. 1. 0. 0. 0. 0. 0.]
2024-10-23 20:50:02,364 - INFO - Sample 1098: True: [0. 0. 0. 0. 0. 1. 0.], Predicted: [0. 0. 0. 0. 0. 0. 0.]
2024-10-23 20:50:02,364 - INFO - Sample 1099: True: [1. 0. 0. 0. 0. 0. 0.], Predicted: [1. 0. 0. 0. 0. 0. 0.]
2024-10-23 20:50:02,364 - INFO - Sample 1100: True: [0. 1. 0. 0. 0. 0. 0.], Predicted: [0. 1. 0. 0. 0. 0. 0.]
2024-10-23 20:50:02,364 - INFO - Sample 1101: True: [1. 0. 0. 0. 0. 0. 0.], Predicted: [1. 0. 0. 0. 0. 0. 0.]
2024-10-23 20:50:02,365 - INFO - Sample 1102: True: [0. 1. 0. 0. 0. 0. 0.], Predicted: [0. 1. 0. 0. 0. 0. 0.]
2024-10-23 20:50:02,365 - INFO - Sample 1103: True: [0. 0. 0. 0. 1. 0. 0.], Predicted: [0. 1. 0. 0. 0. 0. 0.]
2024-10-23 20:50:02,365 - INFO - Sample 1104: True: [0. 1. 0. 0. 0. 0. 0.], Predicted: [0. 0. 0. 0. 0. 0. 0.]
2024-10-23 20:50:02,365 - INFO - Sample 1105: True: [0. 1. 0. 0. 0. 0. 0.], Predicted: [0. 1. 0. 0. 0. 0. 0.]
2024-10-23 20:50:02,365 - INFO - Sample 1106: True: [0. 0. 1. 0. 0. 0. 0.], Predicted: [0. 0. 1. 0. 0. 0. 0.]
2024-10-23 20:50:02,365 - INFO - Sample 1107: True: [0. 1. 0. 0. 0. 0. 0.], Predicted: [0. 1. 0. 0. 0. 0. 0.]
2024-10-23 20:50:02,366 - INFO - Sample 1108: True: [0. 0. 1. 0. 0. 0. 0.], Predicted: [0. 0. 1. 0. 0. 0. 0.]
2024-10-23 20:50:02,366 - INFO - Sample 1109: True: [0. 0. 0. 0. 1. 0. 0.], Predicted: [0. 0. 0. 0. 1. 0. 0.]
2024-10-23 20:50:02,366 - INFO - Sample 1110: True: [0. 1. 0. 0. 0. 0. 0.], Predicted: [0. 1. 0. 0. 0. 0. 0.]
2024-10-23 20:50:02,366 - INFO - Sample 1111: True: [1. 0. 0. 0. 0. 0. 0.], Predicted: [1. 0. 0. 0. 0. 0. 0.]
2024-10-23 20:50:02,366 - INFO - Sample 1112: True: [0. 0. 0. 0. 1. 0. 0.], Predicted: [0. 0. 0. 0. 1. 0. 0.]
2024-10-23 20:50:02,367 - INFO - Sample 1113: True: [0. 1. 0. 0. 0. 0. 0.], Predicted: [0. 1. 0. 0. 0. 0. 0.]
2024-10-23 20:50:02,367 - INFO - Sample 1114: True: [0. 1. 0. 0. 0. 0. 0.], Predicted: [0. 1. 0. 0. 0. 0. 0.]
2024-10-23 20:50:02,367 - INFO - Sample 1115: True: [0. 0. 1. 0. 0. 0. 0.], Predicted: [0. 0. 0. 0. 0. 0. 0.]
2024-10-23 20:50:02,367 - INFO - Sample 1116: True: [0. 1. 0. 0. 0. 0. 0.], Predicted: [0. 0. 0. 0. 1. 0. 0.]
2024-10-23 20:50:02,367 - INFO - Sample 1117: True: [0. 0. 0. 0. 1. 0. 0.], Predicted: [0. 1. 0. 0. 0. 0. 0.]
2024-10-23 20:50:02,367 - INFO - Sample 1118: True: [1. 0. 0. 0. 0. 0. 0.], Predicted: [0. 1. 0. 0. 0. 0. 0.]
2024-10-23 20:50:02,368 - INFO - Sample 1119: True: [0. 1. 0. 0. 0. 0. 0.], Predicted: [0. 1. 0. 0. 0. 0. 0.]
2024-10-23 20:50:02,368 - INFO - Sample 1120: True: [0. 1. 0. 0. 0. 0. 0.], Predicted: [0. 1. 0. 0. 0. 0. 0.]
2024-10-23 20:50:02,764 - INFO - Sample 1121: True: [0. 1. 0. 0. 0. 0. 0.], Predicted: [0. 1. 0. 0. 0. 0. 0.]
2024-10-23 20:50:02,764 - INFO - Sample 1122: True: [0. 1. 0. 0. 0. 0. 0.], Predicted: [0. 1. 0. 0. 0. 0. 0.]
2024-10-23 20:50:02,764 - INFO - Sample 1123: True: [0. 0. 0. 0. 0. 1. 0.], Predicted: [0. 0. 0. 0. 1. 1. 0.]
2024-10-23 20:50:02,764 - INFO - Sample 1124: True: [0. 0. 0. 0. 1. 0. 0.], Predicted: [0. 0. 0. 0. 0. 0. 0.]
2024-10-23 20:50:02,765 - INFO - Sample 1125: True: [0. 0. 0. 0. 0. 1. 0.], Predicted: [0. 0. 0. 0. 1. 0. 0.]
2024-10-23 20:50:02,765 - INFO - Sample 1126: True: [0. 1. 0. 0. 0. 0. 0.], Predicted: [0. 1. 0. 0. 0. 0. 0.]
2024-10-23 20:50:02,765 - INFO - Sample 1127: True: [0. 0. 0. 0. 1. 0. 0.], Predicted: [0. 0. 0. 0. 0. 0. 0.]
2024-10-23 20:50:02,765 - INFO - Sample 1128: True: [1. 0. 0. 0. 0. 0. 0.], Predicted: [0. 1. 0. 0. 0. 0. 0.]
2024-10-23 20:50:02,765 - INFO - Sample 1129: True: [0. 1. 0. 0. 0. 0. 0.], Predicted: [0. 1. 0. 0. 0. 0. 0.]
2024-10-23 20:50:02,765 - INFO - Sample 1130: True: [1. 0. 0. 0. 0. 0. 0.], Predicted: [1. 0. 0. 0. 0. 0. 0.]
2024-10-23 20:50:02,766 - INFO - Sample 1131: True: [0. 0. 1. 0. 0. 0. 0.], Predicted: [0. 0. 0. 0. 0. 0. 0.]
2024-10-23 20:50:02,766 - INFO - Sample 1132: True: [0. 1. 0. 0. 0. 0. 0.], Predicted: [0. 1. 0. 0. 0. 0. 0.]
2024-10-23 20:50:02,766 - INFO - Sample 1133: True: [0. 0. 0. 0. 0. 1. 0.], Predicted: [0. 0. 0. 0. 0. 1. 0.]
2024-10-23 20:50:02,766 - INFO - Sample 1134: True: [0. 1. 0. 0. 0. 0. 0.], Predicted: [1. 0. 0. 0. 0. 0. 0.]
2024-10-23 20:50:02,766 - INFO - Sample 1135: True: [0. 1. 0. 0. 0. 0. 0.], Predicted: [0. 1. 0. 0. 0. 0. 0.]
2024-10-23 20:50:02,766 - INFO - Sample 1136: True: [0. 1. 0. 0. 0. 0. 0.], Predicted: [0. 0. 0. 0. 0. 0. 0.]
2024-10-23 20:50:02,767 - INFO - Sample 1137: True: [0. 1. 0. 0. 0. 0. 0.], Predicted: [0. 0. 0. 0. 0. 0. 0.]
2024-10-23 20:50:02,767 - INFO - Sample 1138: True: [1. 0. 0. 0. 0. 0. 0.], Predicted: [0. 1. 0. 0. 0. 0. 0.]
2024-10-23 20:50:02,767 - INFO - Sample 1139: True: [0. 0. 0. 1. 0. 0. 0.], Predicted: [0. 0. 0. 0. 0. 0. 0.]
2024-10-23 20:50:02,767 - INFO - Sample 1140: True: [0. 0. 1. 0. 0. 0. 0.], Predicted: [0. 0. 1. 0. 0. 0. 0.]
2024-10-23 20:50:02,767 - INFO - Sample 1141: True: [0. 1. 0. 0. 0. 0. 0.], Predicted: [0. 1. 0. 0. 0. 0. 0.]
2024-10-23 20:50:02,768 - INFO - Sample 1142: True: [0. 0. 0. 0. 1. 0. 0.], Predicted: [0. 0. 0. 0. 1. 0. 0.]
2024-10-23 20:50:02,768 - INFO - Sample 1143: True: [0. 0. 0. 0. 0. 1. 0.], Predicted: [0. 1. 0. 0. 0. 0. 0.]
2024-10-23 20:50:02,768 - INFO - Sample 1144: True: [1. 0. 0. 0. 0. 0. 0.], Predicted: [1. 0. 0. 0. 0. 0. 0.]
2024-10-23 20:50:02,768 - INFO - Sample 1145: True: [0. 1. 0. 0. 0. 0. 0.], Predicted: [0. 1. 0. 0. 0. 0. 0.]
2024-10-23 20:50:02,768 - INFO - Sample 1146: True: [1. 0. 0. 0. 0. 0. 0.], Predicted: [0. 0. 0. 0. 0. 0. 0.]
2024-10-23 20:50:02,768 - INFO - Sample 1147: True: [0. 1. 0. 0. 0. 0. 0.], Predicted: [0. 1. 0. 0. 0. 0. 0.]
2024-10-23 20:50:02,769 - INFO - Sample 1148: True: [1. 0. 0. 0. 0. 0. 0.], Predicted: [0. 1. 0. 0. 0. 0. 0.]
2024-10-23 20:50:02,769 - INFO - Sample 1149: True: [0. 0. 0. 0. 1. 0. 0.], Predicted: [0. 1. 0. 0. 0. 0. 0.]
2024-10-23 20:50:02,769 - INFO - Sample 1150: True: [0. 1. 0. 0. 0. 0. 0.], Predicted: [0. 1. 0. 0. 0. 0. 0.]
2024-10-23 20:50:02,769 - INFO - Sample 1151: True: [0. 1. 0. 0. 0. 0. 0.], Predicted: [0. 1. 0. 0. 0. 0. 0.]
2024-10-23 20:50:02,769 - INFO - Sample 1152: True: [0. 1. 0. 0. 0. 0. 0.], Predicted: [1. 0. 0. 0. 0. 0. 0.]
2024-10-23 20:50:03,171 - INFO - Sample 1153: True: [1. 0. 0. 0. 0. 0. 0.], Predicted: [0. 1. 0. 0. 0. 0. 0.]
2024-10-23 20:50:03,172 - INFO - Sample 1154: True: [0. 1. 0. 0. 0. 0. 0.], Predicted: [0. 1. 0. 0. 0. 0. 0.]
2024-10-23 20:50:03,172 - INFO - Sample 1155: True: [0. 1. 0. 0. 0. 0. 0.], Predicted: [0. 1. 0. 0. 0. 0. 0.]
2024-10-23 20:50:03,172 - INFO - Sample 1156: True: [1. 0. 0. 0. 0. 0. 0.], Predicted: [1. 0. 0. 0. 0. 0. 0.]
2024-10-23 20:50:03,172 - INFO - Sample 1157: True: [0. 1. 0. 0. 0. 0. 0.], Predicted: [0. 1. 0. 0. 0. 0. 0.]
2024-10-23 20:50:03,173 - INFO - Sample 1158: True: [0. 1. 0. 0. 0. 0. 0.], Predicted: [0. 1. 0. 0. 0. 0. 0.]
2024-10-23 20:50:03,173 - INFO - Sample 1159: True: [1. 0. 0. 0. 0. 0. 0.], Predicted: [1. 0. 0. 0. 0. 0. 0.]
2024-10-23 20:50:03,173 - INFO - Sample 1160: True: [0. 1. 0. 0. 0. 0. 0.], Predicted: [0. 1. 0. 0. 0. 0. 0.]
2024-10-23 20:50:03,173 - INFO - Sample 1161: True: [0. 1. 0. 0. 0. 0. 0.], Predicted: [0. 1. 0. 0. 0. 0. 0.]
2024-10-23 20:50:03,173 - INFO - Sample 1162: True: [1. 0. 0. 0. 0. 0. 0.], Predicted: [0. 1. 0. 0. 0. 0. 0.]
2024-10-23 20:50:03,173 - INFO - Sample 1163: True: [0. 0. 0. 0. 1. 0. 0.], Predicted: [0. 0. 0. 0. 1. 0. 0.]
2024-10-23 20:50:03,174 - INFO - Sample 1164: True: [0. 1. 0. 0. 0. 0. 0.], Predicted: [0. 1. 0. 0. 0. 0. 0.]
2024-10-23 20:50:03,174 - INFO - Sample 1165: True: [0. 1. 0. 0. 0. 0. 0.], Predicted: [0. 1. 0. 0. 0. 0. 0.]
2024-10-23 20:50:03,174 - INFO - Sample 1166: True: [0. 0. 1. 0. 0. 0. 0.], Predicted: [0. 0. 1. 0. 0. 0. 0.]
2024-10-23 20:50:03,174 - INFO - Sample 1167: True: [1. 0. 0. 0. 0. 0. 0.], Predicted: [0. 1. 0. 0. 0. 0. 0.]
2024-10-23 20:50:03,174 - INFO - Sample 1168: True: [1. 0. 0. 0. 0. 0. 0.], Predicted: [1. 0. 0. 0. 0. 0. 0.]
2024-10-23 20:50:03,174 - INFO - Sample 1169: True: [1. 0. 0. 0. 0. 0. 0.], Predicted: [0. 0. 0. 0. 0. 0. 0.]
2024-10-23 20:50:03,175 - INFO - Sample 1170: True: [0. 1. 0. 0. 0. 0. 0.], Predicted: [0. 1. 0. 0. 0. 0. 0.]
2024-10-23 20:50:03,175 - INFO - Sample 1171: True: [0. 0. 0. 0. 0. 1. 0.], Predicted: [0. 0. 0. 0. 1. 0. 0.]
2024-10-23 20:50:03,175 - INFO - Sample 1172: True: [0. 0. 0. 0. 0. 0. 1.], Predicted: [0. 0. 0. 0. 0. 0. 1.]
2024-10-23 20:50:03,175 - INFO - Sample 1173: True: [0. 1. 0. 0. 0. 0. 0.], Predicted: [0. 1. 0. 0. 0. 0. 0.]
2024-10-23 20:50:03,175 - INFO - Sample 1174: True: [0. 1. 0. 0. 0. 0. 0.], Predicted: [0. 1. 0. 0. 0. 0. 0.]
2024-10-23 20:50:03,176 - INFO - Sample 1175: True: [0. 1. 0. 0. 0. 0. 0.], Predicted: [0. 1. 0. 0. 0. 0. 0.]
2024-10-23 20:50:03,176 - INFO - Sample 1176: True: [0. 1. 0. 0. 0. 0. 0.], Predicted: [0. 1. 0. 0. 0. 0. 0.]
2024-10-23 20:50:03,176 - INFO - Sample 1177: True: [0. 0. 0. 0. 0. 1. 0.], Predicted: [0. 0. 0. 0. 0. 1. 0.]
2024-10-23 20:50:03,176 - INFO - Sample 1178: True: [0. 0. 0. 0. 1. 0. 0.], Predicted: [0. 0. 0. 0. 0. 0. 0.]
2024-10-23 20:50:03,176 - INFO - Sample 1179: True: [0. 1. 0. 0. 0. 0. 0.], Predicted: [0. 1. 0. 0. 0. 0. 0.]
2024-10-23 20:50:03,176 - INFO - Sample 1180: True: [1. 0. 0. 0. 0. 0. 0.], Predicted: [0. 0. 0. 0. 0. 0. 0.]
2024-10-23 20:50:03,177 - INFO - Sample 1181: True: [0. 0. 1. 0. 0. 0. 0.], Predicted: [0. 0. 1. 0. 0. 0. 0.]
2024-10-23 20:50:03,177 - INFO - Sample 1182: True: [0. 1. 0. 0. 0. 0. 0.], Predicted: [0. 1. 0. 0. 0. 0. 0.]
2024-10-23 20:50:03,177 - INFO - Sample 1183: True: [0. 0. 0. 0. 1. 0. 0.], Predicted: [0. 0. 0. 0. 0. 0. 0.]
2024-10-23 20:50:03,177 - INFO - Sample 1184: True: [1. 0. 0. 0. 0. 0. 0.], Predicted: [1. 0. 0. 0. 0. 0. 0.]
2024-10-23 20:50:03,586 - INFO - Sample 1185: True: [0. 0. 0. 0. 0. 0. 1.], Predicted: [0. 0. 1. 0. 0. 0. 0.]
2024-10-23 20:50:03,586 - INFO - Sample 1186: True: [0. 1. 0. 0. 0. 0. 0.], Predicted: [0. 1. 0. 0. 0. 0. 0.]
2024-10-23 20:50:03,586 - INFO - Sample 1187: True: [0. 0. 0. 0. 1. 0. 0.], Predicted: [0. 1. 0. 0. 0. 0. 0.]
2024-10-23 20:50:03,586 - INFO - Sample 1188: True: [0. 1. 0. 0. 0. 0. 0.], Predicted: [0. 1. 0. 0. 0. 0. 0.]
2024-10-23 20:50:03,587 - INFO - Sample 1189: True: [0. 0. 0. 0. 1. 0. 0.], Predicted: [0. 1. 0. 0. 0. 0. 0.]
2024-10-23 20:50:03,587 - INFO - Sample 1190: True: [0. 1. 0. 0. 0. 0. 0.], Predicted: [0. 1. 0. 0. 0. 0. 0.]
2024-10-23 20:50:03,587 - INFO - Sample 1191: True: [0. 1. 0. 0. 0. 0. 0.], Predicted: [0. 1. 0. 0. 0. 0. 0.]
2024-10-23 20:50:03,587 - INFO - Sample 1192: True: [0. 0. 1. 0. 0. 0. 0.], Predicted: [0. 0. 1. 0. 0. 0. 0.]
2024-10-23 20:50:03,587 - INFO - Sample 1193: True: [0. 1. 0. 0. 0. 0. 0.], Predicted: [0. 1. 0. 0. 1. 0. 0.]
2024-10-23 20:50:03,588 - INFO - Sample 1194: True: [0. 1. 0. 0. 0. 0. 0.], Predicted: [0. 1. 0. 0. 0. 0. 0.]
2024-10-23 20:50:03,588 - INFO - Sample 1195: True: [1. 0. 0. 0. 0. 0. 0.], Predicted: [0. 1. 0. 0. 0. 0. 0.]
2024-10-23 20:50:03,588 - INFO - Sample 1196: True: [1. 0. 0. 0. 0. 0. 0.], Predicted: [1. 0. 0. 0. 0. 0. 0.]
2024-10-23 20:50:03,588 - INFO - Sample 1197: True: [0. 1. 0. 0. 0. 0. 0.], Predicted: [0. 1. 0. 0. 0. 0. 0.]
2024-10-23 20:50:03,588 - INFO - Sample 1198: True: [0. 0. 0. 0. 1. 0. 0.], Predicted: [0. 0. 0. 0. 1. 0. 0.]
2024-10-23 20:50:03,589 - INFO - Sample 1199: True: [0. 0. 0. 0. 1. 0. 0.], Predicted: [0. 1. 0. 0. 0. 0. 0.]
2024-10-23 20:50:03,589 - INFO - Sample 1200: True: [0. 0. 1. 0. 0. 0. 0.], Predicted: [0. 1. 0. 0. 0. 0. 0.]
2024-10-23 20:50:03,589 - INFO - Sample 1201: True: [0. 0. 0. 0. 1. 0. 0.], Predicted: [0. 0. 0. 0. 1. 0. 0.]
2024-10-23 20:50:03,589 - INFO - Sample 1202: True: [0. 0. 0. 0. 1. 0. 0.], Predicted: [0. 0. 0. 0. 0. 0. 0.]
2024-10-23 20:50:03,589 - INFO - Sample 1203: True: [0. 0. 0. 0. 1. 0. 0.], Predicted: [0. 0. 0. 0. 1. 0. 0.]
2024-10-23 20:50:03,589 - INFO - Sample 1204: True: [1. 0. 0. 0. 0. 0. 0.], Predicted: [0. 1. 0. 0. 0. 0. 0.]
2024-10-23 20:50:03,590 - INFO - Sample 1205: True: [0. 1. 0. 0. 0. 0. 0.], Predicted: [0. 0. 0. 0. 1. 0. 0.]
2024-10-23 20:50:03,590 - INFO - Sample 1206: True: [0. 1. 0. 0. 0. 0. 0.], Predicted: [0. 1. 0. 0. 0. 0. 0.]
2024-10-23 20:50:03,590 - INFO - Sample 1207: True: [0. 0. 0. 0. 0. 1. 0.], Predicted: [0. 1. 0. 0. 0. 0. 0.]
2024-10-23 20:50:03,590 - INFO - Sample 1208: True: [0. 1. 0. 0. 0. 0. 0.], Predicted: [0. 1. 0. 0. 0. 0. 0.]
2024-10-23 20:50:03,590 - INFO - Sample 1209: True: [0. 0. 1. 0. 0. 0. 0.], Predicted: [0. 0. 0. 0. 0. 0. 0.]
2024-10-23 20:50:03,591 - INFO - Sample 1210: True: [0. 1. 0. 0. 0. 0. 0.], Predicted: [0. 1. 0. 0. 0. 0. 0.]
2024-10-23 20:50:03,591 - INFO - Sample 1211: True: [0. 0. 0. 0. 1. 0. 0.], Predicted: [0. 0. 0. 0. 1. 0. 0.]
2024-10-23 20:50:03,591 - INFO - Sample 1212: True: [1. 0. 0. 0. 0. 0. 0.], Predicted: [1. 0. 0. 0. 0. 0. 0.]
2024-10-23 20:50:03,591 - INFO - Sample 1213: True: [0. 0. 0. 0. 1. 0. 0.], Predicted: [0. 1. 0. 0. 0. 0. 0.]
2024-10-23 20:50:03,591 - INFO - Sample 1214: True: [1. 0. 0. 0. 0. 0. 0.], Predicted: [0. 1. 0. 0. 0. 0. 0.]
2024-10-23 20:50:03,591 - INFO - Sample 1215: True: [1. 0. 0. 0. 0. 0. 0.], Predicted: [0. 1. 0. 0. 0. 0. 0.]
2024-10-23 20:50:03,592 - INFO - Sample 1216: True: [0. 0. 0. 0. 1. 0. 0.], Predicted: [0. 0. 0. 0. 1. 0. 0.]
2024-10-23 20:50:03,989 - INFO - Sample 1217: True: [0. 1. 0. 0. 0. 0. 0.], Predicted: [0. 1. 0. 0. 0. 0. 0.]
2024-10-23 20:50:03,989 - INFO - Sample 1218: True: [0. 1. 0. 0. 0. 0. 0.], Predicted: [0. 1. 0. 0. 0. 0. 0.]
2024-10-23 20:50:03,989 - INFO - Sample 1219: True: [0. 1. 0. 0. 0. 0. 0.], Predicted: [0. 1. 0. 0. 0. 0. 0.]
2024-10-23 20:50:03,989 - INFO - Sample 1220: True: [0. 0. 1. 0. 0. 0. 0.], Predicted: [0. 0. 1. 0. 0. 0. 0.]
2024-10-23 20:50:03,989 - INFO - Sample 1221: True: [0. 1. 0. 0. 0. 0. 0.], Predicted: [0. 1. 0. 0. 0. 0. 0.]
2024-10-23 20:50:03,990 - INFO - Sample 1222: True: [0. 1. 0. 0. 0. 0. 0.], Predicted: [0. 1. 0. 0. 0. 0. 0.]
2024-10-23 20:50:03,990 - INFO - Sample 1223: True: [0. 1. 0. 0. 0. 0. 0.], Predicted: [0. 1. 0. 0. 0. 0. 0.]
2024-10-23 20:50:03,990 - INFO - Sample 1224: True: [0. 0. 0. 0. 1. 0. 0.], Predicted: [0. 0. 0. 0. 1. 0. 0.]
2024-10-23 20:50:03,990 - INFO - Sample 1225: True: [0. 1. 0. 0. 0. 0. 0.], Predicted: [0. 1. 0. 0. 0. 0. 0.]
2024-10-23 20:50:03,990 - INFO - Sample 1226: True: [0. 0. 0. 0. 0. 1. 0.], Predicted: [0. 0. 0. 0. 0. 0. 0.]
2024-10-23 20:50:03,991 - INFO - Sample 1227: True: [0. 1. 0. 0. 0. 0. 0.], Predicted: [0. 1. 0. 0. 0. 0. 0.]
2024-10-23 20:50:03,991 - INFO - Sample 1228: True: [0. 1. 0. 0. 0. 0. 0.], Predicted: [0. 1. 0. 0. 0. 0. 0.]
2024-10-23 20:50:03,991 - INFO - Sample 1229: True: [0. 1. 0. 0. 0. 0. 0.], Predicted: [0. 1. 0. 0. 0. 0. 0.]
2024-10-23 20:50:03,991 - INFO - Sample 1230: True: [0. 1. 0. 0. 0. 0. 0.], Predicted: [0. 1. 0. 0. 0. 0. 0.]
2024-10-23 20:50:03,991 - INFO - Sample 1231: True: [0. 1. 0. 0. 0. 0. 0.], Predicted: [0. 1. 0. 0. 0. 0. 0.]
2024-10-23 20:50:03,991 - INFO - Sample 1232: True: [0. 1. 0. 0. 0. 0. 0.], Predicted: [0. 1. 0. 0. 0. 0. 0.]
2024-10-23 20:50:03,992 - INFO - Sample 1233: True: [0. 1. 0. 0. 0. 0. 0.], Predicted: [0. 1. 0. 0. 0. 0. 0.]
2024-10-23 20:50:03,992 - INFO - Sample 1234: True: [0. 1. 0. 0. 0. 0. 0.], Predicted: [0. 1. 0. 0. 0. 0. 0.]
2024-10-23 20:50:03,992 - INFO - Sample 1235: True: [0. 0. 0. 0. 1. 0. 0.], Predicted: [0. 0. 0. 0. 1. 0. 0.]
2024-10-23 20:50:03,992 - INFO - Sample 1236: True: [0. 1. 0. 0. 0. 0. 0.], Predicted: [0. 1. 0. 0. 0. 0. 0.]
2024-10-23 20:50:03,992 - INFO - Sample 1237: True: [1. 0. 0. 0. 0. 0. 0.], Predicted: [1. 0. 0. 0. 0. 0. 0.]
2024-10-23 20:50:03,993 - INFO - Sample 1238: True: [0. 0. 1. 0. 0. 0. 0.], Predicted: [0. 1. 0. 0. 0. 0. 0.]
2024-10-23 20:50:03,993 - INFO - Sample 1239: True: [0. 1. 0. 0. 0. 0. 0.], Predicted: [0. 1. 0. 0. 0. 0. 0.]
2024-10-23 20:50:03,993 - INFO - Sample 1240: True: [0. 1. 0. 0. 0. 0. 0.], Predicted: [0. 1. 0. 0. 0. 0. 0.]
2024-10-23 20:50:03,993 - INFO - Sample 1241: True: [0. 1. 0. 0. 0. 0. 0.], Predicted: [0. 1. 0. 0. 0. 0. 0.]
2024-10-23 20:50:03,993 - INFO - Sample 1242: True: [1. 0. 0. 0. 0. 0. 0.], Predicted: [1. 0. 0. 0. 0. 0. 0.]
2024-10-23 20:50:03,994 - INFO - Sample 1243: True: [0. 1. 0. 0. 0. 0. 0.], Predicted: [0. 0. 0. 0. 1. 0. 0.]
2024-10-23 20:50:03,994 - INFO - Sample 1244: True: [0. 1. 0. 0. 0. 0. 0.], Predicted: [0. 1. 0. 0. 0. 0. 0.]
2024-10-23 20:50:03,994 - INFO - Sample 1245: True: [0. 1. 0. 0. 0. 0. 0.], Predicted: [0. 1. 0. 0. 0. 0. 0.]
2024-10-23 20:50:03,994 - INFO - Sample 1246: True: [0. 1. 0. 0. 0. 0. 0.], Predicted: [0. 1. 0. 0. 0. 0. 0.]
2024-10-23 20:50:03,994 - INFO - Sample 1247: True: [0. 0. 0. 0. 1. 0. 0.], Predicted: [0. 1. 0. 0. 0. 0. 0.]
2024-10-23 20:50:03,994 - INFO - Sample 1248: True: [0. 1. 0. 0. 0. 0. 0.], Predicted: [1. 0. 0. 0. 0. 0. 0.]
2024-10-23 20:50:04,411 - INFO - Sample 1249: True: [0. 1. 0. 0. 0. 0. 0.], Predicted: [0. 1. 0. 0. 0. 0. 0.]
2024-10-23 20:50:04,411 - INFO - Sample 1250: True: [0. 0. 0. 0. 1. 0. 0.], Predicted: [0. 0. 0. 0. 1. 0. 0.]
2024-10-23 20:50:04,411 - INFO - Sample 1251: True: [0. 1. 0. 0. 0. 0. 0.], Predicted: [0. 0. 0. 0. 0. 0. 0.]
2024-10-23 20:50:04,412 - INFO - Sample 1252: True: [0. 1. 0. 0. 0. 0. 0.], Predicted: [0. 1. 0. 0. 0. 0. 0.]
2024-10-23 20:50:04,412 - INFO - Sample 1253: True: [0. 0. 0. 0. 1. 0. 0.], Predicted: [0. 1. 0. 0. 0. 0. 0.]
2024-10-23 20:50:04,412 - INFO - Sample 1254: True: [0. 1. 0. 0. 0. 0. 0.], Predicted: [0. 0. 0. 0. 0. 0. 0.]
2024-10-23 20:50:04,412 - INFO - Sample 1255: True: [0. 0. 0. 0. 1. 0. 0.], Predicted: [0. 1. 0. 0. 0. 0. 0.]
2024-10-23 20:50:04,412 - INFO - Sample 1256: True: [0. 1. 0. 0. 0. 0. 0.], Predicted: [0. 1. 0. 0. 0. 0. 0.]
2024-10-23 20:50:04,413 - INFO - Sample 1257: True: [0. 1. 0. 0. 0. 0. 0.], Predicted: [0. 0. 0. 0. 1. 0. 0.]
2024-10-23 20:50:04,413 - INFO - Sample 1258: True: [0. 0. 0. 0. 1. 0. 0.], Predicted: [1. 0. 0. 0. 0. 0. 0.]
2024-10-23 20:50:04,413 - INFO - Sample 1259: True: [0. 1. 0. 0. 0. 0. 0.], Predicted: [1. 0. 0. 0. 0. 0. 0.]
2024-10-23 20:50:04,413 - INFO - Sample 1260: True: [0. 1. 0. 0. 0. 0. 0.], Predicted: [0. 1. 0. 0. 0. 0. 0.]
2024-10-23 20:50:04,413 - INFO - Sample 1261: True: [0. 1. 0. 0. 0. 0. 0.], Predicted: [0. 0. 0. 0. 1. 0. 0.]
2024-10-23 20:50:04,413 - INFO - Sample 1262: True: [0. 0. 0. 0. 0. 0. 1.], Predicted: [0. 1. 0. 0. 0. 0. 0.]
2024-10-23 20:50:04,414 - INFO - Sample 1263: True: [0. 1. 0. 0. 0. 0. 0.], Predicted: [0. 1. 0. 0. 0. 0. 0.]
2024-10-23 20:50:04,414 - INFO - Sample 1264: True: [1. 0. 0. 0. 0. 0. 0.], Predicted: [0. 0. 0. 0. 0. 0. 0.]
2024-10-23 20:50:04,414 - INFO - Sample 1265: True: [0. 1. 0. 0. 0. 0. 0.], Predicted: [0. 1. 0. 0. 0. 0. 0.]
2024-10-23 20:50:04,414 - INFO - Sample 1266: True: [0. 0. 0. 0. 1. 0. 0.], Predicted: [0. 0. 1. 0. 0. 0. 0.]
2024-10-23 20:50:04,414 - INFO - Sample 1267: True: [1. 0. 0. 0. 0. 0. 0.], Predicted: [1. 0. 0. 0. 0. 0. 0.]
2024-10-23 20:50:04,415 - INFO - Sample 1268: True: [0. 1. 0. 0. 0. 0. 0.], Predicted: [0. 1. 0. 0. 0. 0. 0.]
2024-10-23 20:50:04,415 - INFO - Sample 1269: True: [0. 0. 0. 0. 0. 1. 0.], Predicted: [0. 1. 0. 0. 0. 0. 0.]
2024-10-23 20:50:04,415 - INFO - Sample 1270: True: [0. 1. 0. 0. 0. 0. 0.], Predicted: [0. 0. 0. 0. 0. 0. 0.]
2024-10-23 20:50:04,415 - INFO - Sample 1271: True: [1. 0. 0. 0. 0. 0. 0.], Predicted: [0. 1. 0. 0. 0. 0. 0.]
2024-10-23 20:50:04,415 - INFO - Sample 1272: True: [0. 0. 1. 0. 0. 0. 0.], Predicted: [0. 1. 0. 0. 0. 0. 0.]
2024-10-23 20:50:04,415 - INFO - Sample 1273: True: [1. 0. 0. 0. 0. 0. 0.], Predicted: [1. 0. 0. 0. 0. 0. 0.]
2024-10-23 20:50:04,416 - INFO - Sample 1274: True: [1. 0. 0. 0. 0. 0. 0.], Predicted: [1. 0. 0. 0. 0. 0. 0.]
2024-10-23 20:50:04,416 - INFO - Sample 1275: True: [1. 0. 0. 0. 0. 0. 0.], Predicted: [1. 0. 0. 0. 0. 0. 0.]
2024-10-23 20:50:04,416 - INFO - Sample 1276: True: [0. 1. 0. 0. 0. 0. 0.], Predicted: [0. 1. 0. 0. 0. 0. 0.]
2024-10-23 20:50:04,416 - INFO - Sample 1277: True: [0. 0. 0. 0. 1. 0. 0.], Predicted: [0. 1. 0. 0. 0. 0. 0.]
2024-10-23 20:50:04,416 - INFO - Sample 1278: True: [0. 1. 0. 0. 0. 0. 0.], Predicted: [0. 1. 0. 0. 0. 0. 0.]
2024-10-23 20:50:04,416 - INFO - Sample 1279: True: [0. 0. 0. 0. 1. 0. 0.], Predicted: [0. 0. 0. 0. 1. 0. 0.]
2024-10-23 20:50:04,417 - INFO - Sample 1280: True: [0. 1. 0. 0. 0. 0. 0.], Predicted: [0. 1. 0. 0. 0. 0. 0.]
2024-10-23 20:50:04,825 - INFO - Sample 1281: True: [0. 0. 0. 0. 1. 0. 0.], Predicted: [0. 0. 0. 0. 1. 0. 0.]
2024-10-23 20:50:04,825 - INFO - Sample 1282: True: [0. 0. 0. 0. 1. 0. 0.], Predicted: [1. 0. 0. 0. 0. 0. 0.]
2024-10-23 20:50:04,826 - INFO - Sample 1283: True: [0. 1. 0. 0. 0. 0. 0.], Predicted: [0. 1. 0. 0. 0. 0. 0.]
2024-10-23 20:50:04,826 - INFO - Sample 1284: True: [0. 1. 0. 0. 0. 0. 0.], Predicted: [0. 1. 0. 0. 0. 0. 0.]
2024-10-23 20:50:04,826 - INFO - Sample 1285: True: [0. 1. 0. 0. 0. 0. 0.], Predicted: [0. 1. 0. 0. 0. 0. 0.]
2024-10-23 20:50:04,826 - INFO - Sample 1286: True: [0. 1. 0. 0. 0. 0. 0.], Predicted: [0. 1. 0. 0. 0. 0. 0.]
2024-10-23 20:50:04,826 - INFO - Sample 1287: True: [0. 1. 0. 0. 0. 0. 0.], Predicted: [0. 1. 0. 0. 0. 0. 0.]
2024-10-23 20:50:04,827 - INFO - Sample 1288: True: [0. 1. 0. 0. 0. 0. 0.], Predicted: [0. 1. 0. 0. 0. 0. 0.]
2024-10-23 20:50:04,827 - INFO - Sample 1289: True: [0. 1. 0. 0. 0. 0. 0.], Predicted: [0. 1. 0. 0. 0. 0. 0.]
2024-10-23 20:50:04,827 - INFO - Sample 1290: True: [0. 0. 0. 1. 0. 0. 0.], Predicted: [0. 1. 0. 0. 0. 0. 0.]
2024-10-23 20:50:04,827 - INFO - Sample 1291: True: [0. 1. 0. 0. 0. 0. 0.], Predicted: [0. 1. 0. 0. 0. 0. 0.]
2024-10-23 20:50:04,827 - INFO - Sample 1292: True: [0. 0. 0. 0. 0. 1. 0.], Predicted: [0. 0. 0. 0. 0. 1. 0.]
2024-10-23 20:50:04,827 - INFO - Sample 1293: True: [1. 0. 0. 0. 0. 0. 0.], Predicted: [1. 0. 0. 0. 0. 0. 0.]
2024-10-23 20:50:04,828 - INFO - Sample 1294: True: [1. 0. 0. 0. 0. 0. 0.], Predicted: [0. 0. 0. 0. 1. 0. 0.]
2024-10-23 20:50:04,828 - INFO - Sample 1295: True: [0. 0. 0. 0. 1. 0. 0.], Predicted: [0. 0. 0. 0. 1. 0. 0.]
2024-10-23 20:50:04,828 - INFO - Sample 1296: True: [0. 0. 1. 0. 0. 0. 0.], Predicted: [0. 0. 1. 0. 0. 0. 0.]
2024-10-23 20:50:04,828 - INFO - Sample 1297: True: [0. 1. 0. 0. 0. 0. 0.], Predicted: [0. 1. 0. 0. 0. 0. 0.]
2024-10-23 20:50:04,828 - INFO - Sample 1298: True: [0. 1. 0. 0. 0. 0. 0.], Predicted: [0. 1. 0. 0. 0. 0. 0.]
2024-10-23 20:50:04,828 - INFO - Sample 1299: True: [0. 1. 0. 0. 0. 0. 0.], Predicted: [0. 1. 0. 0. 0. 0. 0.]
2024-10-23 20:50:04,829 - INFO - Sample 1300: True: [0. 0. 0. 0. 0. 0. 1.], Predicted: [0. 1. 0. 0. 0. 0. 0.]
2024-10-23 20:50:04,829 - INFO - Sample 1301: True: [1. 0. 0. 0. 0. 0. 0.], Predicted: [0. 1. 0. 0. 0. 0. 0.]
2024-10-23 20:50:04,829 - INFO - Sample 1302: True: [1. 0. 0. 0. 0. 0. 0.], Predicted: [1. 0. 0. 0. 0. 0. 0.]
2024-10-23 20:50:04,829 - INFO - Sample 1303: True: [0. 0. 1. 0. 0. 0. 0.], Predicted: [0. 0. 1. 0. 0. 0. 0.]
2024-10-23 20:50:04,829 - INFO - Sample 1304: True: [0. 1. 0. 0. 0. 0. 0.], Predicted: [0. 1. 0. 0. 0. 0. 0.]
2024-10-23 20:50:04,830 - INFO - Sample 1305: True: [0. 1. 0. 0. 0. 0. 0.], Predicted: [0. 1. 0. 0. 0. 0. 0.]
2024-10-23 20:50:04,830 - INFO - Sample 1306: True: [0. 1. 0. 0. 0. 0. 0.], Predicted: [0. 1. 0. 0. 0. 0. 0.]
2024-10-23 20:50:04,830 - INFO - Sample 1307: True: [0. 1. 0. 0. 0. 0. 0.], Predicted: [0. 0. 0. 0. 0. 0. 0.]
2024-10-23 20:50:04,830 - INFO - Sample 1308: True: [0. 1. 0. 0. 0. 0. 0.], Predicted: [0. 1. 0. 0. 0. 0. 0.]
2024-10-23 20:50:04,830 - INFO - Sample 1309: True: [0. 1. 0. 0. 0. 0. 0.], Predicted: [1. 0. 0. 0. 0. 0. 0.]
2024-10-23 20:50:04,830 - INFO - Sample 1310: True: [0. 1. 0. 0. 0. 0. 0.], Predicted: [0. 1. 0. 0. 0. 0. 0.]
2024-10-23 20:50:04,831 - INFO - Sample 1311: True: [0. 0. 0. 0. 0. 1. 0.], Predicted: [0. 1. 0. 0. 0. 0. 0.]
2024-10-23 20:50:04,831 - INFO - Sample 1312: True: [0. 1. 0. 0. 0. 0. 0.], Predicted: [0. 1. 0. 0. 0. 0. 0.]
2024-10-23 20:50:05,221 - INFO - Sample 1313: True: [0. 0. 0. 0. 1. 0. 0.], Predicted: [0. 0. 0. 0. 0. 0. 0.]
2024-10-23 20:50:05,222 - INFO - Sample 1314: True: [0. 0. 0. 0. 1. 0. 0.], Predicted: [0. 0. 0. 0. 1. 0. 0.]
2024-10-23 20:50:05,222 - INFO - Sample 1315: True: [0. 1. 0. 0. 0. 0. 0.], Predicted: [0. 1. 0. 0. 0. 0. 0.]
2024-10-23 20:50:05,222 - INFO - Sample 1316: True: [1. 0. 0. 0. 0. 0. 0.], Predicted: [0. 1. 0. 0. 0. 0. 0.]
2024-10-23 20:50:05,222 - INFO - Sample 1317: True: [0. 1. 0. 0. 0. 0. 0.], Predicted: [0. 1. 0. 0. 0. 0. 0.]
2024-10-23 20:50:05,222 - INFO - Sample 1318: True: [0. 1. 0. 0. 0. 0. 0.], Predicted: [0. 1. 0. 0. 0. 0. 0.]
2024-10-23 20:50:05,222 - INFO - Sample 1319: True: [0. 0. 1. 0. 0. 0. 0.], Predicted: [1. 0. 0. 0. 0. 0. 0.]
2024-10-23 20:50:05,223 - INFO - Sample 1320: True: [0. 1. 0. 0. 0. 0. 0.], Predicted: [1. 0. 0. 0. 0. 0. 0.]
2024-10-23 20:50:05,223 - INFO - Sample 1321: True: [0. 0. 0. 0. 1. 0. 0.], Predicted: [0. 0. 0. 0. 1. 0. 0.]
2024-10-23 20:50:05,223 - INFO - Sample 1322: True: [0. 1. 0. 0. 0. 0. 0.], Predicted: [0. 0. 1. 0. 0. 0. 0.]
2024-10-23 20:50:05,223 - INFO - Sample 1323: True: [0. 1. 0. 0. 0. 0. 0.], Predicted: [0. 1. 0. 0. 0. 0. 0.]
2024-10-23 20:50:05,223 - INFO - Sample 1324: True: [0. 0. 1. 0. 0. 0. 0.], Predicted: [0. 0. 1. 0. 0. 0. 0.]
2024-10-23 20:50:05,224 - INFO - Sample 1325: True: [1. 0. 0. 0. 0. 0. 0.], Predicted: [0. 0. 0. 0. 1. 0. 0.]
2024-10-23 20:50:05,224 - INFO - Sample 1326: True: [0. 0. 0. 0. 1. 0. 0.], Predicted: [0. 0. 0. 0. 1. 0. 0.]
2024-10-23 20:50:05,224 - INFO - Sample 1327: True: [0. 1. 0. 0. 0. 0. 0.], Predicted: [0. 1. 0. 0. 0. 0. 0.]
2024-10-23 20:50:05,224 - INFO - Sample 1328: True: [0. 1. 0. 0. 0. 0. 0.], Predicted: [0. 1. 0. 0. 0. 0. 0.]
2024-10-23 20:50:05,224 - INFO - Sample 1329: True: [0. 0. 0. 0. 1. 0. 0.], Predicted: [0. 0. 0. 0. 1. 0. 0.]
2024-10-23 20:50:05,224 - INFO - Sample 1330: True: [0. 0. 0. 1. 0. 0. 0.], Predicted: [1. 0. 0. 0. 0. 0. 0.]
2024-10-23 20:50:05,225 - INFO - Sample 1331: True: [0. 1. 0. 0. 0. 0. 0.], Predicted: [0. 0. 0. 0. 1. 0. 0.]
2024-10-23 20:50:05,225 - INFO - Sample 1332: True: [0. 1. 0. 0. 0. 0. 0.], Predicted: [0. 1. 0. 0. 0. 0. 0.]
2024-10-23 20:50:05,225 - INFO - Sample 1333: True: [0. 1. 0. 0. 0. 0. 0.], Predicted: [1. 1. 0. 0. 0. 0. 0.]
2024-10-23 20:50:05,225 - INFO - Sample 1334: True: [0. 1. 0. 0. 0. 0. 0.], Predicted: [0. 1. 0. 0. 0. 0. 0.]
2024-10-23 20:50:05,225 - INFO - Sample 1335: True: [1. 0. 0. 0. 0. 0. 0.], Predicted: [1. 0. 0. 0. 0. 0. 0.]
2024-10-23 20:50:05,225 - INFO - Sample 1336: True: [1. 0. 0. 0. 0. 0. 0.], Predicted: [1. 0. 0. 0. 0. 0. 0.]
2024-10-23 20:50:05,226 - INFO - Sample 1337: True: [1. 0. 0. 0. 0. 0. 0.], Predicted: [1. 0. 0. 0. 0. 0. 0.]
2024-10-23 20:50:05,226 - INFO - Sample 1338: True: [0. 0. 0. 0. 0. 1. 0.], Predicted: [0. 0. 0. 0. 0. 1. 0.]
2024-10-23 20:50:05,226 - INFO - Sample 1339: True: [0. 1. 0. 0. 0. 0. 0.], Predicted: [0. 1. 0. 0. 0. 0. 0.]
2024-10-23 20:50:05,226 - INFO - Sample 1340: True: [0. 1. 0. 0. 0. 0. 0.], Predicted: [0. 1. 0. 0. 0. 0. 0.]
2024-10-23 20:50:05,226 - INFO - Sample 1341: True: [0. 1. 0. 0. 0. 0. 0.], Predicted: [0. 1. 0. 0. 0. 0. 0.]
2024-10-23 20:50:05,227 - INFO - Sample 1342: True: [1. 0. 0. 0. 0. 0. 0.], Predicted: [1. 0. 0. 0. 0. 0. 0.]
2024-10-23 20:50:05,227 - INFO - Sample 1343: True: [0. 1. 0. 0. 0. 0. 0.], Predicted: [1. 0. 0. 0. 0. 0. 0.]
2024-10-23 20:50:05,227 - INFO - Sample 1344: True: [0. 1. 0. 0. 0. 0. 0.], Predicted: [0. 1. 0. 0. 0. 0. 0.]
2024-10-23 20:50:05,622 - INFO - Sample 1345: True: [0. 1. 0. 0. 0. 0. 0.], Predicted: [0. 0. 0. 0. 0. 0. 0.]
2024-10-23 20:50:05,622 - INFO - Sample 1346: True: [0. 1. 0. 0. 0. 0. 0.], Predicted: [0. 1. 0. 0. 0. 0. 0.]
2024-10-23 20:50:05,623 - INFO - Sample 1347: True: [0. 0. 0. 0. 1. 0. 0.], Predicted: [0. 0. 0. 0. 1. 0. 0.]
2024-10-23 20:50:05,623 - INFO - Sample 1348: True: [1. 0. 0. 0. 0. 0. 0.], Predicted: [1. 0. 0. 0. 0. 0. 0.]
2024-10-23 20:50:05,623 - INFO - Sample 1349: True: [0. 0. 1. 0. 0. 0. 0.], Predicted: [0. 0. 0. 1. 0. 0. 0.]
2024-10-23 20:50:05,623 - INFO - Sample 1350: True: [1. 0. 0. 0. 0. 0. 0.], Predicted: [0. 0. 0. 0. 0. 0. 0.]
2024-10-23 20:50:05,623 - INFO - Sample 1351: True: [0. 1. 0. 0. 0. 0. 0.], Predicted: [0. 1. 0. 0. 0. 0. 0.]
2024-10-23 20:50:05,624 - INFO - Sample 1352: True: [0. 0. 0. 0. 0. 1. 0.], Predicted: [0. 0. 0. 0. 0. 0. 0.]
2024-10-23 20:50:05,624 - INFO - Sample 1353: True: [0. 0. 0. 0. 0. 0. 1.], Predicted: [1. 0. 0. 0. 0. 0. 0.]
2024-10-23 20:50:05,624 - INFO - Sample 1354: True: [0. 1. 0. 0. 0. 0. 0.], Predicted: [0. 1. 0. 0. 0. 0. 0.]
2024-10-23 20:50:05,624 - INFO - Sample 1355: True: [0. 1. 0. 0. 0. 0. 0.], Predicted: [0. 1. 0. 0. 0. 0. 0.]
2024-10-23 20:50:05,624 - INFO - Sample 1356: True: [0. 0. 0. 0. 1. 0. 0.], Predicted: [0. 0. 0. 0. 1. 0. 0.]
2024-10-23 20:50:05,624 - INFO - Sample 1357: True: [0. 1. 0. 0. 0. 0. 0.], Predicted: [0. 1. 0. 0. 0. 0. 0.]
2024-10-23 20:50:05,625 - INFO - Sample 1358: True: [0. 0. 0. 0. 0. 0. 1.], Predicted: [0. 0. 0. 0. 0. 0. 0.]
2024-10-23 20:50:05,625 - INFO - Sample 1359: True: [1. 0. 0. 0. 0. 0. 0.], Predicted: [1. 0. 0. 0. 0. 0. 0.]
2024-10-23 20:50:05,625 - INFO - Sample 1360: True: [0. 1. 0. 0. 0. 0. 0.], Predicted: [0. 1. 0. 0. 0. 0. 0.]
2024-10-23 20:50:05,625 - INFO - Sample 1361: True: [1. 0. 0. 0. 0. 0. 0.], Predicted: [0. 1. 0. 0. 0. 0. 0.]
2024-10-23 20:50:05,625 - INFO - Sample 1362: True: [1. 0. 0. 0. 0. 0. 0.], Predicted: [1. 0. 0. 0. 0. 0. 0.]
2024-10-23 20:50:05,626 - INFO - Sample 1363: True: [0. 0. 0. 1. 0. 0. 0.], Predicted: [0. 0. 0. 0. 1. 0. 0.]
2024-10-23 20:50:05,626 - INFO - Sample 1364: True: [0. 1. 0. 0. 0. 0. 0.], Predicted: [0. 1. 0. 0. 0. 0. 0.]
2024-10-23 20:50:05,626 - INFO - Sample 1365: True: [0. 0. 0. 0. 1. 0. 0.], Predicted: [0. 0. 0. 0. 1. 0. 0.]
2024-10-23 20:50:05,626 - INFO - Sample 1366: True: [0. 0. 0. 0. 1. 0. 0.], Predicted: [1. 0. 0. 0. 0. 0. 0.]
2024-10-23 20:50:05,626 - INFO - Sample 1367: True: [0. 0. 0. 0. 0. 1. 0.], Predicted: [0. 1. 0. 0. 0. 0. 0.]
2024-10-23 20:50:05,626 - INFO - Sample 1368: True: [1. 0. 0. 0. 0. 0. 0.], Predicted: [1. 0. 0. 0. 0. 0. 0.]
2024-10-23 20:50:05,627 - INFO - Sample 1369: True: [0. 1. 0. 0. 0. 0. 0.], Predicted: [0. 1. 0. 0. 0. 0. 0.]
2024-10-23 20:50:05,627 - INFO - Sample 1370: True: [1. 0. 0. 0. 0. 0. 0.], Predicted: [1. 0. 0. 0. 1. 0. 0.]
2024-10-23 20:50:05,627 - INFO - Sample 1371: True: [1. 0. 0. 0. 0. 0. 0.], Predicted: [0. 0. 0. 0. 0. 0. 1.]
2024-10-23 20:50:05,627 - INFO - Sample 1372: True: [0. 1. 0. 0. 0. 0. 0.], Predicted: [0. 1. 0. 0. 0. 0. 0.]
2024-10-23 20:50:05,627 - INFO - Sample 1373: True: [0. 0. 0. 0. 0. 0. 1.], Predicted: [0. 0. 0. 0. 0. 0. 1.]
2024-10-23 20:50:05,628 - INFO - Sample 1374: True: [0. 0. 0. 0. 1. 0. 0.], Predicted: [0. 0. 0. 0. 1. 0. 0.]
2024-10-23 20:50:05,628 - INFO - Sample 1375: True: [0. 1. 0. 0. 0. 0. 0.], Predicted: [0. 1. 0. 0. 0. 0. 0.]
2024-10-23 20:50:05,628 - INFO - Sample 1376: True: [0. 1. 0. 0. 0. 0. 0.], Predicted: [0. 1. 0. 0. 0. 0. 0.]
2024-10-23 20:50:06,029 - INFO - Sample 1377: True: [1. 0. 0. 0. 0. 0. 0.], Predicted: [0. 1. 0. 0. 0. 0. 0.]
2024-10-23 20:50:06,029 - INFO - Sample 1378: True: [0. 1. 0. 0. 0. 0. 0.], Predicted: [0. 0. 0. 0. 0. 0. 0.]
2024-10-23 20:50:06,029 - INFO - Sample 1379: True: [0. 0. 0. 0. 0. 0. 1.], Predicted: [0. 1. 0. 0. 0. 0. 0.]
2024-10-23 20:50:06,030 - INFO - Sample 1380: True: [0. 0. 0. 0. 1. 0. 0.], Predicted: [0. 0. 0. 0. 0. 0. 0.]
2024-10-23 20:50:06,030 - INFO - Sample 1381: True: [0. 0. 1. 0. 0. 0. 0.], Predicted: [0. 0. 0. 0. 0. 0. 0.]
2024-10-23 20:50:06,030 - INFO - Sample 1382: True: [1. 0. 0. 0. 0. 0. 0.], Predicted: [0. 1. 0. 0. 0. 0. 0.]
2024-10-23 20:50:06,030 - INFO - Sample 1383: True: [0. 1. 0. 0. 0. 0. 0.], Predicted: [0. 1. 0. 0. 0. 0. 0.]
2024-10-23 20:50:06,030 - INFO - Sample 1384: True: [0. 1. 0. 0. 0. 0. 0.], Predicted: [0. 1. 0. 0. 0. 0. 0.]
2024-10-23 20:50:06,030 - INFO - Sample 1385: True: [0. 0. 0. 0. 1. 0. 0.], Predicted: [0. 0. 0. 0. 0. 0. 0.]
2024-10-23 20:50:06,031 - INFO - Sample 1386: True: [1. 0. 0. 0. 0. 0. 0.], Predicted: [0. 0. 0. 0. 0. 0. 0.]
2024-10-23 20:50:06,031 - INFO - Sample 1387: True: [0. 1. 0. 0. 0. 0. 0.], Predicted: [0. 1. 0. 0. 0. 0. 0.]
2024-10-23 20:50:06,031 - INFO - Sample 1388: True: [0. 0. 0. 0. 0. 1. 0.], Predicted: [0. 0. 0. 0. 0. 1. 0.]
2024-10-23 20:50:06,031 - INFO - Sample 1389: True: [0. 1. 0. 0. 0. 0. 0.], Predicted: [0. 1. 0. 0. 0. 0. 0.]
2024-10-23 20:50:06,031 - INFO - Sample 1390: True: [0. 0. 1. 0. 0. 0. 0.], Predicted: [1. 0. 0. 0. 0. 0. 0.]
2024-10-23 20:50:06,032 - INFO - Sample 1391: True: [0. 1. 0. 0. 0. 0. 0.], Predicted: [0. 1. 0. 0. 0. 0. 0.]
2024-10-23 20:50:06,032 - INFO - Sample 1392: True: [0. 0. 0. 0. 0. 1. 0.], Predicted: [0. 0. 0. 0. 0. 0. 0.]
2024-10-23 20:50:06,032 - INFO - Sample 1393: True: [0. 1. 0. 0. 0. 0. 0.], Predicted: [0. 1. 0. 0. 0. 0. 0.]
2024-10-23 20:50:06,032 - INFO - Sample 1394: True: [0. 0. 0. 0. 0. 0. 1.], Predicted: [0. 0. 0. 0. 0. 0. 0.]
2024-10-23 20:50:06,032 - INFO - Sample 1395: True: [0. 1. 0. 0. 0. 0. 0.], Predicted: [0. 1. 0. 0. 0. 0. 0.]
2024-10-23 20:50:06,032 - INFO - Sample 1396: True: [0. 1. 0. 0. 0. 0. 0.], Predicted: [0. 1. 0. 0. 0. 0. 0.]
2024-10-23 20:50:06,033 - INFO - Sample 1397: True: [0. 0. 0. 0. 1. 0. 0.], Predicted: [0. 1. 0. 0. 0. 0. 0.]
2024-10-23 20:50:06,033 - INFO - Sample 1398: True: [0. 0. 0. 0. 1. 0. 0.], Predicted: [0. 0. 0. 0. 1. 0. 0.]
2024-10-23 20:50:06,033 - INFO - Sample 1399: True: [0. 1. 0. 0. 0. 0. 0.], Predicted: [0. 1. 0. 0. 0. 0. 0.]
2024-10-23 20:50:06,033 - INFO - Sample 1400: True: [0. 0. 0. 0. 0. 0. 1.], Predicted: [0. 0. 0. 0. 0. 0. 0.]
2024-10-23 20:50:06,033 - INFO - Sample 1401: True: [0. 0. 0. 0. 1. 0. 0.], Predicted: [0. 1. 0. 0. 0. 0. 0.]
2024-10-23 20:50:06,033 - INFO - Sample 1402: True: [0. 1. 0. 0. 0. 0. 0.], Predicted: [0. 1. 0. 0. 0. 0. 0.]
2024-10-23 20:50:06,034 - INFO - Sample 1403: True: [0. 0. 0. 0. 0. 1. 0.], Predicted: [0. 0. 0. 0. 0. 1. 0.]
2024-10-23 20:50:06,034 - INFO - Sample 1404: True: [1. 0. 0. 0. 0. 0. 0.], Predicted: [1. 0. 0. 0. 0. 0. 0.]
2024-10-23 20:50:06,034 - INFO - Sample 1405: True: [0. 0. 1. 0. 0. 0. 0.], Predicted: [0. 0. 1. 0. 0. 0. 0.]
2024-10-23 20:50:06,034 - INFO - Sample 1406: True: [0. 1. 0. 0. 0. 0. 0.], Predicted: [1. 0. 0. 0. 0. 0. 0.]
2024-10-23 20:50:06,034 - INFO - Sample 1407: True: [0. 0. 0. 0. 1. 0. 0.], Predicted: [0. 0. 0. 0. 1. 0. 0.]
2024-10-23 20:50:06,034 - INFO - Sample 1408: True: [0. 0. 1. 0. 0. 0. 0.], Predicted: [0. 0. 1. 0. 0. 0. 0.]
2024-10-23 20:50:06,427 - INFO - Sample 1409: True: [0. 1. 0. 0. 0. 0. 0.], Predicted: [0. 1. 0. 0. 0. 0. 0.]
2024-10-23 20:50:06,427 - INFO - Sample 1410: True: [0. 1. 0. 0. 0. 0. 0.], Predicted: [0. 1. 0. 0. 0. 0. 0.]
2024-10-23 20:50:06,428 - INFO - Sample 1411: True: [0. 1. 0. 0. 0. 0. 0.], Predicted: [1. 0. 0. 0. 0. 0. 0.]
2024-10-23 20:50:06,428 - INFO - Sample 1412: True: [1. 0. 0. 0. 0. 0. 0.], Predicted: [0. 1. 0. 0. 0. 0. 0.]
2024-10-23 20:50:06,428 - INFO - Sample 1413: True: [0. 1. 0. 0. 0. 0. 0.], Predicted: [0. 1. 0. 0. 0. 0. 0.]
2024-10-23 20:50:06,428 - INFO - Sample 1414: True: [0. 1. 0. 0. 0. 0. 0.], Predicted: [0. 1. 0. 0. 0. 0. 0.]
2024-10-23 20:50:06,428 - INFO - Sample 1415: True: [0. 1. 0. 0. 0. 0. 0.], Predicted: [0. 1. 0. 0. 0. 0. 0.]
2024-10-23 20:50:06,429 - INFO - Sample 1416: True: [1. 0. 0. 0. 0. 0. 0.], Predicted: [0. 0. 0. 0. 1. 0. 0.]
2024-10-23 20:50:06,429 - INFO - Sample 1417: True: [0. 1. 0. 0. 0. 0. 0.], Predicted: [0. 1. 0. 0. 0. 0. 0.]
2024-10-23 20:50:06,429 - INFO - Sample 1418: True: [0. 1. 0. 0. 0. 0. 0.], Predicted: [0. 1. 0. 0. 0. 0. 0.]
2024-10-23 20:50:06,429 - INFO - Sample 1419: True: [0. 1. 0. 0. 0. 0. 0.], Predicted: [0. 1. 0. 0. 0. 0. 0.]
2024-10-23 20:50:06,429 - INFO - Sample 1420: True: [0. 1. 0. 0. 0. 0. 0.], Predicted: [0. 1. 0. 0. 0. 0. 0.]
2024-10-23 20:50:06,430 - INFO - Sample 1421: True: [0. 1. 0. 0. 0. 0. 0.], Predicted: [0. 1. 0. 0. 0. 0. 0.]
2024-10-23 20:50:06,430 - INFO - Sample 1422: True: [0. 1. 0. 0. 0. 0. 0.], Predicted: [0. 1. 0. 0. 0. 0. 0.]
2024-10-23 20:50:06,430 - INFO - Sample 1423: True: [0. 1. 0. 0. 0. 0. 0.], Predicted: [0. 1. 0. 0. 0. 0. 0.]
2024-10-23 20:50:06,430 - INFO - Sample 1424: True: [0. 0. 1. 0. 0. 0. 0.], Predicted: [0. 0. 0. 0. 1. 0. 0.]
2024-10-23 20:50:06,430 - INFO - Sample 1425: True: [0. 0. 1. 0. 0. 0. 0.], Predicted: [0. 0. 1. 0. 0. 0. 0.]
2024-10-23 20:50:06,430 - INFO - Sample 1426: True: [0. 1. 0. 0. 0. 0. 0.], Predicted: [0. 1. 0. 0. 0. 0. 0.]
2024-10-23 20:50:06,431 - INFO - Sample 1427: True: [0. 1. 0. 0. 0. 0. 0.], Predicted: [0. 1. 0. 0. 0. 0. 0.]
2024-10-23 20:50:06,431 - INFO - Sample 1428: True: [0. 1. 0. 0. 0. 0. 0.], Predicted: [0. 0. 0. 0. 0. 0. 0.]
2024-10-23 20:50:06,431 - INFO - Sample 1429: True: [0. 1. 0. 0. 0. 0. 0.], Predicted: [0. 1. 0. 0. 0. 0. 0.]
2024-10-23 20:50:06,431 - INFO - Sample 1430: True: [0. 0. 0. 0. 0. 1. 0.], Predicted: [0. 0. 0. 0. 0. 1. 0.]
2024-10-23 20:50:06,431 - INFO - Sample 1431: True: [0. 1. 0. 0. 0. 0. 0.], Predicted: [0. 1. 0. 0. 0. 0. 0.]
2024-10-23 20:50:06,431 - INFO - Sample 1432: True: [0. 1. 0. 0. 0. 0. 0.], Predicted: [1. 0. 0. 0. 0. 0. 0.]
2024-10-23 20:50:06,432 - INFO - Sample 1433: True: [0. 1. 0. 0. 0. 0. 0.], Predicted: [0. 1. 0. 0. 0. 0. 0.]
2024-10-23 20:50:06,432 - INFO - Sample 1434: True: [1. 0. 0. 0. 0. 0. 0.], Predicted: [1. 0. 0. 0. 0. 0. 0.]
2024-10-23 20:50:06,432 - INFO - Sample 1435: True: [0. 1. 0. 0. 0. 0. 0.], Predicted: [0. 1. 0. 0. 0. 0. 0.]
2024-10-23 20:50:06,432 - INFO - Sample 1436: True: [0. 1. 0. 0. 0. 0. 0.], Predicted: [0. 1. 0. 0. 1. 0. 0.]
2024-10-23 20:50:06,432 - INFO - Sample 1437: True: [0. 1. 0. 0. 0. 0. 0.], Predicted: [0. 1. 0. 0. 0. 0. 0.]
2024-10-23 20:50:06,433 - INFO - Sample 1438: True: [0. 1. 0. 0. 0. 0. 0.], Predicted: [0. 1. 0. 0. 0. 0. 0.]
2024-10-23 20:50:06,433 - INFO - Sample 1439: True: [0. 1. 0. 0. 0. 0. 0.], Predicted: [0. 1. 0. 0. 0. 0. 0.]
2024-10-23 20:50:06,433 - INFO - Sample 1440: True: [1. 0. 0. 0. 0. 0. 0.], Predicted: [0. 1. 0. 0. 1. 0. 0.]
2024-10-23 20:50:06,829 - INFO - Sample 1441: True: [0. 0. 0. 0. 1. 0. 0.], Predicted: [0. 0. 0. 0. 1. 0. 0.]
2024-10-23 20:50:06,829 - INFO - Sample 1442: True: [0. 1. 0. 0. 0. 0. 0.], Predicted: [0. 1. 0. 0. 0. 0. 0.]
2024-10-23 20:50:06,829 - INFO - Sample 1443: True: [0. 1. 0. 0. 0. 0. 0.], Predicted: [0. 1. 0. 0. 0. 0. 0.]
2024-10-23 20:50:06,829 - INFO - Sample 1444: True: [0. 0. 0. 0. 1. 0. 0.], Predicted: [0. 0. 0. 0. 1. 0. 0.]
2024-10-23 20:50:06,830 - INFO - Sample 1445: True: [1. 0. 0. 0. 0. 0. 0.], Predicted: [1. 0. 0. 0. 0. 0. 0.]
2024-10-23 20:50:06,830 - INFO - Sample 1446: True: [0. 1. 0. 0. 0. 0. 0.], Predicted: [0. 1. 0. 0. 0. 0. 0.]
2024-10-23 20:50:06,830 - INFO - Sample 1447: True: [0. 1. 0. 0. 0. 0. 0.], Predicted: [0. 1. 0. 0. 0. 0. 0.]
2024-10-23 20:50:06,830 - INFO - Sample 1448: True: [0. 0. 0. 0. 0. 0. 1.], Predicted: [0. 1. 0. 0. 0. 0. 0.]
2024-10-23 20:50:06,830 - INFO - Sample 1449: True: [0. 1. 0. 0. 0. 0. 0.], Predicted: [0. 1. 0. 0. 0. 0. 0.]
2024-10-23 20:50:06,830 - INFO - Sample 1450: True: [0. 0. 1. 0. 0. 0. 0.], Predicted: [0. 0. 1. 0. 0. 0. 0.]
2024-10-23 20:50:06,831 - INFO - Sample 1451: True: [0. 0. 0. 0. 1. 0. 0.], Predicted: [0. 0. 0. 0. 1. 0. 0.]
2024-10-23 20:50:06,831 - INFO - Sample 1452: True: [0. 0. 1. 0. 0. 0. 0.], Predicted: [0. 0. 0. 0. 0. 0. 0.]
2024-10-23 20:50:06,831 - INFO - Sample 1453: True: [1. 0. 0. 0. 0. 0. 0.], Predicted: [0. 1. 0. 0. 0. 0. 0.]
2024-10-23 20:50:06,831 - INFO - Sample 1454: True: [0. 0. 1. 0. 0. 0. 0.], Predicted: [0. 0. 0. 0. 0. 0. 0.]
2024-10-23 20:50:06,831 - INFO - Sample 1455: True: [0. 0. 0. 0. 0. 1. 0.], Predicted: [0. 0. 0. 0. 0. 1. 0.]
2024-10-23 20:50:06,831 - INFO - Sample 1456: True: [0. 0. 0. 0. 1. 0. 0.], Predicted: [0. 0. 0. 0. 0. 0. 0.]
2024-10-23 20:50:06,832 - INFO - Sample 1457: True: [0. 0. 1. 0. 0. 0. 0.], Predicted: [0. 0. 0. 0. 0. 0. 0.]
2024-10-23 20:50:06,832 - INFO - Sample 1458: True: [0. 1. 0. 0. 0. 0. 0.], Predicted: [0. 1. 0. 0. 0. 0. 0.]
2024-10-23 20:50:06,832 - INFO - Sample 1459: True: [0. 0. 1. 0. 0. 0. 0.], Predicted: [0. 0. 1. 0. 0. 0. 0.]
2024-10-23 20:50:06,832 - INFO - Sample 1460: True: [1. 0. 0. 0. 0. 0. 0.], Predicted: [1. 0. 0. 0. 0. 0. 0.]
2024-10-23 20:50:06,832 - INFO - Sample 1461: True: [0. 1. 0. 0. 0. 0. 0.], Predicted: [0. 1. 0. 0. 0. 0. 0.]
2024-10-23 20:50:06,832 - INFO - Sample 1462: True: [0. 1. 0. 0. 0. 0. 0.], Predicted: [0. 1. 0. 0. 0. 0. 0.]
2024-10-23 20:50:06,833 - INFO - Sample 1463: True: [0. 0. 0. 0. 1. 0. 0.], Predicted: [0. 0. 0. 0. 1. 0. 0.]
2024-10-23 20:50:06,833 - INFO - Sample 1464: True: [0. 0. 1. 0. 0. 0. 0.], Predicted: [0. 0. 1. 0. 0. 0. 0.]
2024-10-23 20:50:06,833 - INFO - Sample 1465: True: [0. 1. 0. 0. 0. 0. 0.], Predicted: [0. 0. 0. 0. 1. 0. 0.]
2024-10-23 20:50:06,833 - INFO - Sample 1466: True: [0. 0. 0. 0. 0. 1. 0.], Predicted: [0. 0. 0. 0. 0. 0. 0.]
2024-10-23 20:50:06,833 - INFO - Sample 1467: True: [0. 0. 0. 0. 1. 0. 0.], Predicted: [0. 0. 0. 0. 1. 0. 0.]
2024-10-23 20:50:06,834 - INFO - Sample 1468: True: [0. 1. 0. 0. 0. 0. 0.], Predicted: [0. 1. 0. 0. 0. 0. 0.]
2024-10-23 20:50:06,834 - INFO - Sample 1469: True: [0. 0. 0. 0. 1. 0. 0.], Predicted: [0. 1. 0. 0. 0. 0. 0.]
2024-10-23 20:50:06,834 - INFO - Sample 1470: True: [0. 0. 1. 0. 0. 0. 0.], Predicted: [0. 0. 0. 0. 1. 0. 0.]
2024-10-23 20:50:06,834 - INFO - Sample 1471: True: [0. 0. 0. 0. 1. 0. 0.], Predicted: [0. 0. 0. 0. 0. 0. 0.]
2024-10-23 20:50:06,834 - INFO - Sample 1472: True: [0. 1. 0. 0. 0. 0. 0.], Predicted: [0. 1. 0. 0. 0. 0. 0.]
2024-10-23 20:50:07,230 - INFO - Sample 1473: True: [0. 0. 0. 0. 1. 0. 0.], Predicted: [1. 0. 0. 0. 1. 0. 0.]
2024-10-23 20:50:07,230 - INFO - Sample 1474: True: [1. 0. 0. 0. 0. 0. 0.], Predicted: [1. 0. 0. 0. 0. 0. 0.]
2024-10-23 20:50:07,231 - INFO - Sample 1475: True: [0. 1. 0. 0. 0. 0. 0.], Predicted: [0. 1. 0. 0. 0. 0. 0.]
2024-10-23 20:50:07,231 - INFO - Sample 1476: True: [0. 1. 0. 0. 0. 0. 0.], Predicted: [0. 1. 0. 0. 0. 0. 0.]
2024-10-23 20:50:07,231 - INFO - Sample 1477: True: [1. 0. 0. 0. 0. 0. 0.], Predicted: [0. 0. 0. 0. 0. 0. 0.]
2024-10-23 20:50:07,231 - INFO - Sample 1478: True: [0. 1. 0. 0. 0. 0. 0.], Predicted: [0. 1. 0. 0. 0. 0. 0.]
2024-10-23 20:50:07,231 - INFO - Sample 1479: True: [0. 0. 1. 0. 0. 0. 0.], Predicted: [1. 0. 0. 0. 0. 0. 0.]
2024-10-23 20:50:07,231 - INFO - Sample 1480: True: [0. 0. 0. 0. 1. 0. 0.], Predicted: [1. 0. 0. 0. 0. 0. 0.]
2024-10-23 20:50:07,232 - INFO - Sample 1481: True: [0. 1. 0. 0. 0. 0. 0.], Predicted: [0. 1. 0. 0. 0. 0. 0.]
2024-10-23 20:50:07,232 - INFO - Sample 1482: True: [1. 0. 0. 0. 0. 0. 0.], Predicted: [0. 1. 0. 0. 0. 0. 0.]
2024-10-23 20:50:07,232 - INFO - Sample 1483: True: [0. 0. 1. 0. 0. 0. 0.], Predicted: [0. 0. 0. 0. 0. 0. 0.]
2024-10-23 20:50:07,232 - INFO - Sample 1484: True: [0. 1. 0. 0. 0. 0. 0.], Predicted: [0. 0. 0. 0. 1. 0. 0.]
2024-10-23 20:50:07,232 - INFO - Sample 1485: True: [0. 1. 0. 0. 0. 0. 0.], Predicted: [0. 1. 0. 0. 0. 0. 0.]
2024-10-23 20:50:07,233 - INFO - Sample 1486: True: [0. 1. 0. 0. 0. 0. 0.], Predicted: [0. 1. 0. 0. 0. 0. 0.]
2024-10-23 20:50:07,233 - INFO - Sample 1487: True: [0. 1. 0. 0. 0. 0. 0.], Predicted: [0. 0. 0. 0. 1. 0. 0.]
2024-10-23 20:50:07,233 - INFO - Sample 1488: True: [0. 1. 0. 0. 0. 0. 0.], Predicted: [0. 1. 0. 0. 0. 0. 0.]
2024-10-23 20:50:07,233 - INFO - Sample 1489: True: [0. 1. 0. 0. 0. 0. 0.], Predicted: [0. 1. 0. 0. 0. 0. 0.]
2024-10-23 20:50:07,233 - INFO - Sample 1490: True: [0. 1. 0. 0. 0. 0. 0.], Predicted: [0. 1. 0. 0. 0. 0. 0.]
2024-10-23 20:50:07,233 - INFO - Sample 1491: True: [0. 0. 0. 0. 1. 0. 0.], Predicted: [1. 0. 0. 0. 1. 0. 0.]
2024-10-23 20:50:07,234 - INFO - Sample 1492: True: [0. 1. 0. 0. 0. 0. 0.], Predicted: [0. 1. 0. 0. 0. 0. 0.]
2024-10-23 20:50:07,234 - INFO - Sample 1493: True: [0. 1. 0. 0. 0. 0. 0.], Predicted: [0. 1. 0. 0. 0. 0. 0.]
2024-10-23 20:50:07,234 - INFO - Sample 1494: True: [0. 1. 0. 0. 0. 0. 0.], Predicted: [0. 1. 0. 0. 0. 0. 0.]
2024-10-23 20:50:07,234 - INFO - Sample 1495: True: [0. 1. 0. 0. 0. 0. 0.], Predicted: [0. 1. 0. 0. 0. 0. 0.]
2024-10-23 20:50:07,234 - INFO - Sample 1496: True: [0. 1. 0. 0. 0. 0. 0.], Predicted: [0. 1. 0. 0. 0. 0. 0.]
2024-10-23 20:50:07,234 - INFO - Sample 1497: True: [0. 1. 0. 0. 0. 0. 0.], Predicted: [0. 1. 0. 0. 0. 0. 0.]
2024-10-23 20:50:07,235 - INFO - Sample 1498: True: [0. 0. 0. 0. 1. 0. 0.], Predicted: [0. 0. 0. 0. 0. 0. 0.]
2024-10-23 20:50:07,235 - INFO - Sample 1499: True: [1. 0. 0. 0. 0. 0. 0.], Predicted: [1. 0. 0. 0. 0. 0. 0.]
2024-10-23 20:50:07,235 - INFO - Sample 1500: True: [0. 1. 0. 0. 0. 0. 0.], Predicted: [0. 1. 0. 0. 0. 0. 0.]
2024-10-23 20:50:07,235 - INFO - Sample 1501: True: [0. 0. 0. 0. 1. 0. 0.], Predicted: [0. 0. 0. 0. 1. 0. 0.]
2024-10-23 20:50:07,235 - INFO - Sample 1502: True: [0. 1. 0. 0. 0. 0. 0.], Predicted: [0. 1. 0. 0. 0. 0. 0.]
2024-10-23 20:50:07,235 - INFO - Sample 1503: True: [0. 1. 0. 0. 0. 0. 0.], Predicted: [0. 1. 0. 0. 0. 0. 0.]
2024-10-23 20:50:07,236 - INFO - Sample 1504: True: [1. 0. 0. 0. 0. 0. 0.], Predicted: [0. 0. 0. 0. 0. 0. 0.]
2024-10-23 20:50:07,354 - INFO - Sample 1505: True: [1. 0. 0. 0. 0. 0. 0.], Predicted: [0. 1. 0. 0. 0. 0. 0.]
2024-10-23 20:50:07,355 - INFO - Sample 1506: True: [0. 1. 0. 0. 0. 0. 0.], Predicted: [0. 1. 0. 0. 0. 0. 0.]
2024-10-23 20:50:07,355 - INFO - Sample 1507: True: [0. 1. 0. 0. 0. 0. 0.], Predicted: [0. 1. 0. 0. 0. 0. 0.]
2024-10-23 20:50:07,355 - INFO - Sample 1508: True: [0. 0. 0. 0. 1. 0. 0.], Predicted: [0. 0. 0. 0. 1. 0. 0.]
2024-10-23 20:50:07,355 - INFO - Sample 1509: True: [0. 1. 0. 0. 0. 0. 0.], Predicted: [0. 1. 0. 0. 0. 0. 0.]
2024-10-23 20:50:07,356 - INFO - Sample 1510: True: [0. 0. 0. 1. 0. 0. 0.], Predicted: [1. 0. 0. 0. 0. 0. 0.]
2024-10-23 20:50:07,356 - INFO - Sample 1511: True: [0. 0. 0. 0. 1. 0. 0.], Predicted: [0. 0. 0. 0. 1. 0. 0.]
2024-10-23 20:50:07,356 - INFO - Sample 1512: True: [0. 0. 1. 0. 0. 0. 0.], Predicted: [0. 0. 0. 0. 0. 0. 0.]
2024-10-23 20:50:07,362 - INFO - Test Accuracy: 74.60%
2024-10-23 20:50:07,362 - INFO - Classification Report:
              precision    recall  f1-score   support

         MEL       0.67      0.50      0.57       171
          NV       0.88      0.91      0.90       909
         BCC       0.81      0.55      0.65        93
       AKIEC       0.71      0.47      0.56        43
         BKL       0.68      0.63      0.66       217
          DF       0.92      0.27      0.42        44
        VASC       0.89      0.49      0.63        35

   micro avg       0.83      0.76      0.79      1512
   macro avg       0.80      0.54      0.63      1512
weighted avg       0.82      0.76      0.78      1512
 samples avg       0.75      0.76      0.76      1512

2024-10-23 20:50:07,363 - INFO - Testing completed. Results have been logged.
